01-18 12:57:39.212 E/ActivityManager(  552): 	at com.android.server.am.ActivityManagerService.broadcastIntent(ActivityManagerService.java:18795)
01-18 12:57:39.212 E/ActivityManager(  552): 	at android.app.ActivityManagerNative.onTransact(ActivityManagerNative.java:499)
01-18 12:57:39.212 E/ActivityManager(  552): 	at com.android.server.am.ActivityManagerService.onTransact(ActivityManagerService.java:2909)
01-18 12:57:39.212 E/ActivityManager(  552): 	at android.os.Binder.execTransact(Binder.java:565)
01-18 12:57:39.275 I/bt_hci  ( 1465): BLE HCI(id=62) event = 0x02)
01-18 12:57:39.275 I/bt_hci  ( 1465): btu_ble_process_adv_pkt
01-18 12:57:39.275 I/bt_btm  ( 1465): btm_identity_addr_to_random_pseudo
01-18 12:57:39.275 D/bt_btm  ( 1465): btm_ble_process_adv_pkt:bda= 7c:b1:5d:5:33:76
01-18 12:57:39.275 I/bt_btm  ( 1465): btm_ble_resolve_random_addr
01-18 12:57:39.275 I/bt_btm  ( 1465): btm_ble_resolve_random_addr:  not resolved
01-18 12:57:39.275 I/bt_btm  ( 1465): btm_ble_resolve_random_addr_on_adv 
01-18 12:57:39.275 D/bt_btm  ( 1465): LE device already in database
01-18 12:57:39.275 I/bt_btm  ( 1465): BTM_CheckAdvData: type=0x01
01-18 12:57:39.275 I/bt_btm  ( 1465): BTM_CheckAdvData: type=0x19
01-18 12:57:39.275 I/bt_btm  ( 1465): BTM_CheckAdvData: type=0x03
01-18 12:57:39.275 D/bt_btm  ( 1465): BR/EDR NOT SUPPORT bit set, LE only device
01-18 12:57:39.275 I/bt_btm  ( 1465): BTM_CheckAdvData: type=0x01
01-18 12:57:39.275 D/bt_btm  ( 1465): Find Generable Discoverable device
01-18 12:57:39.275 I/bt_btm  ( 1465): BTM_InqDbRead: bd addr [7cb15d053376]
01-18 12:57:39.275 D/bt_btif ( 1465): bte_search_devices_evt event=BTA_DM_INQ_RES_EVT param_len=524
01-18 12:57:39.275 I/bt_btm  ( 1465): BTM_CheckEirData type=0x09
01-18 12:57:39.275 I/bt_btm  ( 1465): BTM_CheckEirData type=0x08
01-18 12:57:39.275 D/bt_btif ( 1465): btif_transfer_context event 0, len 524
01-18 12:57:39.275 D/bt_btif ( 1465): search_devices_copy_cb: event=BTA_DM_INQ_RES_EVT
01-18 12:57:39.275 D/bt_btif ( 1465): btif task fetched event a001
01-18 12:57:39.275 D/bt_btif ( 1465): btif_context_switched
01-18 12:57:39.276 I/bt_btif ( 1465): btif_dm_search_devices_evt event=BTA_DM_INQ_RES_EVT
01-18 12:57:39.276 D/bt_btif ( 1465): btif_dm_search_devices_evt() 7c:b1:5d:05:33:76 device_type = 0x2
01-18 12:57:39.276 D/bt_btif_dm( 1465): btif_dm_search_devices_evt cod is 0, set as unclassified
01-18 12:57:39.276 I/bt_btm  ( 1465): BTM_CheckEirData type=0x09
01-18 12:57:39.276 I/bt_btm  ( 1465): BTM_CheckEirData type=0x08
01-18 12:57:39.276 D/bt_btif ( 1465): in, bd addr:7c:b1:5d:05:33:76, prop type:1, len:249
01-18 12:57:39.276 I/bt_btm  ( 1465): BTM_CheckEirData type=0x03
01-18 12:57:39.276 D/bt_btm  ( 1465): BTM_GetEirUuidList type = 03, number of uuid = 1
01-18 12:57:39.276 D/bt_btm  ( 1465):                      0xFEE7
01-18 12:57:39.276 D/bt_btif ( 1465): btif_dm_search_devices_evt()EIR BTA services = 00000000
01-18 12:57:39.276 I/bt_btm  ( 1465): BTM_CheckEirData type=0xFF
01-18 12:57:39.276 D/bt_btif ( 1465): btif_dm_search_devices_evt manufacturer = 0x027d
01-18 12:57:39.276 D/bt_btif_config( 1465): btif_get_device_type: Device [7c:b1:5d:05:33:76] type 2
01-18 12:57:39.276 D/bt_btif ( 1465): in, bd addr:7c:b1:5d:05:33:76, prop type:255, len:6
01-18 12:57:39.276 D/bt_btif ( 1465): btif_in_fetch_bonded_ble_device Found a LE device: 7c:b1:5d:05:33:76
01-18 12:57:39.276 D/bt_btif ( 1465): Remote device:7c:b1:5d:05:33:76, no link key or ble key found
01-18 12:57:39.276 D/bt_btif ( 1465): in, bd addr:7c:b1:5d:05:33:76, prop type:1, len:14
01-18 12:57:39.276 D/bt_btif ( 1465): btif_in_fetch_bonded_ble_device Found a LE device: 7c:b1:5d:05:33:76
01-18 12:57:39.276 D/bt_btif ( 1465): Remote device:7c:b1:5d:05:33:76, no link key or ble key found
01-18 12:57:39.276 D/bt_btif ( 1465): in, bd addr:7c:b1:5d:05:33:76, prop type:4, len:4
01-18 12:57:39.276 D/bt_btif ( 1465): btif_in_fetch_bonded_ble_device Found a LE device: 7c:b1:5d:05:33:76
01-18 12:57:39.277 D/bt_btif ( 1465): Remote device:7c:b1:5d:05:33:76, no link key or ble key found
01-18 12:57:39.277 D/bt_btif ( 1465): in, bd addr:7c:b1:5d:05:33:76, prop type:5, len:4
01-18 12:57:39.277 D/bt_btif ( 1465): btif_in_fetch_bonded_ble_device Found a LE device: 7c:b1:5d:05:33:76
01-18 12:57:39.277 D/bt_btif ( 1465): Remote device:7c:b1:5d:05:33:76, no link key or ble key found
01-18 12:57:39.277 D/bt_btif ( 1465): in, bd addr:7c:b1:5d:05:33:76, prop type:12, len:12
01-18 12:57:39.277 D/bt_btif ( 1465): btif_in_fetch_bonded_ble_device Found a LE device: 7c:b1:5d:05:33:76
01-18 12:57:39.277 D/bt_btif ( 1465): Remote device:7c:b1:5d:05:33:76, no link key or ble key found
01-18 12:57:39.277 I/bt_btif ( 1465): HAL bt_hal_cbacks->device_found_cb
01-18 12:57:39.281 I/bt_hci  ( 1465): BLE HCI(id=62) event = 0x02)
01-18 12:57:39.282 I/bt_hci  ( 1465): btu_ble_process_adv_pkt
01-18 12:57:39.282 I/bt_btm  ( 1465): btm_identity_addr_to_random_pseudo
01-18 12:57:39.282 D/bt_btm  ( 1465): btm_ble_process_adv_pkt:bda= 7c:b1:5d:5:33:76
01-18 12:57:39.282 I/bt_btm  ( 1465): btm_ble_resolve_random_addr
01-18 12:57:39.282 I/bt_btm  ( 1465): btm_ble_resolve_random_addr:  not resolved
01-18 12:57:39.282 I/bt_btm  ( 1465): btm_ble_resolve_random_addr_on_adv 
01-18 12:57:39.282 D/bt_btm  ( 1465): LE device already in database
01-18 12:57:39.282 I/bt_btm  ( 1465): BTM_CheckAdvData: type=0x01
01-18 12:57:39.282 I/bt_btm  ( 1465): BTM_CheckAdvData: type=0x19
01-18 12:57:39.282 I/bt_btm  ( 1465): BTM_CheckAdvData: type=0x03
01-18 12:57:39.282 D/bt_btm  ( 1465): BR/EDR NOT SUPPORT bit set, LE only device
01-18 12:57:39.282 I/bt_btm  ( 1465): BTM_CheckAdvData: type=0x01
01-18 12:57:39.282 D/bt_btm  ( 1465): Find Generable Discoverable device
01-18 12:57:39.282 I/bt_btm  ( 1465): BTM_InqDbRead: bd addr [7cb15d053376]
01-18 12:57:39.282 D/bt_btif ( 1465): bte_search_devices_evt event=BTA_DM_INQ_RES_EVT param_len=524
01-18 12:57:39.282 I/bt_btm  ( 1465): BTM_CheckEirData type=0x09
01-18 12:57:39.282 D/bt_btif ( 1465): btif_transfer_context event 0, len 524
01-18 12:57:39.282 D/bt_btif ( 1465): search_devices_copy_cb: event=BTA_DM_INQ_RES_EVT
01-18 12:57:39.292 E/ActivityManager(  552): Sending non-protected broadcast rk.bluetooth.device.action.FOUND from system 1465:com.android.bluetooth/1002 pkg com.android.bluetooth
01-18 12:57:39.292 E/ActivityManager(  552): java.lang.Throwable
01-18 12:57:39.292 E/ActivityManager(  552): 	at com.android.server.am.ActivityManagerService.checkBroadcastFromSystem(ActivityManagerService.java:18132)
01-18 12:57:39.292 E/ActivityManager(  552): 	at com.android.server.am.ActivityManagerService.broadcastIntentLocked(ActivityManagerService.java:18704)
01-18 12:57:39.292 E/ActivityManager(  552): 	at com.android.server.am.ActivityManagerService.broadcastIntent(ActivityManagerService.java:18795)
01-18 12:57:39.292 E/ActivityManager(  552): 	at android.app.ActivityManagerNative.onTransact(ActivityManagerNative.java:499)
01-18 12:57:39.292 E/ActivityManager(  552): 	at com.android.server.am.ActivityManagerService.onTransact(ActivityManagerService.java:2909)
01-18 12:57:39.292 E/ActivityManager(  552): 	at android.os.Binder.execTransact(Binder.java:565)
01-18 12:57:39.294 D/bt_btif ( 1465): btif task fetched event a001
01-18 12:57:39.294 D/bt_btif ( 1465): btif_context_switched
01-18 12:57:39.294 I/bt_btif ( 1465): btif_dm_search_devices_evt event=BTA_DM_INQ_RES_EVT
01-18 12:57:39.294 D/bt_btif ( 1465): btif_dm_search_devices_evt() 7c:b1:5d:05:33:76 device_type = 0x2
01-18 12:57:39.294 D/bt_btif_dm( 1465): btif_dm_search_devices_evt cod is 0, set as unclassified
01-18 12:57:39.294 I/bt_btm  ( 1465): BTM_CheckEirData type=0x09
01-18 12:57:39.294 I/bt_btm  ( 1465): BTM_CheckEirData type=0x03
01-18 12:57:39.294 D/bt_btm  ( 1465): BTM_GetEirUuidList type = 03, number of uuid = 1
01-18 12:57:39.294 D/bt_btm  ( 1465):                      0xFEE7
01-18 12:57:39.294 D/bt_btif ( 1465): btif_dm_search_devices_evt()EIR BTA services = 00000000
01-18 12:57:39.294 I/bt_btm  ( 1465): BTM_CheckEirData type=0xFF
01-18 12:57:39.295 D/bt_btif ( 1465): btif_dm_search_devices_evt manufacturer = 0x027d
01-18 12:57:39.295 D/bt_btif_config( 1465): btif_get_device_type: Device [7c:b1:5d:05:33:76] type 2
01-18 12:57:39.295 D/bt_btif ( 1465): in, bd addr:7c:b1:5d:05:33:76, prop type:255, len:6
01-18 12:57:39.295 D/bt_btif ( 1465): btif_in_fetch_bonded_ble_device Found a LE device: 7c:b1:5d:05:33:76
01-18 12:57:39.295 D/bt_btif ( 1465): Remote device:7c:b1:5d:05:33:76, no link key or ble key found
01-18 12:57:39.295 D/bt_btif ( 1465): in, bd addr:7c:b1:5d:05:33:76, prop type:1, len:14
01-18 12:57:39.295 D/bt_btif ( 1465): btif_in_fetch_bonded_ble_device Found a LE device: 7c:b1:5d:05:33:76
01-18 12:57:39.295 D/bt_btif ( 1465): Remote device:7c:b1:5d:05:33:76, no link key or ble key found
01-18 12:57:39.295 D/bt_btif ( 1465): in, bd addr:7c:b1:5d:05:33:76, prop type:4, len:4
01-18 12:57:39.295 D/bt_btif ( 1465): btif_in_fetch_bonded_ble_device Found a LE device: 7c:b1:5d:05:33:76
01-18 12:57:39.295 D/bt_btif ( 1465): Remote device:7c:b1:5d:05:33:76, no link key or ble key found
01-18 12:57:39.295 D/bt_btif ( 1465): in, bd addr:7c:b1:5d:05:33:76, prop type:5, len:4
01-18 12:57:39.295 D/bt_btif ( 1465): btif_in_fetch_bonded_ble_device Found a LE device: 7c:b1:5d:05:33:76
01-18 12:57:39.295 D/bt_btif ( 1465): Remote device:7c:b1:5d:05:33:76, no link key or ble key found
01-18 12:57:39.295 D/bt_btif ( 1465): in, bd addr:7c:b1:5d:05:33:76, prop type:12, len:12
01-18 12:57:39.296 D/bt_btif ( 1465): btif_in_fetch_bonded_ble_device Found a LE device: 7c:b1:5d:05:33:76
01-18 12:57:39.296 D/bt_btif ( 1465): Remote device:7c:b1:5d:05:33:76, no link key or ble key found
01-18 12:57:39.296 I/bt_btif ( 1465): HAL bt_hal_cbacks->device_found_cb
01-18 12:57:39.311 E/ActivityManager(  552): Sending non-protected broadcast rk.bluetooth.device.action.FOUND from system 1465:com.android.bluetooth/1002 pkg com.android.bluetooth
01-18 12:57:39.311 E/ActivityManager(  552): java.lang.Throwable
01-18 12:57:39.311 E/ActivityManager(  552): 	at com.android.server.am.ActivityManagerService.checkBroadcastFromSystem(ActivityManagerService.java:18132)
01-18 12:57:39.311 E/ActivityManager(  552): 	at com.android.server.am.ActivityManagerService.broadcastIntentLocked(ActivityManagerService.java:18704)
01-18 12:57:39.311 E/ActivityManager(  552): 	at com.android.server.am.ActivityManagerService.broadcastIntent(ActivityManagerService.java:18795)
01-18 12:57:39.311 E/ActivityManager(  552): 	at android.app.ActivityManagerNative.onTransact(ActivityManagerNative.java:499)
01-18 12:57:39.311 E/ActivityManager(  552): 	at com.android.server.am.ActivityManagerService.onTransact(ActivityManagerService.java:2909)
01-18 12:57:39.311 E/ActivityManager(  552): 	at android.os.Binder.execTransact(Binder.java:565)
01-18 12:57:39.486 I/bt_hci  ( 1465): BLE HCI(id=62) event = 0x02)
01-18 12:57:39.486 I/bt_hci  ( 1465): btu_ble_process_adv_pkt
01-18 12:57:39.486 I/bt_btm  ( 1465): btm_identity_addr_to_random_pseudo
01-18 12:57:39.486 D/bt_btm  ( 1465): btm_ble_process_adv_pkt:bda= 24:33:72:5b:65:66
01-18 12:57:39.486 D/bt_btm  ( 1465): LE device already in database
01-18 12:57:39.486 I/bt_btm  ( 1465): BTM_CheckAdvData: type=0x01
01-18 12:57:39.486 I/bt_btm  ( 1465): BTM_CheckAdvData: type=0x19
01-18 12:57:39.486 I/bt_btm  ( 1465): BTM_CheckAdvData: type=0x03
01-18 12:57:39.486 D/bt_btm  ( 1465): Random address, treating device as LE only
01-18 12:57:39.486 I/bt_btm  ( 1465): BTM_CheckAdvData: type=0x01
01-18 12:57:39.486 W/bt_btm_ble( 1465): btm_ble_process_adv_pkt_cont device is no longer discoverable so discarding advertising packet pkt
01-18 12:57:40.640 I/bt_hci  ( 1465): BLE HCI(id=62) event = 0x02)
01-18 12:57:40.640 I/bt_hci  ( 1465): btu_ble_process_adv_pkt
01-18 12:57:40.640 I/bt_btm  ( 1465): btm_identity_addr_to_random_pseudo
01-18 12:57:40.640 D/bt_btm  ( 1465): btm_ble_process_adv_pkt:bda= 24:33:72:5b:65:66
01-18 12:57:40.640 D/bt_btm  ( 1465): LE device already in database
01-18 12:57:40.640 I/bt_btm  ( 1465): BTM_CheckAdvData: type=0x01
01-18 12:57:40.640 I/bt_btm  ( 1465): BTM_CheckAdvData: type=0x19
01-18 12:57:40.640 I/bt_btm  ( 1465): BTM_CheckAdvData: type=0x03
01-18 12:57:40.640 D/bt_btm  ( 1465): Random address, treating device as LE only
01-18 12:57:40.640 I/bt_btm  ( 1465): BTM_CheckAdvData: type=0x01
01-18 12:57:40.640 W/bt_btm_ble( 1465): btm_ble_process_adv_pkt_cont device is no longer discoverable so discarding advertising packet pkt
01-18 12:57:40.685 I/bt_hci  ( 1465): BLE HCI(id=62) event = 0x02)
01-18 12:57:40.685 I/bt_hci  ( 1465): btu_ble_process_adv_pkt
01-18 12:57:40.685 I/bt_btm  ( 1465): btm_identity_addr_to_random_pseudo
01-18 12:57:40.685 D/bt_btm  ( 1465): btm_ble_process_adv_pkt:bda= 26:30:16:b2:1c:f8
01-18 12:57:40.685 D/bt_btm  ( 1465): LE device already in database
01-18 12:57:40.685 I/bt_btm  ( 1465): BTM_CheckAdvData: type=0x01
01-18 12:57:40.685 I/bt_btm  ( 1465): BTM_CheckAdvData: type=0x19
01-18 12:57:40.685 I/bt_btm  ( 1465): BTM_CheckAdvData: type=0x03
01-18 12:57:40.685 D/bt_btm  ( 1465): Random address, treating device as LE only
01-18 12:57:40.685 I/bt_btm  ( 1465): BTM_CheckAdvData: type=0x01
01-18 12:57:40.685 W/bt_btm_ble( 1465): btm_ble_process_adv_pkt_cont device is no longer discoverable so discarding advertising packet pkt
01-18 12:57:40.741 I/bt_hci  ( 1465): BLE HCI(id=62) event = 0x02)
01-18 12:57:40.741 I/bt_hci  ( 1465): btu_ble_process_adv_pkt
01-18 12:57:40.741 I/bt_btm  ( 1465): btm_identity_addr_to_random_pseudo
01-18 12:57:40.741 D/bt_btm  ( 1465): btm_ble_process_adv_pkt:bda= 24:33:72:5b:65:66
01-18 12:57:40.741 D/bt_btm  ( 1465): LE device already in database
01-18 12:57:40.741 I/bt_btm  ( 1465): BTM_CheckAdvData: type=0x01
01-18 12:57:40.741 I/bt_btm  ( 1465): BTM_CheckAdvData: type=0x19
01-18 12:57:40.741 I/bt_btm  ( 1465): BTM_CheckAdvData: type=0x03
01-18 12:57:40.741 D/bt_btm  ( 1465): Random address, treating device as LE only
01-18 12:57:40.741 I/bt_btm  ( 1465): BTM_CheckAdvData: type=0x01
01-18 12:57:40.741 W/bt_btm_ble( 1465): btm_ble_process_adv_pkt_cont device is no longer discoverable so discarding advertising packet pkt
01-18 12:57:40.789 I/bt_hci  ( 1465): BLE HCI(id=62) event = 0x02)
01-18 12:57:40.789 I/bt_hci  ( 1465): btu_ble_process_adv_pkt
01-18 12:57:40.789 I/bt_btm  ( 1465): btm_identity_addr_to_random_pseudo
01-18 12:57:40.789 D/bt_btm  ( 1465): btm_ble_process_adv_pkt:bda= 26:30:16:b2:1c:f8
01-18 12:57:40.789 D/bt_btm  ( 1465): LE device already in database
01-18 12:57:40.789 I/bt_btm  ( 1465): BTM_CheckAdvData: type=0x01
01-18 12:57:40.789 I/bt_btm  ( 1465): BTM_CheckAdvData: type=0x19
01-18 12:57:40.789 I/bt_btm  ( 1465): BTM_CheckAdvData: type=0x03
01-18 12:57:40.789 D/bt_btm  ( 1465): Random address, treating device as LE only
01-18 12:57:40.789 I/bt_btm  ( 1465): BTM_CheckAdvData: type=0x01
01-18 12:57:40.789 W/bt_btm_ble( 1465): btm_ble_process_adv_pkt_cont device is no longer discoverable so discarding advertising packet pkt
01-18 12:57:41.058 I/bt_hci  ( 1465): BLE HCI(id=62) event = 0x02)
01-18 12:57:41.058 I/bt_hci  ( 1465): btu_ble_process_adv_pkt
01-18 12:57:41.058 I/bt_btm  ( 1465): btm_identity_addr_to_random_pseudo
01-18 12:57:41.058 D/bt_btm  ( 1465): btm_ble_process_adv_pkt:bda= 24:33:72:5b:65:66
01-18 12:57:41.058 D/bt_btm  ( 1465): LE device already in database
01-18 12:57:41.058 I/bt_btm  ( 1465): BTM_CheckAdvData: type=0x01
01-18 12:57:41.058 I/bt_btm  ( 1465): BTM_CheckAdvData: type=0x19
01-18 12:57:41.058 I/bt_btm  ( 1465): BTM_CheckAdvData: type=0x03
01-18 12:57:41.058 D/bt_btm  ( 1465): Random address, treating device as LE only
01-18 12:57:41.058 I/bt_btm  ( 1465): BTM_CheckAdvData: type=0x01
01-18 12:57:41.058 W/bt_btm_ble( 1465): btm_ble_process_adv_pkt_cont device is no longer discoverable so discarding advertising packet pkt
01-18 12:57:41.688 I/bt_hci  ( 1465): BLE HCI(id=62) event = 0x02)
01-18 12:57:41.689 I/bt_hci  ( 1465): btu_ble_process_adv_pkt
01-18 12:57:41.689 I/bt_btm  ( 1465): btm_identity_addr_to_random_pseudo
01-18 12:57:41.689 D/bt_btm  ( 1465): btm_ble_process_adv_pkt:bda= 24:33:72:5b:65:66
01-18 12:57:41.689 D/bt_btm  ( 1465): LE device already in database
01-18 12:57:41.689 I/bt_btm  ( 1465): BTM_CheckAdvData: type=0x01
01-18 12:57:41.689 I/bt_btm  ( 1465): BTM_CheckAdvData: type=0x19
01-18 12:57:41.689 I/bt_btm  ( 1465): BTM_CheckAdvData: type=0x03
01-18 12:57:41.689 D/bt_btm  ( 1465): Random address, treating device as LE only
01-18 12:57:41.689 I/bt_btm  ( 1465): BTM_CheckAdvData: type=0x01
01-18 12:57:41.690 W/bt_btm_ble( 1465): btm_ble_process_adv_pkt_cont device is no longer discoverable so discarding advertising packet pkt
01-18 12:57:41.866 I/bt_btm  ( 1465): BTM_CheckEirData type=0x03
01-18 12:57:41.866 I/bt_btm  ( 1465): btm_set_eir_uuid eir_complete_list=0x01
01-18 12:57:41.866 I/bt_btm  ( 1465): BTM_CheckEirData type=0x05
01-18 12:57:41.866 I/bt_btm  ( 1465): BTM_CheckEirData type=0x07
01-18 12:57:41.866 I/bt_btm  ( 1465): BTM_InqDbRead: bd addr [acc1ee112ed4]
01-18 12:57:41.866 D/bt_btif ( 1465): bte_search_devices_evt event=BTA_DM_INQ_RES_EVT param_len=524
01-18 12:57:41.866 I/bt_btm  ( 1465): BTM_CheckEirData type=0x09
01-18 12:57:41.867 D/bt_btif ( 1465): btif_transfer_context event 0, len 524
01-18 12:57:41.867 D/bt_btif ( 1465): search_devices_copy_cb: event=BTA_DM_INQ_RES_EVT
01-18 12:57:41.867 D/bt_btif ( 1465): btif task fetched event a001
01-18 12:57:41.867 D/bt_btif ( 1465): btif_context_switched
01-18 12:57:41.867 I/bt_btif ( 1465): btif_dm_search_devices_evt event=BTA_DM_INQ_RES_EVT
01-18 12:57:41.867 D/bt_btif ( 1465): btif_dm_search_devices_evt() ac:c1:ee:11:2e:d4 device_type = 0x1
01-18 12:57:41.867 I/bt_btm  ( 1465): BTM_CheckEirData type=0x09
01-18 12:57:41.867 I/bt_btm  ( 1465): BTM_CheckEirData type=0x03
01-18 12:57:41.867 D/bt_btm  ( 1465): BTM_GetEirUuidList type = 03, number of uuid = 12
01-18 12:57:41.868 D/bt_btm  ( 1465):                      0x1105
01-18 12:57:41.868 D/bt_btm  ( 1465):                      0x110A
01-18 12:57:41.868 D/bt_btm  ( 1465):                      0x110C
01-18 12:57:41.868 D/bt_btm  ( 1465):                      0x110E
01-18 12:57:41.868 D/bt_btm  ( 1465):                      0x1112
01-18 12:57:41.868 D/bt_btm  ( 1465):                      0x1115
01-18 12:57:41.868 D/bt_btm  ( 1465):                      0x1116
01-18 12:57:41.868 D/bt_btm  ( 1465):                      0x111F
01-18 12:57:41.868 D/bt_btm  ( 1465):                      0x112D
01-18 12:57:41.868 D/bt_btm  ( 1465):                      0x112F
01-18 12:57:41.868 D/bt_btm  ( 1465):                      0x1200
01-18 12:57:41.868 D/bt_btm  ( 1465):                      0x1132
01-18 12:57:41.869 D/bt_btif ( 1465): btif_dm_search_devices_evt()EIR BTA services = 03CAC089
01-18 12:57:41.869 D/bt_btif ( 1465): in, bd addr:ac:c1:ee:11:2e:d4, prop type:255, len:6
01-18 12:57:41.869 D/bt_btif ( 1465): Remote device:ac:c1:ee:11:2e:d4, no link key or ble key found
01-18 12:57:41.869 D/bt_btif ( 1465): in, bd addr:ac:c1:ee:11:2e:d4, prop type:1, len:2
01-18 12:57:41.870 D/bt_btif ( 1465): Remote device:ac:c1:ee:11:2e:d4, no link key or ble key found
01-18 12:57:41.870 D/bt_btif ( 1465): in, bd addr:ac:c1:ee:11:2e:d4, prop type:4, len:4
01-18 12:57:41.870 D/bt_btif ( 1465): Remote device:ac:c1:ee:11:2e:d4, no link key or ble key found
01-18 12:57:41.870 D/bt_btif ( 1465): in, bd addr:ac:c1:ee:11:2e:d4, prop type:5, len:4
01-18 12:57:41.870 D/bt_btif ( 1465): Remote device:ac:c1:ee:11:2e:d4, no link key or ble key found
01-18 12:57:41.870 D/bt_btif ( 1465): in, bd addr:ac:c1:ee:11:2e:d4, prop type:12, len:12
01-18 12:57:41.871 D/bt_btif ( 1465): Remote device:ac:c1:ee:11:2e:d4, no link key or ble key found
01-18 12:57:41.871 I/bt_btif ( 1465): HAL bt_hal_cbacks->device_found_cb
01-18 12:57:41.905 E/ActivityManager(  552): Sending non-protected broadcast rk.bluetooth.device.action.FOUND from system 1465:com.android.bluetooth/1002 pkg com.android.bluetooth
01-18 12:57:41.905 E/ActivityManager(  552): java.lang.Throwable
01-18 12:57:41.905 E/ActivityManager(  552): 	at com.android.server.am.ActivityManagerService.checkBroadcastFromSystem(ActivityManagerService.java:18132)
01-18 12:57:41.905 E/ActivityManager(  552): 	at com.android.server.am.ActivityManagerService.broadcastIntentLocked(ActivityManagerService.java:18704)
01-18 12:57:41.905 E/ActivityManager(  552): 	at com.android.server.am.ActivityManagerService.broadcastIntent(ActivityManagerService.java:18795)
01-18 12:57:41.905 E/ActivityManager(  552): 	at android.app.ActivityManagerNative.onTransact(ActivityManagerNative.java:499)
01-18 12:57:41.905 E/ActivityManager(  552): 	at com.android.server.am.ActivityManagerService.onTransact(ActivityManagerService.java:2909)
01-18 12:57:41.905 E/ActivityManager(  552): 	at android.os.Binder.execTransact(Binder.java:565)
01-18 12:57:41.937 D/BluetoothEventManager(  685): DeviceFoundHandler created new CachedBluetoothDevice: AC:C1:EE:11:2E:D4
01-18 12:57:41.944 D/BluetoothEventManager(  705): DeviceFoundHandler created new CachedBluetoothDevice: AC:C1:EE:11:2E:D4
01-18 12:57:42.241 D/bt_btm  ( 1465): update RSSI new:-82, old:-78
01-18 12:57:42.241 I/bt_btm  ( 1465): BTM_CheckEirData type=0x03
01-18 12:57:42.241 I/bt_btm  ( 1465): btm_set_eir_uuid eir_complete_list=0x01
01-18 12:57:42.241 I/bt_btm  ( 1465): BTM_CheckEirData type=0x05
01-18 12:57:42.241 I/bt_btm  ( 1465): BTM_CheckEirData type=0x07
01-18 12:57:42.241 I/bt_btm  ( 1465): BTM_InqDbRead: bd addr [5001d97ed203]
01-18 12:57:42.241 D/bt_btif ( 1465): bte_search_devices_evt event=BTA_DM_INQ_RES_EVT param_len=524
01-18 12:57:42.241 I/bt_btm  ( 1465): BTM_CheckEirData type=0x09
01-18 12:57:42.242 D/bt_btif ( 1465): btif_transfer_context event 0, len 524
01-18 12:57:42.242 D/bt_btif ( 1465): search_devices_copy_cb: event=BTA_DM_INQ_RES_EVT
01-18 12:57:42.242 D/bt_btif ( 1465): btif task fetched event a001
01-18 12:57:42.242 D/bt_btif ( 1465): btif_context_switched
01-18 12:57:42.242 I/bt_btif ( 1465): btif_dm_search_devices_evt event=BTA_DM_INQ_RES_EVT
01-18 12:57:42.242 D/bt_btif ( 1465): btif_dm_search_devices_evt() 50:01:d9:7e:d2:03 device_type = 0x1
01-18 12:57:42.242 I/bt_btm  ( 1465): BTM_CheckEirData type=0x09
01-18 12:57:42.242 I/bt_btm  ( 1465): BTM_CheckEirData type=0x03
01-18 12:57:42.242 D/bt_btm  ( 1465): BTM_GetEirUuidList type = 03, number of uuid = 10
01-18 12:57:42.242 D/bt_btm  ( 1465):                      0x1105
01-18 12:57:42.243 D/bt_btm  ( 1465):                      0x110A
01-18 12:57:42.243 D/bt_btm  ( 1465):                      0x110C
01-18 12:57:42.243 D/bt_btm  ( 1465):                      0x1112
01-18 12:57:42.243 D/bt_btm  ( 1465):                      0x1115
01-18 12:57:42.243 D/bt_btm  ( 1465):                      0x1116
01-18 12:57:42.243 D/bt_btm  ( 1465):                      0x111F
01-18 12:57:42.243 D/bt_btm  ( 1465):                      0x112F
01-18 12:57:42.243 D/bt_btm  ( 1465):                      0x1200
01-18 12:57:42.243 D/bt_btm  ( 1465):                      0x1132
01-18 12:57:42.243 D/bt_btif ( 1465): btif_dm_search_devices_evt()EIR BTA services = 03C0C089
01-18 12:57:42.243 D/bt_btif_config( 1465): btif_get_device_type: Device [50:01:d9:7e:d2:03] type 1
01-18 12:57:42.243 D/bt_btif ( 1465): in, bd addr:50:01:d9:7e:d2:03, prop type:255, len:6
01-18 12:57:42.243 D/bt_btif ( 1465): Remote device:50:01:d9:7e:d2:03, no link key or ble key found
01-18 12:57:42.244 D/bt_btif ( 1465): in, bd addr:50:01:d9:7e:d2:03, prop type:1, len:3
01-18 12:57:42.244 D/bt_btif ( 1465): Remote device:50:01:d9:7e:d2:03, no link key or ble key found
01-18 12:57:42.244 D/bt_btif ( 1465): in, bd addr:50:01:d9:7e:d2:03, prop type:4, len:4
01-18 12:57:42.244 D/bt_btif ( 1465): Remote device:50:01:d9:7e:d2:03, no link key or ble key found
01-18 12:57:42.244 D/bt_btif ( 1465): in, bd addr:50:01:d9:7e:d2:03, prop type:5, len:4
01-18 12:57:42.244 D/bt_btif ( 1465): Remote device:50:01:d9:7e:d2:03, no link key or ble key found
01-18 12:57:42.244 D/bt_btif ( 1465): in, bd addr:50:01:d9:7e:d2:03, prop type:12, len:12
01-18 12:57:42.245 D/bt_btif ( 1465): Remote device:50:01:d9:7e:d2:03, no link key or ble key found
01-18 12:57:42.245 I/bt_btif ( 1465): HAL bt_hal_cbacks->device_found_cb
01-18 12:57:42.266 D/bt_btm  ( 1465): update RSSI new:-72, old:-60
01-18 12:57:42.266 I/bt_btm  ( 1465): BTM_CheckEirData type=0x03
01-18 12:57:42.266 I/bt_btm  ( 1465): btm_set_eir_uuid eir_complete_list=0x01
01-18 12:57:42.266 I/bt_btm  ( 1465): BTM_CheckEirData type=0x05
01-18 12:57:42.266 I/bt_btm  ( 1465): BTM_CheckEirData type=0x07
01-18 12:57:42.267 I/bt_btm  ( 1465): BTM_InqDbRead: bd addr [acc1ee112ed4]
01-18 12:57:42.267 D/bt_btif ( 1465): bte_search_devices_evt event=BTA_DM_INQ_RES_EVT param_len=524
01-18 12:57:42.267 I/bt_btm  ( 1465): BTM_CheckEirData type=0x09
01-18 12:57:42.267 D/bt_btif ( 1465): btif_transfer_context event 0, len 524
01-18 12:57:42.267 D/bt_btif ( 1465): search_devices_copy_cb: event=BTA_DM_INQ_RES_EVT
01-18 12:57:42.298 E/ActivityManager(  552): Sending non-protected broadcast rk.bluetooth.device.action.FOUND from system 1465:com.android.bluetooth/1002 pkg com.android.bluetooth
01-18 12:57:42.298 E/ActivityManager(  552): java.lang.Throwable
01-18 12:57:42.298 E/ActivityManager(  552): 	at com.android.server.am.ActivityManagerService.checkBroadcastFromSystem(ActivityManagerService.java:18132)
01-18 12:57:42.298 E/ActivityManager(  552): 	at com.android.server.am.ActivityManagerService.broadcastIntentLocked(ActivityManagerService.java:18704)
01-18 12:57:42.298 E/ActivityManager(  552): 	at com.android.server.am.ActivityManagerService.broadcastIntent(ActivityManagerService.java:18795)
01-18 12:57:42.298 E/ActivityManager(  552): 	at android.app.ActivityManagerNative.onTransact(ActivityManagerNative.java:499)
01-18 12:57:42.298 E/ActivityManager(  552): 	at com.android.server.am.ActivityManagerService.onTransact(ActivityManagerService.java:2909)
01-18 12:57:42.298 E/ActivityManager(  552): 	at android.os.Binder.execTransact(Binder.java:565)
01-18 12:57:42.301 D/bt_btif ( 1465): btif task fetched event a001
01-18 12:57:42.301 D/bt_btif ( 1465): btif_context_switched
01-18 12:57:42.301 I/bt_btif ( 1465): btif_dm_search_devices_evt event=BTA_DM_INQ_RES_EVT
01-18 12:57:42.301 D/bt_btif ( 1465): btif_dm_search_devices_evt() ac:c1:ee:11:2e:d4 device_type = 0x1
01-18 12:57:42.301 I/bt_btm  ( 1465): BTM_CheckEirData type=0x09
01-18 12:57:42.301 I/bt_btm  ( 1465): BTM_CheckEirData type=0x03
01-18 12:57:42.301 D/bt_btm  ( 1465): BTM_GetEirUuidList type = 03, number of uuid = 12
01-18 12:57:42.302 D/bt_btm  ( 1465):                      0x1105
01-18 12:57:42.302 D/bt_btm  ( 1465):                      0x110A
01-18 12:57:42.302 D/bt_btm  ( 1465):                      0x110C
01-18 12:57:42.302 D/bt_btm  ( 1465):                      0x110E
01-18 12:57:42.302 D/bt_btm  ( 1465):                      0x1112
01-18 12:57:42.302 D/bt_btm  ( 1465):                      0x1115
01-18 12:57:42.302 D/bt_btm  ( 1465):                      0x1116
01-18 12:57:42.302 D/bt_btm  ( 1465):                      0x111F
01-18 12:57:42.302 D/bt_btm  ( 1465):                      0x112D
01-18 12:57:42.302 D/bt_btm  ( 1465):                      0x112F
01-18 12:57:42.302 D/bt_btm  ( 1465):                      0x1200
01-18 12:57:42.302 D/bt_btm  ( 1465):                      0x1132
01-18 12:57:42.302 D/bt_btif ( 1465): btif_dm_search_devices_evt()EIR BTA services = 03CAC089
01-18 12:57:42.302 D/bt_btif_config( 1465): btif_get_device_type: Device [ac:c1:ee:11:2e:d4] type 1
01-18 12:57:42.302 D/bt_btif ( 1465): in, bd addr:ac:c1:ee:11:2e:d4, prop type:255, len:6
01-18 12:57:42.302 D/bt_btif ( 1465): Remote device:ac:c1:ee:11:2e:d4, no link key or ble key found
01-18 12:57:42.302 D/bt_btif ( 1465): in, bd addr:ac:c1:ee:11:2e:d4, prop type:1, len:2
01-18 12:57:42.302 D/bt_btif ( 1465): Remote device:ac:c1:ee:11:2e:d4, no link key or ble key found
01-18 12:57:42.302 D/bt_btif ( 1465): in, bd addr:ac:c1:ee:11:2e:d4, prop type:4, len:4
01-18 12:57:42.302 D/bt_btif ( 1465): Remote device:ac:c1:ee:11:2e:d4, no link key or ble key found
01-18 12:57:42.302 D/bt_btif ( 1465): in, bd addr:ac:c1:ee:11:2e:d4, prop type:5, len:4
01-18 12:57:42.302 D/bt_btif ( 1465): Remote device:ac:c1:ee:11:2e:d4, no link key or ble key found
01-18 12:57:42.302 D/bt_btif ( 1465): in, bd addr:ac:c1:ee:11:2e:d4, prop type:12, len:12
01-18 12:57:42.302 D/bt_btif ( 1465): Remote device:ac:c1:ee:11:2e:d4, no link key or ble key found
01-18 12:57:42.303 I/bt_btif ( 1465): HAL bt_hal_cbacks->device_found_cb
01-18 12:57:42.314 E/ActivityManager(  552): Sending non-protected broadcast rk.bluetooth.device.action.FOUND from system 1465:com.android.bluetooth/1002 pkg com.android.bluetooth
01-18 12:57:42.314 E/ActivityManager(  552): java.lang.Throwable
01-18 12:57:42.314 E/ActivityManager(  552): 	at com.android.server.am.ActivityManagerService.checkBroadcastFromSystem(ActivityManagerService.java:18132)
01-18 12:57:42.314 E/ActivityManager(  552): 	at com.android.server.am.ActivityManagerService.broadcastIntentLocked(ActivityManagerService.java:18704)
01-18 12:57:42.314 E/ActivityManager(  552): 	at com.android.server.am.ActivityManagerService.broadcastIntent(ActivityManagerService.java:18795)
01-18 12:57:42.314 E/ActivityManager(  552): 	at android.app.ActivityManagerNative.onTransact(ActivityManagerNative.java:499)
01-18 12:57:42.314 E/ActivityManager(  552): 	at com.android.server.am.ActivityManagerService.onTransact(ActivityManagerService.java:2909)
01-18 12:57:42.314 E/ActivityManager(  552): 	at android.os.Binder.execTransact(Binder.java:565)
01-18 12:57:42.471 D/bt_btm  ( 1465): update RSSI new:-82, old:-82
01-18 12:57:42.471 I/bt_btm  ( 1465): BTM_CheckEirData type=0x03
01-18 12:57:42.471 I/bt_btm  ( 1465): btm_set_eir_uuid eir_complete_list=0x01
01-18 12:57:42.471 I/bt_btm  ( 1465): BTM_CheckEirData type=0x05
01-18 12:57:42.471 I/bt_btm  ( 1465): BTM_CheckEirData type=0x07
01-18 12:57:42.471 I/bt_btm  ( 1465): BTM_InqDbRead: bd addr [5001d97ed203]
01-18 12:57:42.471 D/bt_btif ( 1465): bte_search_devices_evt event=BTA_DM_INQ_RES_EVT param_len=524
01-18 12:57:42.471 I/bt_btm  ( 1465): BTM_CheckEirData type=0x09
01-18 12:57:42.471 D/bt_btif ( 1465): btif_transfer_context event 0, len 524
01-18 12:57:42.471 D/bt_btif ( 1465): search_devices_copy_cb: event=BTA_DM_INQ_RES_EVT
01-18 12:57:42.471 D/bt_btif ( 1465): btif task fetched event a001
01-18 12:57:42.471 D/bt_btif ( 1465): btif_context_switched
01-18 12:57:42.471 I/bt_btif ( 1465): btif_dm_search_devices_evt event=BTA_DM_INQ_RES_EVT
01-18 12:57:42.471 D/bt_btif ( 1465): btif_dm_search_devices_evt() 50:01:d9:7e:d2:03 device_type = 0x1
01-18 12:57:42.471 I/bt_btm  ( 1465): BTM_CheckEirData type=0x09
01-18 12:57:42.471 I/bt_btm  ( 1465): BTM_CheckEirData type=0x03
01-18 12:57:42.471 D/bt_btm  ( 1465): BTM_GetEirUuidList type = 03, number of uuid = 10
01-18 12:57:42.471 D/bt_btm  ( 1465):                      0x1105
01-18 12:57:42.471 D/bt_btm  ( 1465):                      0x110A
01-18 12:57:42.471 D/bt_btm  ( 1465):                      0x110C
01-18 12:57:42.471 D/bt_btm  ( 1465):                      0x1112
01-18 12:57:42.471 D/bt_btm  ( 1465):                      0x1115
01-18 12:57:42.471 D/bt_btm  ( 1465):                      0x1116
01-18 12:57:42.471 D/bt_btm  ( 1465):                      0x111F
01-18 12:57:42.471 D/bt_btm  ( 1465):                      0x112F
01-18 12:57:42.471 D/bt_btm  ( 1465):                      0x1200
01-18 12:57:42.471 D/bt_btm  ( 1465):                      0x1132
01-18 12:57:42.471 D/bt_btif ( 1465): btif_dm_search_devices_evt()EIR BTA services = 03C0C089
01-18 12:57:42.471 D/bt_btif_config( 1465): btif_get_device_type: Device [50:01:d9:7e:d2:03] type 1
01-18 12:57:42.471 D/bt_btif ( 1465): in, bd addr:50:01:d9:7e:d2:03, prop type:255, len:6
01-18 12:57:42.471 D/bt_btif ( 1465): Remote device:50:01:d9:7e:d2:03, no link key or ble key found
01-18 12:57:42.471 D/bt_btif ( 1465): in, bd addr:50:01:d9:7e:d2:03, prop type:1, len:3
01-18 12:57:42.472 D/bt_btif ( 1465): Remote device:50:01:d9:7e:d2:03, no link key or ble key found
01-18 12:57:42.472 D/bt_btif ( 1465): in, bd addr:50:01:d9:7e:d2:03, prop type:4, len:4
01-18 12:57:42.472 D/bt_btif ( 1465): Remote device:50:01:d9:7e:d2:03, no link key or ble key found
01-18 12:57:42.472 D/bt_btif ( 1465): in, bd addr:50:01:d9:7e:d2:03, prop type:5, len:4
01-18 12:57:42.472 D/bt_btif ( 1465): Remote device:50:01:d9:7e:d2:03, no link key or ble key found
01-18 12:57:42.472 D/bt_btif ( 1465): in, bd addr:50:01:d9:7e:d2:03, prop type:12, len:12
01-18 12:57:42.472 D/bt_btif ( 1465): Remote device:50:01:d9:7e:d2:03, no link key or ble key found
01-18 12:57:42.472 I/bt_btif ( 1465): HAL bt_hal_cbacks->device_found_cb
01-18 12:57:42.483 E/ActivityManager(  552): Sending non-protected broadcast rk.bluetooth.device.action.FOUND from system 1465:com.android.bluetooth/1002 pkg com.android.bluetooth
01-18 12:57:42.483 E/ActivityManager(  552): java.lang.Throwable
01-18 12:57:42.483 E/ActivityManager(  552): 	at com.android.server.am.ActivityManagerService.checkBroadcastFromSystem(ActivityManagerService.java:18132)
01-18 12:57:42.483 E/ActivityManager(  552): 	at com.android.server.am.ActivityManagerService.broadcastIntentLocked(ActivityManagerService.java:18704)
01-18 12:57:42.483 E/ActivityManager(  552): 	at com.android.server.am.ActivityManagerService.broadcastIntent(ActivityManagerService.java:18795)
01-18 12:57:42.483 E/ActivityManager(  552): 	at android.app.ActivityManagerNative.onTransact(ActivityManagerNative.java:499)
01-18 12:57:42.483 E/ActivityManager(  552): 	at com.android.server.am.ActivityManagerService.onTransact(ActivityManagerService.java:2909)
01-18 12:57:42.483 E/ActivityManager(  552): 	at android.os.Binder.execTransact(Binder.java:565)
01-18 12:57:42.843 D/bt_btm  ( 1465): update RSSI new:-74, old:-62
01-18 12:57:42.843 I/bt_btm  ( 1465): BTM_CheckEirData type=0x03
01-18 12:57:42.843 I/bt_btm  ( 1465): btm_set_eir_uuid eir_complete_list=0x01
01-18 12:57:42.843 I/bt_btm  ( 1465): BTM_CheckEirData type=0x05
01-18 12:57:42.843 I/bt_btm  ( 1465): BTM_CheckEirData type=0x04
01-18 12:57:42.843 I/bt_btm  ( 1465): BTM_CheckEirData type=0x07
01-18 12:57:42.843 I/bt_btm  ( 1465): BTM_CheckEirData type=0x06
01-18 12:57:42.843 I/bt_btm  ( 1465): BTM_InqDbRead: bd addr [28e347a87804]
01-18 12:57:42.843 D/bt_btif ( 1465): bte_search_devices_evt event=BTA_DM_INQ_RES_EVT param_len=524
01-18 12:57:42.843 I/bt_btm  ( 1465): BTM_CheckEirData type=0x09
01-18 12:57:42.844 D/bt_btif ( 1465): btif_transfer_context event 0, len 524
01-18 12:57:42.844 D/bt_btif ( 1465): search_devices_copy_cb: event=BTA_DM_INQ_RES_EVT
01-18 12:57:42.844 D/bt_btif ( 1465): btif task fetched event a001
01-18 12:57:42.844 D/bt_btif ( 1465): btif_context_switched
01-18 12:57:42.844 I/bt_btif ( 1465): btif_dm_search_devices_evt event=BTA_DM_INQ_RES_EVT
01-18 12:57:42.844 D/bt_btif ( 1465): btif_dm_search_devices_evt() 28:e3:47:a8:78:04 device_type = 0x1
01-18 12:57:42.844 I/bt_btm  ( 1465): BTM_CheckEirData type=0x09
01-18 12:57:42.844 I/bt_btm  ( 1465): BTM_CheckEirData type=0x03
01-18 12:57:42.844 D/bt_btm  ( 1465): BTM_GetEirUuidList type = 03, number of uuid = 8
01-18 12:57:42.845 D/bt_btm  ( 1465):                      0x112D
01-18 12:57:42.845 D/bt_btm  ( 1465):                      0x1112
01-18 12:57:42.845 D/bt_btm  ( 1465):                      0x111F
01-18 12:57:42.845 D/bt_btm  ( 1465):                      0x111E
01-18 12:57:42.845 D/bt_btm  ( 1465):                      0x110C
01-18 12:57:42.845 D/bt_btm  ( 1465):                      0x110E
01-18 12:57:42.845 D/bt_btm  ( 1465):                      0x110A
01-18 12:57:42.845 D/bt_btm  ( 1465):                      0x110B
01-18 12:57:42.845 D/bt_btif ( 1465): btif_dm_search_devices_evt()EIR BTA services = 018E0048
01-18 12:57:42.845 D/bt_btif_config( 1465): btif_get_device_type: Device [28:e3:47:a8:78:04] type 1
01-18 12:57:42.845 D/bt_btif ( 1465): in, bd addr:28:e3:47:a8:78:04, prop type:255, len:6
01-18 12:57:42.845 D/bt_btif ( 1465): Remote device:28:e3:47:a8:78:04, no link key or ble key found
01-18 12:57:42.846 D/bt_btif ( 1465): in, bd addr:28:e3:47:a8:78:04, prop type:1, len:8
01-18 12:57:42.846 D/bt_btif ( 1465): Remote device:28:e3:47:a8:78:04, no link key or ble key found
01-18 12:57:42.846 D/bt_btif ( 1465): in, bd addr:28:e3:47:a8:78:04, prop type:4, len:4
01-18 12:57:42.846 D/bt_btif ( 1465): Remote device:28:e3:47:a8:78:04, no link key or ble key found
01-18 12:57:42.846 D/bt_btif ( 1465): in, bd addr:28:e3:47:a8:78:04, prop type:5, len:4
01-18 12:57:42.846 D/bt_btif ( 1465): Remote device:28:e3:47:a8:78:04, no link key or ble key found
01-18 12:57:42.846 D/bt_btif ( 1465): in, bd addr:28:e3:47:a8:78:04, prop type:12, len:12
01-18 12:57:42.846 D/bt_btif ( 1465): Remote device:28:e3:47:a8:78:04, no link key or ble key found
01-18 12:57:42.846 I/bt_btif ( 1465): HAL bt_hal_cbacks->device_found_cb
01-18 12:57:42.863 E/ActivityManager(  552): Sending non-protected broadcast rk.bluetooth.device.action.FOUND from system 1465:com.android.bluetooth/1002 pkg com.android.bluetooth
01-18 12:57:42.863 E/ActivityManager(  552): java.lang.Throwable
01-18 12:57:42.863 E/ActivityManager(  552): 	at com.android.server.am.ActivityManagerService.checkBroadcastFromSystem(ActivityManagerService.java:18132)
01-18 12:57:42.863 E/ActivityManager(  552): 	at com.android.server.am.ActivityManagerService.broadcastIntentLocked(ActivityManagerService.java:18704)
01-18 12:57:42.863 E/ActivityManager(  552): 	at com.android.server.am.ActivityManagerService.broadcastIntent(ActivityManagerService.java:18795)
01-18 12:57:42.863 E/ActivityManager(  552): 	at android.app.ActivityManagerNative.onTransact(ActivityManagerNative.java:499)
01-18 12:57:42.863 E/ActivityManager(  552): 	at com.android.server.am.ActivityManagerService.onTransact(ActivityManagerService.java:2909)
01-18 12:57:42.863 E/ActivityManager(  552): 	at android.os.Binder.execTransact(Binder.java:565)
01-18 12:57:43.131 I/bt_hci  ( 1465): BLE HCI(id=62) event = 0x02)
01-18 12:57:43.131 I/bt_hci  ( 1465): btu_ble_process_adv_pkt
01-18 12:57:43.131 I/bt_btm  ( 1465): btm_identity_addr_to_random_pseudo
01-18 12:57:43.131 D/bt_btm  ( 1465): btm_ble_process_adv_pkt:bda= 7c:b1:5d:5:33:76
01-18 12:57:43.131 I/bt_btm  ( 1465): btm_ble_resolve_random_addr
01-18 12:57:43.132 I/bt_btm  ( 1465): btm_ble_resolve_random_addr:  not resolved
01-18 12:57:43.132 I/bt_btm  ( 1465): btm_ble_resolve_random_addr_on_adv 
01-18 12:57:43.132 D/bt_btm  ( 1465): LE device already in database
01-18 12:57:43.132 I/bt_btm  ( 1465): BTM_CheckAdvData: type=0x01
01-18 12:57:43.132 I/bt_btm  ( 1465): BTM_CheckAdvData: type=0x19
01-18 12:57:43.132 I/bt_btm  ( 1465): BTM_CheckAdvData: type=0x03
01-18 12:57:43.132 D/bt_btm  ( 1465): BR/EDR NOT SUPPORT bit set, LE only device
01-18 12:57:43.132 I/bt_btm  ( 1465): BTM_CheckAdvData: type=0x01
01-18 12:57:43.132 D/bt_btm  ( 1465): Find Generable Discoverable device
01-18 12:57:43.132 I/bt_btm  ( 1465): BTM_InqDbRead: bd addr [7cb15d053376]
01-18 12:57:43.132 D/bt_btif ( 1465): bte_search_devices_evt event=BTA_DM_INQ_RES_EVT param_len=524
01-18 12:57:43.132 I/bt_btm  ( 1465): BTM_CheckEirData type=0x09
01-18 12:57:43.132 I/bt_btm  ( 1465): BTM_CheckEirData type=0x08
01-18 12:57:43.132 D/bt_btif ( 1465): btif_transfer_context event 0, len 524
01-18 12:57:43.132 D/bt_btif ( 1465): search_devices_copy_cb: event=BTA_DM_INQ_RES_EVT
01-18 12:57:43.132 D/bt_btif ( 1465): btif task fetched event a001
01-18 12:57:43.133 D/bt_btif ( 1465): btif_context_switched
01-18 12:57:43.133 I/bt_btif ( 1465): btif_dm_search_devices_evt event=BTA_DM_INQ_RES_EVT
01-18 12:57:43.133 D/bt_btif ( 1465): btif_dm_search_devices_evt() 7c:b1:5d:05:33:76 device_type = 0x2
01-18 12:57:43.133 D/bt_btif_dm( 1465): btif_dm_search_devices_evt cod is 0, set as unclassified
01-18 12:57:43.133 I/bt_btm  ( 1465): BTM_CheckEirData type=0x09
01-18 12:57:43.133 I/bt_btm  ( 1465): BTM_CheckEirData type=0x08
01-18 12:57:43.133 D/bt_btif ( 1465): in, bd addr:7c:b1:5d:05:33:76, prop type:1, len:249
01-18 12:57:43.133 I/bt_btm  ( 1465): BTM_CheckEirData type=0x03
01-18 12:57:43.133 D/bt_btm  ( 1465): BTM_GetEirUuidList type = 03, number of uuid = 1
01-18 12:57:43.133 D/bt_btm  ( 1465):                      0xFEE7
01-18 12:57:43.133 D/bt_btif ( 1465): btif_dm_search_devices_evt()EIR BTA services = 00000000
01-18 12:57:43.133 I/bt_btm  ( 1465): BTM_CheckEirData type=0xFF
01-18 12:57:43.133 D/bt_btif ( 1465): btif_dm_search_devices_evt manufacturer = 0x027d
01-18 12:57:43.133 D/bt_btif_config( 1465): btif_get_device_type: Device [7c:b1:5d:05:33:76] type 2
01-18 12:57:43.133 D/bt_btif ( 1465): in, bd addr:7c:b1:5d:05:33:76, prop type:255, len:6
01-18 12:57:43.133 I/bt_hci  ( 1465): BLE HCI(id=62) event = 0x02)
01-18 12:57:43.133 I/bt_hci  ( 1465): btu_ble_process_adv_pkt
01-18 12:57:43.133 D/bt_btif ( 1465): btif_in_fetch_bonded_ble_device Found a LE device: 7c:b1:5d:05:33:76
01-18 12:57:43.134 I/bt_btm  ( 1465): btm_identity_addr_to_random_pseudo
01-18 12:57:43.135 D/bt_btm  ( 1465): btm_ble_process_adv_pkt:bda= 7c:b1:5d:5:33:76
01-18 12:57:43.135 I/bt_btm  ( 1465): btm_ble_resolve_random_addr
01-18 12:57:43.135 I/bt_btm  ( 1465): btm_ble_resolve_random_addr:  not resolved
01-18 12:57:43.135 D/bt_btif ( 1465): btm_ble_resolve_random_addr:  not o link key or ble key found
01-18 12:57:43.135 I/bt_btm  ( 1465): btm_ble_resolve_random_addr_on_adv 
01-18 12:57:43.135 D/bt_btif ( 1465): in, bd addr:7c:b1:5d:05:33:76, prop type:1, len:14
01-18 12:57:43.135 D/bt_btm  ( 1465): LE device already in database
01-18 12:57:43.135 I/bt_btm  ( 1465): btif_in_fetch_bonded_ble_de
01-18 12:57:43.135 D/bt_btif ( 1465): btif_in_fetch_bonded_ble_device Found a LE device: 7c:b1:5d:05:33:76
01-18 12:57:43.136 I/bt_btm  ( 1465): BTM_CheckAdvData: type=0x19
01-18 12:57:43.136 I/bt_btm  ( 1465): BTM_CheckAdvData: type=0x03
01-18 12:57:43.136 D/bt_btm  ( 1465): BR/EDR NOT SUPPORT bit set, LE only device
01-18 12:57:43.136 I/bt_btm  ( 1465): BTM_CheckAdvData: type=0x01
01-18 12:57:43.136 D/bt_btif ( 1465): Remote device:7c:b1:5d:05:33:76, no link key or ble key found
01-18 12:57:43.136 D/bt_btm  ( 1465): Find Generable Discoverable device
01-18 12:57:43.136 D/bt_btif ( 1465): in, bd addr:7c:b1:5d:05:33:76, prop type:4, len:4
01-18 12:57:43.136 I/bt_btm  ( 1465): BTM_InqDbRead: bd addr [7cb15d053376]
01-18 12:57:43.136 D/bt_btif ( 1465): bte_search_devices_evt event=BTA_DM_INQ_RES_EVT param_len=524
01-18 12:57:43.136 D/bt_btif ( 1465): btif_in_fetch_bonded_ble_device Found a LE device: 7c:b1:5d:05:33:76
01-18 12:57:43.136 I/bt_btm  ( 1465): BTM_CheckEirData type=0x09
01-18 12:57:43.136 D/bt_btif ( 1465): btif_transfer_context event 0, len 524
01-18 12:57:43.136 D/bt_btif ( 1465): search_devices_copy_cb:05:33:76, no link key or ble key found
01-18 12:57:43.136 D/bt_btif ( 1465): search_devices_copy_cb: event=BTA_DM_INQ_RES_EVT
01-18 12:57:43.136 D/bt_btif ( 1465): in, bd addr:7c:b1:5d:05:33:76, prop type:5, len:4
01-18 12:57:43.136 D/bt_btif ( 1465): btif_in_fetch_bonded_ble_device Found a LE device: 7c:b1:5d:05:33:76
01-18 12:57:43.136 D/bt_btif ( 1465): Remote device:7c:b1:5d:05:33:76, no link key or ble key found
01-18 12:57:43.137 D/bt_btif ( 1465): in, bd addr:7c:b1:5d:05:33:76, prop type:12, len:12
01-18 12:57:43.137 D/bt_btif ( 1465): btif_in_fetch_bonded_ble_device Found a LE device: 7c:b1:5d:05:33:76
01-18 12:57:43.137 D/bt_btif ( 1465): Remote device:7c:b1:5d:05:33:76, no link key or ble key found
01-18 12:57:43.137 I/bt_btif ( 1465): HAL bt_hal_cbacks->device_found_cb
01-18 12:57:43.186 I/bt_hci  ( 1465): BLE HCI(id=62) event = 0x02)
01-18 12:57:43.186 I/bt_hci  ( 1465): btu_ble_process_adv_pkt
01-18 12:57:43.186 I/bt_btm  ( 1465): btm_identity_addr_to_random_pseudo
01-18 12:57:43.186 D/bt_btm  ( 1465): btm_ble_process_adv_pkt:bda= 26:30:16:b2:1c:f8
01-18 12:57:43.186 D/bt_btm  ( 1465): LE device already in database
01-18 12:57:43.186 I/bt_btm  ( 1465): BTM_CheckAdvData: type=0x01
01-18 12:57:43.186 I/bt_btm  ( 1465): BTM_CheckAdvData: type=0x19
01-18 12:57:43.186 I/bt_btm  ( 1465): BTM_CheckAdvData: type=0x03
01-18 12:57:43.186 D/bt_btm  ( 1465): Random address, treating device as LE only
01-18 12:57:43.186 I/bt_btm  ( 1465): BTM_CheckAdvData: type=0x01
01-18 12:57:43.186 W/bt_btm_ble( 1465): btm_ble_process_adv_pkt_cont device is no longer discoverable so discarding advertising packet pkt
01-18 12:57:43.214 E/ActivityManager(  552): Sending non-protected broadcast rk.bluetooth.device.action.FOUND from system 1465:com.android.bluetooth/1002 pkg com.android.bluetooth
01-18 12:57:43.214 E/ActivityManager(  552): java.lang.Throwable
01-18 12:57:43.214 E/ActivityManager(  552): 	at com.android.server.am.ActivityManagerService.checkBroadcastFromSystem(ActivityManagerService.java:18132)
01-18 12:57:43.214 E/ActivityManager(  552): 	at com.android.server.am.ActivityManagerService.broadcastIntentLocked(ActivityManagerService.java:18704)
01-18 12:57:43.214 E/ActivityManager(  552): 	at com.android.server.am.ActivityManagerService.broadcastIntent(ActivityManagerService.java:18795)
01-18 12:57:43.214 E/ActivityManager(  552): 	at android.app.ActivityManagerNative.onTransact(ActivityManagerNative.java:499)
01-18 12:57:43.214 E/ActivityManager(  552): 	at com.android.server.am.ActivityManagerService.onTransact(ActivityManagerService.java:2909)
01-18 12:57:43.214 E/ActivityManager(  552): 	at android.os.Binder.execTransact(Binder.java:565)
01-18 12:57:43.216 D/bt_btif ( 1465): btif task fetched event a001
01-18 12:57:43.216 D/bt_btif ( 1465): btif_context_switched
01-18 12:57:43.216 I/bt_btif ( 1465): btif_dm_search_devices_evt event=BTA_DM_INQ_RES_EVT
01-18 12:57:43.216 D/bt_btif ( 1465): btif_dm_search_devices_evt() 7c:b1:5d:05:33:76 device_type = 0x2
01-18 12:57:43.216 D/bt_btif_dm( 1465): btif_dm_search_devices_evt cod is 0, set as unclassified
01-18 12:57:43.216 I/bt_btm  ( 1465): BTM_CheckEirData type=0x09
01-18 12:57:43.216 I/bt_btm  ( 1465): BTM_CheckEirData type=0x03
01-18 12:57:43.216 D/bt_btm  ( 1465): BTM_GetEirUuidList type = 03, number of uuid = 1
01-18 12:57:43.216 D/bt_btm  ( 1465):                      0xFEE7
01-18 12:57:43.216 D/bt_btif ( 1465): btif_dm_search_devices_evt()EIR BTA services = 00000000
01-18 12:57:43.216 I/bt_btm  ( 1465): BTM_CheckEirData type=0xFF
01-18 12:57:43.216 D/bt_btif ( 1465): btif_dm_search_devices_evt manufacturer = 0x027d
01-18 12:57:43.216 D/bt_btif_config( 1465): btif_get_device_type: Device [7c:b1:5d:05:33:76] type 2
01-18 12:57:43.216 D/bt_btif ( 1465): in, bd addr:7c:b1:5d:05:33:76, prop type:255, len:6
01-18 12:57:43.217 D/bt_btif ( 1465): btif_in_fetch_bonded_ble_device Found a LE device: 7c:b1:5d:05:33:76
01-18 12:57:43.217 D/bt_btif ( 1465): Remote device:7c:b1:5d:05:33:76, no link key or ble key found
01-18 12:57:43.217 D/bt_btif ( 1465): in, bd addr:7c:b1:5d:05:33:76, prop type:1, len:14
01-18 12:57:43.217 D/bt_btif ( 1465): btif_in_fetch_bonded_ble_device Found a LE device: 7c:b1:5d:05:33:76
01-18 12:57:43.217 D/bt_btif ( 1465): Remote device:7c:b1:5d:05:33:76, no link key or ble key found
01-18 12:57:43.217 D/bt_btif ( 1465): in, bd addr:7c:b1:5d:05:33:76, prop type:4, len:4
01-18 12:57:43.217 D/bt_btif ( 1465): btif_in_fetch_bonded_ble_device Found a LE device: 7c:b1:5d:05:33:76
01-18 12:57:43.218 D/bt_btif ( 1465): Remote device:7c:b1:5d:05:33:76, no link key or ble key found
01-18 12:57:43.218 D/bt_btif ( 1465): in, bd addr:7c:b1:5d:05:33:76, prop type:5, len:4
01-18 12:57:43.219 D/bt_btif ( 1465): btif_in_fetch_bonded_ble_device Found a LE device: 7c:b1:5d:05:33:76
01-18 12:57:43.219 D/bt_btif ( 1465): Remote device:7c:b1:5d:05:33:76, no link key or ble key found
01-18 12:57:43.219 D/bt_btif ( 1465): in, bd addr:7c:b1:5d:05:33:76, prop type:12, len:12
01-18 12:57:43.219 D/bt_btif ( 1465): btif_in_fetch_bonded_ble_device Found a LE device: 7c:b1:5d:05:33:76
01-18 12:57:43.219 D/bt_btif ( 1465): Remote device:7c:b1:5d:05:33:76, no link key or ble key found
01-18 12:57:43.219 I/bt_btif ( 1465): HAL bt_hal_cbacks->device_found_cb
01-18 12:57:43.227 E/ActivityManager(  552): Sending non-protected broadcast rk.bluetooth.device.action.FOUND from system 1465:com.android.bluetooth/1002 pkg com.android.bluetooth
01-18 12:57:43.227 E/ActivityManager(  552): java.lang.Throwable
01-18 12:57:43.227 E/ActivityManager(  552): 	at com.android.server.am.ActivityManagerService.checkBroadcastFromSystem(ActivityManagerService.java:18132)
01-18 12:57:43.227 E/ActivityManager(  552): 	at com.android.server.am.ActivityManagerService.broadcastIntentLocked(ActivityManagerService.java:18704)
01-18 12:57:43.227 E/ActivityManager(  552): 	at com.android.server.am.ActivityManagerService.broadcastIntent(ActivityManagerService.java:18795)
01-18 12:57:43.227 E/ActivityManager(  552): 	at android.app.ActivityManagerNative.onTransact(ActivityManagerNative.java:499)
01-18 12:57:43.227 E/ActivityManager(  552): 	at com.android.server.am.ActivityManagerService.onTransact(ActivityManagerService.java:2909)
01-18 12:57:43.227 E/ActivityManager(  552): 	at android.os.Binder.execTransact(Binder.java:565)
01-18 12:57:43.286 I/bt_hci  ( 1465): BLE HCI(id=62) event = 0x02)
01-18 12:57:43.286 I/bt_hci  ( 1465): btu_ble_process_adv_pkt
01-18 12:57:43.286 I/bt_btm  ( 1465): btm_identity_addr_to_random_pseudo
01-18 12:57:43.286 D/bt_btm  ( 1465): btm_ble_process_adv_pkt:bda= 26:30:16:b2:1c:f8
01-18 12:57:43.286 D/bt_btm  ( 1465): LE device already in database
01-18 12:57:43.286 I/bt_btm  ( 1465): BTM_CheckAdvData: type=0x01
01-18 12:57:43.286 I/bt_btm  ( 1465): BTM_CheckAdvData: type=0x19
01-18 12:57:43.286 I/bt_btm  ( 1465): BTM_CheckAdvData: type=0x03
01-18 12:57:43.286 D/bt_btm  ( 1465): Random address, treating device as LE only
01-18 12:57:43.286 I/bt_btm  ( 1465): BTM_CheckAdvData: type=0x01
