01-18 12:57:34.066 W/bt_osi_thread( 1465): run_thread: thread id 1487, thread name bt_jni_workqueue started
01-18 12:57:34.067 I/bt_stack_manager( 1465): event_init_stack finished
01-18 12:57:34.067 I/bt_osi_wakelock( 1465): wakelock_set_os_callouts set to non-native
01-18 12:57:34.067 I/bt_btif ( 1465): get_profile_interface socket
01-18 12:57:34.073 D/BluetoothAdapterProperties( 1465): Address is:22:22:A1:A3:3F:8C
01-18 12:57:34.076 D/BluetoothManagerService(  552): Bluetooth Adapter name changed to rksdk
01-18 12:57:34.076 D/BluetoothManagerService(  552): Stored Bluetooth name: rksdk
01-18 12:57:34.076 D/BluetoothAdapterProperties( 1465): Name is: rksdk
01-18 12:57:34.096 I/bt_btif ( 1465): get_profile_interface sdp
01-18 12:57:34.105 D/BluetoothAdapterService( 1465): setAdapterService() - set to: null
01-18 12:57:34.111 D/BluetoothAdapterService( 1465): onBind()
01-18 12:57:34.112 D/BluetoothManagerService(  552): BluetoothServiceConnection: com.android.bluetooth.btservice.AdapterService
01-18 12:57:34.112 D/BluetoothManagerService(  552): MESSAGE_BLUETOOTH_SERVICE_CONNECTED: 1
01-18 12:57:34.114 I/bt_btif ( 1465): config_hci_snoop_log
01-18 12:57:34.121 D/BluetoothManagerService(  552): Broadcasting onBluetoothServiceUp() to 5 receivers.
01-18 12:57:34.121 D/BluetoothAdapter(  552): onBluetoothServiceUp: android.bluetooth.IBluetooth$Stub$Proxy@6152871
01-18 12:57:34.122 D/BluetoothAdapter(  677): onBluetoothServiceUp: android.bluetooth.IBluetooth$Stub$Proxy@b9ea83f
01-18 12:57:34.122 D/BluetoothAdapter(  685): onBluetoothServiceUp: android.bluetooth.IBluetooth$Stub$Proxy@cb3bf5d
01-18 12:57:34.122 D/BluetoothAdapter(  705): onBluetoothServiceUp: android.bluetooth.IBluetooth$Stub$Proxy@404cb0c
01-18 12:57:34.124 D/BluetoothAdapterService( 1465): enable() - Enable called with quiet mode status =  false
01-18 12:57:34.124 D/BluetoothAdapterState( 1465): Current state: OFF, message: 0
01-18 12:57:34.124 D/BluetoothAdapterProperties( 1465): Setting state to 14
01-18 12:57:34.124 I/BluetoothAdapterState( 1465): Bluetooth adapter state changed: 10-> 14
01-18 12:57:34.124 D/BluetoothAdapterService( 1465): updateAdapterState() - Broadcasting state to 1 receivers.
01-18 12:57:34.124 D/BluetoothAdapter( 1465): onBluetoothServiceUp: com.android.bluetooth.btservice.AdapterService$AdapterServiceBinder@ab533d9
01-18 12:57:34.125 D/BluetoothManagerService(  552): MESSAGE_BLUETOOTH_STATE_CHANGE: OFF > BLE_TURNING_ON
01-18 12:57:34.125 D/BluetoothAdapterService( 1465): BleOnProcessStart()
01-18 12:57:34.125 D/BluetoothManagerService(  552): Sending BLE State Change: OFF > BLE_TURNING_ON
01-18 12:57:34.125 D/BluetoothAdapterService( 1465): BleOnProcessStart() - Make Bond State Machine
01-18 12:57:34.126 D/BluetoothBondStateMachine( 1465): make
01-18 12:57:34.128 I/BluetoothBondStateMachine( 1465): StableState(): Entering Off State
01-18 12:57:34.128 D/BluetoothAdapterService( 1465): setProfileServiceState() - Starting service com.android.bluetooth.gatt.GattService
01-18 12:57:34.134 I/BtGatt.JNI( 1465): classInitNative(L922): classInitNative: Success!
01-18 12:57:34.135 I/BluetoothAdapterState( 1465): Entering PendingCommandState
01-18 12:57:34.139 D/BtGatt.DebugUtils( 1465): handleDebugAction() action=null
01-18 12:57:34.139 D/BluetoothAdapterService( 1465): getAdapterService() - returning com.android.bluetooth.btservice.AdapterService@71a7252
01-18 12:57:34.140 D/BtGatt.GattService( 1465): Received start request. Starting profile...
01-18 12:57:34.141 D/BtGatt.GattService( 1465): start()
01-18 12:57:34.141 I/bt_btif ( 1465): get_profile_interface gatt
01-18 12:57:34.142 D/BluetoothAdapterService( 1465): getAdapterService() - returning com.android.bluetooth.btservice.AdapterService@71a7252
01-18 12:57:34.142 D/BtGatt.AdvertiseManager( 1465): advertise manager created
01-18 12:57:34.151 D/BluetoothAdapterService( 1465): getAdapterService() - returning com.android.bluetooth.btservice.AdapterService@71a7252
01-18 12:57:34.152 D/BluetoothAdapterService( 1465): handleMessage() - Message: 1
01-18 12:57:34.152 D/BluetoothAdapterService( 1465): handleMessage() - MESSAGE_PROFILE_SERVICE_STATE_CHANGED
01-18 12:57:34.152 D/BluetoothAdapterService( 1465): processProfileServiceStateChanged() serviceName=com.android.bluetooth.gatt.GattService, state=12, doUpdate=true
01-18 12:57:34.152 V/BluetoothAdapterState( 1465): isTurningOff()=false
01-18 12:57:34.153 V/BluetoothAdapterState( 1465): isTurningOn()=false
01-18 12:57:34.153 V/BluetoothAdapterState( 1465): isBleTurningOn()=true
01-18 12:57:34.153 V/BluetoothAdapterState( 1465): isBleTurningOff()=false
01-18 12:57:34.153 D/BluetoothAdapterService( 1465): processProfileServiceStateChanged() - serviceName=com.android.bluetooth.gatt.GattService isTurningOn=false isTurningOff=false isBleTurningOn=true isBleTurningOff=false
01-18 12:57:34.153 D/BluetoothAdapterService( 1465): GattService is started
01-18 12:57:34.154 D/BluetoothAdapterState( 1465): Current state: PENDING_COMMAND, message: 4
01-18 12:57:34.156 I/bt_btif ( 1465): enable: start restricted = 0
01-18 12:57:34.156 I/bt_stack_manager( 1465): event_start_up_stack is bringing up the stack
01-18 12:57:34.171 I/bt_core_module( 1465): module_start_up Starting module "btif_config_module"
01-18 12:57:34.171 I/bt_core_module( 1465): module_start_up Started module "btif_config_module"
01-18 12:57:34.171 I/bt_core_module( 1465): module_start_up Starting module "btsnoop_module"
01-18 12:57:34.173 I/bt_core_module( 1465): module_start_up Started module "btsnoop_module"
01-18 12:57:34.173 I/bt_core_module( 1465): module_start_up Starting module "hci_module"
01-18 12:57:34.173 I/bt_hci  ( 1465): start_up
01-18 12:57:34.174 W/bt_osi_thread( 1465): run_thread: thread id 1491, thread name hci_thread started
01-18 12:57:34.176 I/bt_vendor( 1465): alloc value 0xe45db729
01-18 12:57:34.177 I/bt_vendor_usb( 1465): RTKBT_RELEASE_NAME: 20170109_TV_ANDROID_7.x
01-18 12:57:34.177 I/bt_vendor_usb( 1465): init
01-18 12:57:34.177 D/bt_hci  ( 1465): start_up starting async portion
01-18 12:57:34.177 I/bt_hci  ( 1465): event_finish_startup
01-18 12:57:34.177 I/bt_hci_h4( 1465): hal_open
01-18 12:57:34.177 I/bt_vendor_usb( 1465): userial vendor open: opening /dev/rtk_btusb
01-18 12:57:34.177 I/bt_vendor_usb( 1465): device fd = 76 open
01-18 12:57:34.178 W/bt_osi_thread( 1465): run_thread: thread id 1493, thread name hci_single_chann started
01-18 12:57:34.178 E/bt_vendor_usb( 1465): Bt_vendor_rtk Op for BT_VND_OP_FW_CFG
01-18 12:57:34.494 E/bt_vendor_usb( 1465): Bt_vendor_rtk Download Fw Success
01-18 12:57:34.495 I/bt_vendor( 1465): firmware callback
01-18 12:57:34.495 I/bt_hci  ( 1465): firmware_config_callback
01-18 12:57:34.495 I/bt_core_module( 1465): module_start_up Started module "hci_module"
01-18 12:57:34.499 W/bt_osi_thread( 1465): run_thread: thread id 1494, thread name bt_workqueue started
01-18 12:57:34.500 I/bt_btu  ( 1465): btu_task pending for preload complete event
01-18 12:57:34.500 I/bt_btu_task( 1465): Bluetooth chip preload is complete
01-18 12:57:34.500 I/bt_btu  ( 1465): btu_task received preload complete event
01-18 12:57:34.505 I/bt_core_module( 1465): module_init Initializing module "bte_logmsg_module"
01-18 12:57:34.505 I/bt_bte  ( 1465): BTE_InitTraceLevels -- TRC_HCI
01-18 12:57:34.505 I/bt_bte  ( 1465): BTE_InitTraceLevels -- TRC_L2CAP
01-18 12:57:34.506 I/bt_bte  ( 1465): BTE_InitTraceLevels -- TRC_RFCOMM
01-18 12:57:34.506 I/bt_bte  ( 1465): BTE_InitTraceLevels -- TRC_AVDT
01-18 12:57:34.506 I/bt_bte  ( 1465): BTE_InitTraceLevels -- TRC_AVRC
01-18 12:57:34.506 I/bt_bte  ( 1465): BTE_InitTraceLevels -- TRC_A2D
01-18 12:57:34.506 I/bt_bte  ( 1465): BTE_InitTraceLevels -- TRC_BNEP
01-18 12:57:34.506 I/bt_bte  ( 1465): BTE_InitTraceLevels -- TRC_BTM
01-18 12:57:34.506 I/bt_bte  ( 1465): BTE_InitTraceLevels -- TRC_GAP
01-18 12:57:34.506 I/bt_bte  ( 1465): BTE_InitTraceLevels -- TRC_PAN
01-18 12:57:34.506 I/bt_bte  ( 1465): BTE_InitTraceLevels -- TRC_SDP
01-18 12:57:34.506 I/bt_bte  ( 1465): BTE_InitTraceLevels -- TRC_GATT
01-18 12:57:34.506 I/bt_bte  ( 1465): BTE_InitTraceLevels -- TRC_SMP
01-18 12:57:34.506 I/bt_bte  ( 1465): BTE_InitTraceLevels -- TRC_BTAPP
01-18 12:57:34.506 I/bt_bte  ( 1465): BTE_InitTraceLevels -- TRC_BTIF
01-18 12:57:34.506 I/bt_core_module( 1465): module_init Initialized module "bte_logmsg_module"
01-18 12:57:34.507 D/bt_btif ( 1465): btif_transfer_context event 0, len 0
01-18 12:57:34.507 D/bt_btif ( 1465): btif task fetched event a001
01-18 12:57:34.507 D/bt_btif ( 1465): btif_context_switched
01-18 12:57:34.507 D/bt_btif ( 1465): btif_task: received trigger stack init event
01-18 12:57:34.508 I/bt_btif ( 1465): BTA got event 0x100
01-18 12:57:34.508 I/bt_btif ( 1465): bta_dm_sm_execute event:0x0
01-18 12:57:34.508 I/bt_btif ( 1465): BTA got event 0x0
01-18 12:57:34.508 I/bt_btif ( 1465): bta_sys_sm_execute state:0, event:0x0
01-18 12:57:34.508 I/bt_btif ( 1465): bta_sys_hw_api_enable for 0, active modules 0x0001
01-18 12:57:34.508 I/bt_btif ( 1465): BTA got event 0x1
01-18 12:57:34.508 I/bt_btif ( 1465): bta_sys_sm_execute state:1, event:0x1
01-18 12:57:34.509 I/bt_btif ( 1465): bta_sys_hw_evt_enabled for 0
01-18 12:57:34.509 D/bt_btm  ( 1465): btm_acl_device_down
01-18 12:57:34.510 W/bt_osi_thread( 1465): run_thread: thread id 1495, thread name module_wrapper started
01-18 12:57:34.510 I/bt_core_module( 1465): module_start_up Starting module "controller_module"
01-18 12:57:34.575 E/bt_hci  ( 1465): read_command_complete_header: return status - 0x1
01-18 12:57:34.599 I/bt_core_module( 1465): module_start_up Started module "controller_module"
01-18 12:57:34.600 W/bt_osi_thread( 1465): run_thread: thread id 1495, thread name module_wrapper exited
01-18 12:57:34.601 I/bt_btm  ( 1465): BTM Register For VSEvents is successfully
01-18 12:57:34.601 D/bt_btm  ( 1465): btm_ble_white_list_init white_list_size = 32
01-18 12:57:34.601 I/bt_btm  ( 1465): BTM_SetPinType: pin type 0 [variable-0, fixed-1], code , length 0
01-18 12:57:34.601 D/bt_btm  ( 1465): btm_decode_ext_features_page page: 0
01-18 12:57:34.601 D/bt_btm  ( 1465): Local supported ACL packet types: 0xcc18
01-18 12:57:34.601 D/bt_btm  ( 1465): Local supported SCO packet types: 0x003f
01-18 12:57:34.601 I/bt_btm  ( 1465): btm_sec_set_security_level : sec: 0x0
01-18 12:57:34.601 I/bt_btm  ( 1465): BTM_SEC_REG[2]: id 42, is_orig 0, psm 0x0003, proto_id 3, chan_id 0
01-18 12:57:34.601 I/bt_btm  ( 1465):                : sec: 0x80, service name [RFC_MUX] (up to 21 chars saved)
01-18 12:57:34.602 D/bt_btm  ( 1465): btm_sec_dev_reset sec mode: 4
01-18 12:57:34.602 I/bt_btm  ( 1465): BTM_SetInquiryMode
01-18 12:57:34.602 I/bt_btm  ( 1465): BTM_SetPageScanType
01-18 12:57:34.602 I/bt_btm  ( 1465): BTM_SetInquiryScanType
01-18 12:57:34.603 D/bt_btm  ( 1465): btm_decode_ext_features_page page: 1
01-18 12:57:34.603 D/bt_btm  ( 1465): btm_decode_ext_features_page page: 2
01-18 12:57:34.603 D/bt_btif ( 1465): bta_sys_hw_btm_cback was called with parameter: 0
01-18 12:57:34.603 I/bt_btif ( 1465): BTA got event 0x2
01-18 12:57:34.603 I/bt_btif ( 1465): bta_sys_sm_execute state:1, event:0x2
01-18 12:57:34.603 D/bt_btif ( 1465):  bta_sys_hw_evt_stack_enabled!notify the callers
01-18 12:57:34.603 D/bt_btif ( 1465): bta_dm_sys_hw_cback with event: 1
01-18 12:57:34.604 D/bt_btif ( 1465): ##################################
01-18 12:57:34.604 D/bt_btif ( 1465): bta_dm_co_ble_load_local_keys:  Load local keys if any are persisted
01-18 12:57:34.604 D/bt_btif ( 1465): ##################################
01-18 12:57:34.604 D/bt_btif ( 1465): btif_dm_get_ble_local_keys  *p_key_mask=0x00
01-18 12:57:34.604 I/bt_btm  ( 1465): BTM_SecRegister application registered
01-18 12:57:34.604 I/bt_btm_sec( 1465): BTM_SecRegister p_cb_info->p_le_callback == 0x0xe456aa25
01-18 12:57:34.605 I/bt_btm  ( 1465): BTM_SecRegister SMP_Register( btm_proc_smp_cback )
01-18 12:57:34.605 I/bt_smp  ( 1465): SMP_Register state=0
01-18 12:57:34.605 D/bt_btm  ( 1465): btm_ble_reset_id
01-18 12:57:34.605 I/bt_btm_sec( 1465): BTM_SecRegister btm_cb.api.p_le_callback = 0x0xe456aa25 
01-18 12:57:34.605 I/bt_btm  ( 1465): BTM_SecRegister application registered
01-18 12:57:34.605 D/bt_btm  ( 1465): BTM_SetDefaultLinkSuperTout
01-18 12:57:34.605 I/bt_btm  ( 1465): BTM: BTM_WritePageTimeout: Timeout: 8192.
01-18 12:57:34.605 D/bt_btm  ( 1465): BTM_SetDefaultLinkPolicy setting:0x000f
01-18 12:57:34.605 D/bt_btm  ( 1465): Set DefaultLinkPolicy:0x000f
01-18 12:57:34.605 D/bt_btm  ( 1465): BTM_RegBusyLevelNotif
01-18 12:57:34.609 I/bt_btif ( 1465): BTA got event 0x1f13
01-18 12:57:34.609 D/bt_btif ( 1465): bta_gattc_register state 0
01-18 12:57:34.609 D/bt_btif ( 1465): bta_gattc_enable
01-18 12:57:34.609 I/bt_att  ( 1465): GATT_Register
01-18 12:57:34.609 D/bt_att  ( 1465): UUID=[0x87878787878787878787878787878787]
01-18 12:57:34.609 I/bt_att  ( 1465): GATT_Register: allocated gatt_if=3
01-18 12:57:34.610 D/bt_btif ( 1465): bta_dm_gattc_callback event = 0
01-18 12:57:34.610 D/bt_btif ( 1465): BTA_GATTC_REG_EVT client_if = 3
01-18 12:57:34.610 I/bt_btif ( 1465): BTA got event 0x1f12
01-18 12:57:34.610 I/bt_att  ( 1465): GATT_StartIf gatt_if=3
01-18 12:57:34.610 D/bt_att  ( 1465): gatt_find_the_connected_bda start_idx=0
01-18 12:57:34.610 D/bt_att  ( 1465): gatt_find_the_connected_bda found=0 found_idx=7
01-18 12:57:34.637 D/bt_btm  ( 1465): btm_ble_rand_enc_complete
01-18 12:57:34.638 D/bt_btm  ( 1465): btm_ble_process_ir
01-18 12:57:34.664 D/bt_btif ( 1465): btif_transfer_context event 0, len 280
01-18 12:57:34.665 D/bt_btif ( 1465): btif task fetched event a001
01-18 12:57:34.665 D/bt_btif ( 1465): btif_context_switched
01-18 12:57:34.665 I/bt_btif ( 1465): btif_dm_upstreams_cback  ev: BTA_DM_ENABLE_EVT
01-18 12:57:34.665 D/bt_btif ( 1465): in, bd addr:, prop type:1, len:248
01-18 12:57:34.665 I/bt_btif ( 1465): btif_dm_get_adapter_property: type=0x1
01-18 12:57:34.666 I/bt_btif ( 1465): btif_in_execute_service_requestype=0x1
01-18 12:57:34.666 D/bt_btif ( 1465): btif_in_execute_service_request service_id: 29
01-18 12:57:34.666 I/bt_btif ( 1465): bta_dm_sm_execute event:0x2
01-18 12:57:34.666 D/bt_btif ( 1465): btif_sdp_execute_service enable:1
01-18 12:57:34.666 D/bt_btif ( 1465): BTA is generating EIR
01-18 12:57:34.666 I/bt_btif ( 1465): BTA_SdpEnable
01-18 12:57:34.666 I/bt_btm  ( 1465): Write Extended Inquiry Response to controller
01-18 12:57:34.666 D/bt_btif ( 1465): in, bd addr:, prop type:1, len:249
01-18 12:57:34.666 I/bt_btif ( 1465): BTA got event 0x11c
01-18 12:57:34.666 I/bt_btif ( 1465): bta_dm_sm_execute event:0x1c
01-18 12:57:34.666 I/bt_btif ( 1465): btif_dm_get_adapter_property: type=0x1
01-18 12:57:34.666 I/bt_btm  ( 1465): BTM_BleConfigPrivacy
01-18 12:57:34.666 I/bt_gap  ( 1465): GAP_BleAttrDBUpdate attr_uuid=0x2aa6
01-18 12:57:34.666 D/bt_btif ( 1465): in, bd addr:, prop type:9, len:4
01-18 12:57:34.666 I/bt_gap  ( 1465): Found attr_uuid=0x2aa6
01-18 12:57:34.666 I/bt_btif ( 1465): BTA got event 0x2100
01-18 12:57:34.666 I/bt_btif ( 1465): BTA got event 0x2100
01-18 12:57:34.666 D/bt_btif ( 1465): bta_sdp_enable in, sdp_active:0
01-18 12:57:34.666 I/bt_btif_storage( 1465): btif_storage_get_adapter_property service_mask:0x20000000
01-18 12:57:34.666 I/bt_btif ( 1465): HAL bt_hal_cbacks->adapter_properties_cb
01-18 12:57:34.667 D/BluetoothAdapterProperties( 1465): Address is:22:22:A1:A3:3F:8C
01-18 12:57:34.669 D/BluetoothAdapterProperties( 1465): Name is: rksdk
01-18 12:57:34.671 D/BluetoothAdapterProperties( 1465): Scan Mode:20
01-18 12:57:34.671 D/BluetoothAdapterProperties( 1465): Discoverable Timeout:120
01-18 12:57:34.671 I/bt_btif ( 1465): btif_storage_load_bonded_devices: 0 bonded devices found
01-18 12:57:34.671 D/bt_btif ( 1465): btif_enable_bluetooth_evt: status 0, local bd [40:9f:38:25:79:e8]
01-18 12:57:34.671 W/bt_btif ( 1465): ***********************************************
01-18 12:57:34.671 W/bt_btif ( 1465): BTIF init BDA was 22:22:a1:a3:3f:8c
01-18 12:57:34.671 W/bt_btif ( 1465): Controller BDA is 40:9f:38:25:79:e8
01-18 12:57:34.672 W/bt_btif ( 1465): ***********************************************
01-18 12:57:34.672 I/bt_btif ( 1465): HAL bt_hal_cbacks->adapter_properties_cb
01-18 12:57:34.672 D/BluetoothAdapterProperties( 1465): Address is:40:9F:38:25:79:E8
01-18 12:57:34.672 D/bt_hci  ( 1465): do_postload posting postload work item
01-18 12:57:34.672 I/bt_hci  ( 1465): event_postload
01-18 12:57:34.672 I/bt_hci  ( 1465): sco_config_callback postload finished.
01-18 12:57:34.672 D/bt_btif ( 1465): in initialized:0
01-18 12:57:34.672 I/bt_vendor( 1465): low_power_mode_cb
01-18 12:57:34.673 D/bt_btif ( 1465): ts[7].used:0
01-18 12:57:34.673 D/bt_btif ( 1465): alloc_thread_slot ret:7
01-18 12:57:34.673 D/bt_btif ( 1465): h:7, cmd_fdr:113, cmd_fdw:114
01-18 12:57:34.673 D/bt_btif ( 1465): h:7, thread id:-780187360
01-18 12:57:34.673 I/bt_btif ( 1465): BTA_JvEnable
01-18 12:57:34.673 D/bt_btif ( 1465): btsock_l2cap_init handle = 8
01-18 12:57:34.674 I/bt_btif ( 1465): BTA got event 0x1a00
01-18 12:57:34.674 D/bt_btif ( 1465): unhandled event:0, slot id:0
01-18 12:57:34.674 D/BluetoothManagerService(  552): Bluetooth Adapter name changed to rksdk
01-18 12:57:34.674 D/BluetoothManagerService(  552): Stored Bluetooth name: rksdk
01-18 12:57:34.675 W/bt_osi_thread( 1465): run_thread: thread id 1497, thread name btif_sock started
01-18 12:57:34.675 I/bt_btm  ( 1465): BTM_SetEScoMode -> mode 2
01-18 12:57:34.675 D/bt_btm  ( 1465):     txbw 0x00001f40, rxbw 0x00001f40, max_lat 0x000a, voice 0x0060, pkt 0x033f, rtx effort 0x01
01-18 12:57:34.675 D/bt_btif ( 1465): jni_initialized = 0, btpan_cb.enabled:0
01-18 12:57:34.675 D/bt_btm  ( 1465): btm_ble_rand_enc_complete
01-18 12:57:34.675 D/bt_btm  ( 1465): btm_ble_process_ir2
01-18 12:57:34.675 D/bt_smp  ( 1465): smp_encrypt_data
01-18 12:57:34.675 D/bt_btm  ( 1465): btm_ble_process_dhk
01-18 12:57:34.675 D/bt_btm  ( 1465): BLE DHK generated.
01-18 12:57:34.675 D/bt_smp  ( 1465): smp_encrypt_data
01-18 12:57:34.675 D/bt_btm  ( 1465): btm_ble_process_irk
01-18 12:57:34.676 D/bt_btm  ( 1465): btm_notify_new_key key_type=1
01-18 12:57:34.676 D/bt_btm  ( 1465): BTM_BLE_KEY_TYPE_ID
01-18 12:57:34.676 D/bt_btif ( 1465): btif_transfer_context event 20, len 280
01-18 12:57:34.676 D/bt_btm  ( 1465): BLE IR generated.
01-18 12:57:34.676 D/bt_bte_conf( 1465): Device ID record 1 : primary
01-18 12:57:34.676 D/bt_bte_conf( 1465):   vendorId            = 000f
01-18 12:57:34.676 D/bt_bte_conf( 1465):   vendorIdSource      = 0001
01-18 12:57:34.676 D/bt_bte_conf( 1465):   product             = 1200
01-18 12:57:34.676 D/bt_bte_conf( 1465):   version             = 1436
01-18 12:57:34.676 D/bt_bte_conf( 1465):   clientExecutableURL = 
01-18 12:57:34.676 D/bt_bte_conf( 1465):   serviceDescription  = 
01-18 12:57:34.676 D/bt_bte_conf( 1465):   documentationURL    = 
01-18 12:57:34.676 D/bt_sdp  ( 1465): SDP_CreateRecord ok, num_records:3
01-18 12:57:34.676 D/bt_sdp  ( 1465): SDP_AddAttribute: handle:10002, id:0000, type:1, len:4, p_val:0xd2089c68, *p_val:00010002
01-18 12:57:34.676 D/bt_sdp  ( 1465): SDP_AddAttribute: handle:10002, id:0001, type:6, len:3, p_val:0xe43efe08, *p_val:191200
01-18 12:57:34.676 D/bt_sdp  ( 1465): SDP_AddAttribute: handle:10002, id:0200, type:1, len:2, p_val:0xd2089c8e, *p_val:0103
01-18 12:57:34.676 D/bt_sdp  ( 1465): SDP_AddAttribute: handle:10002, id:0201, type:1, len:2, p_val:0xd2089c8e, *p_val:000F
01-18 12:57:34.676 D/bt_sdp  ( 1465): SDP_AddAttribute: handle:10002, id:0202, type:1, len:2, p_val:0xd2089c8e, *p_val:1200
01-18 12:57:34.676 D/bt_sdp  ( 1465): SDP_AddAttribute: handle:10002, id:0203, type:1, len:2, p_val:0xd2089c8e, *p_val:1436
01-18 12:57:34.676 D/bt_sdp  ( 1465): SDP_AddAttribute: handle:10002, id:0204, type:5, len:1, p_val:0xd2089c8b, *p_val:1
01-18 12:57:34.676 D/bt_sdp  ( 1465): SDP_AddAttribute: handle:10002, id:0205, type:1, len:2, p_val:0xd2089c8e, *p_val:0001
01-18 12:57:34.676 I/bt_btif ( 1465): Adding UUID=0x1200 into EIR
01-18 12:57:34.676 D/bt_btif ( 1465): BTA is generating EIR
01-18 12:57:34.677 I/bt_btm  ( 1465): Write Extended Inquiry Response to controller
01-18 12:57:34.677 I/bt_btif ( 1465): bta_dm_eir_update_uuid UUID bit mask=0x00000080 00000000
01-18 12:57:34.677 D/bt_bte_conf( 1465): bte_load_did_conf no section named DID2.
01-18 12:57:34.677 D/bt_btif ( 1465): btif_dm_load_local_oob: prop_oob = 3
01-18 12:57:34.677 D/bt_btif ( 1465): btif task fetched event a001
01-18 12:57:34.677 I/bt_stack_manager( 1465): event_start_up_stack finished
01-18 12:57:34.677 D/bt_btif ( 1465): btif_context_switched
01-18 12:57:34.677 I/bt_btif ( 1465): btif_dm_upstreams_cback  ev: BTA_DM_BLE_LOCAL_IR_EVT
01-18 12:57:34.677 D/bt_btif ( 1465): BTA_DM_BLE_LOCAL_IR_EVT. 
01-18 12:57:34.677 I/bt_btif ( 1465): HAL bt_hal_cbacks->adapter_state_changed_cb
01-18 12:57:34.678 D/BluetoothAdapterState( 1465): Current state: PENDING_COMMAND, message: 3
01-18 12:57:34.678 D/BluetoothAdapterProperties( 1465): Setting state to 15
01-18 12:57:34.678 I/BluetoothAdapterState( 1465): Bluetooth adapter state changed: 14-> 15
01-18 12:57:34.678 D/BluetoothAdapterService( 1465): updateAdapterState() - Broadcasting state to 1 receivers.
01-18 12:57:34.678 D/BluetoothManagerService(  552): MESSAGE_BLUETOOTH_STATE_CHANGE: BLE_TURNING_ON > BLE_ON
01-18 12:57:34.678 D/BluetoothManagerService(  552): Bluetooth is in LE only mode
01-18 12:57:34.679 D/BluetoothManagerService(  552): Binding Bluetooth GATT service
01-18 12:57:34.680 I/BluetoothAdapterState( 1465): Entering BleOnState
01-18 12:57:34.680 D/BluetoothManagerService(  552): Sending BLE State Change: BLE_TURNING_ON > BLE_ON
01-18 12:57:34.687 D/BluetoothManagerService(  552): BluetoothServiceConnection: com.android.bluetooth.gatt.GattService
01-18 12:57:34.687 D/BluetoothManagerService(  552): MESSAGE_BLUETOOTH_SERVICE_CONNECTED: 2
01-18 12:57:34.688 D/BluetoothManagerService(  552): BluetoothGatt Service is Up
01-18 12:57:34.689 D/BluetoothManagerService(  552): isBleAppPresent() count: 0
01-18 12:57:34.690 D/BluetoothAdapterState( 1465): Current state: BLE ON, message: 1
01-18 12:57:34.690 D/BluetoothAdapterProperties( 1465): Setting state to 11
01-18 12:57:34.690 I/BluetoothAdapterState( 1465): Bluetooth adapter state changed: 15-> 11
01-18 12:57:34.690 D/BluetoothAdapterService( 1465): updateAdapterState() - Broadcasting state to 1 receivers.
01-18 12:57:34.691 D/BluetoothAdapterService( 1465): startCoreServices()
01-18 12:57:34.691 D/BluetoothAdapterService( 1465): setProfileServiceState() - Starting service com.android.bluetooth.a2dp.A2dpService
01-18 12:57:34.692 D/bt_btm  ( 1465): btm_ble_rand_enc_complete
01-18 12:57:34.692 D/bt_btm  ( 1465): btm_ble_process_er
01-18 12:57:34.695 D/BluetoothAdapterService( 1465): setProfileServiceState() - Starting service com.android.bluetooth.hid.HidService
01-18 12:57:34.695 D/BluetoothManagerService(  552): Persisting Bluetooth Setting: 1
01-18 12:57:34.696 D/BluetoothManagerService(  552): MESSAGE_BLUETOOTH_STATE_CHANGE: BLE_ON > TURNING_ON
01-18 12:57:34.696 D/BluetoothManagerService(  552): Sending BLE State Change: BLE_ON > TURNING_ON
01-18 12:57:34.699 D/BluetoothAdapterService( 1465): setProfileServiceState() - Starting service com.android.bluetooth.pan.PanService
01-18 12:57:34.701 D/bt_btm  ( 1465): btm_ble_rand_enc_complete
01-18 12:57:34.701 D/bt_btm  ( 1465): btm_ble_process_er2
01-18 12:57:34.701 D/bt_btm  ( 1465): btm_notify_new_key key_type=2
01-18 12:57:34.701 D/bt_btm  ( 1465): BTM_BLE_KEY_TYPE_ER
01-18 12:57:34.701 D/bt_btif ( 1465): btif_transfer_context event 21, len 280
01-18 12:57:34.702 D/bt_btif ( 1465): btif task fetched event a001
01-18 12:57:34.702 D/bt_btif ( 1465): btif_context_switched
01-18 12:57:34.702 I/bt_btif ( 1465): btif_dm_upstreams_cback  ev: BTA_DM_BLE_LOCAL_ER_EVT
01-18 12:57:34.702 D/bt_btif ( 1465): BTA_DM_BLE_LOCAL_ER_EVT. 
01-18 12:57:34.707 D/BluetoothA2dp(  552): Proxy object connected
01-18 12:57:34.708 D/BluetoothAdapterService( 1465): getAdapterService() - returning com.android.bluetooth.btservice.AdapterService@71a7252
01-18 12:57:34.709 D/A2dpService( 1465): Received start request. Starting profile...
01-18 12:57:34.709 I/BluetoothAvrcpServiceJni( 1465): classInitNative: succeeds
01-18 12:57:34.710 I/BluetoothAdapterState( 1465): Entering PendingCommandState
01-18 12:57:34.713 I/bt_btif ( 1465): get_profile_interface avrcp
01-18 12:57:34.713 I/bt_btif ( 1465): btif_rc_get_interface
01-18 12:57:34.713 I/bt_btif ( 1465): ## init ##
01-18 12:57:34.722 I/BluetoothA2dpServiceJni( 1465): classInitNative: succeeds
01-18 12:57:34.722 D/A2dpStateMachine( 1465): make
01-18 12:57:34.724 I/bt_btif ( 1465): get_profile_interface a2dp
01-18 12:57:34.724 I/bt_btif ( 1465): btif_av_get_src_interface
01-18 12:57:34.724 I/bt_btif ( 1465): init_src()
01-18 12:57:34.725 I/bt_btif ( 1465): ## A2DP START MEDIA THREAD ##
01-18 12:57:34.737 W/bt_osi_thread( 1465): run_thread: thread id 1502, thread name media_worker started
01-18 12:57:34.738 D/bt_btif ( 1465): UIPC_Init
01-18 12:57:34.738 I/bt_btif ( 1465): ## A2DP MEDIA THREAD STARTED ##
01-18 12:57:34.738 I/bt_btif ( 1465): ### uipc_main_init ###
01-18 12:57:34.738 D/bt_btif ( 1465): ### uipc_main_init : current services:0x20000008
01-18 12:57:34.738 D/bt_btif ( 1465): btif_transfer_context event 257, len 1
01-18 12:57:34.738 D/bt_btif ( 1465): btif_av_state_idle_handler event:BTIF_SM_ENTER_EVT flags 0
01-18 12:57:34.738 I/bt_btif ( 1465): ## ON A2DP IDLE ## peer_sep = 0
01-18 12:57:34.738 D/bt_btif ( 1465): bta_av_co_init
01-18 12:57:34.738 D/bt_btif ( 1465): btif task fetched event a001
01-18 12:57:34.738 D/bt_btif ( 1465): btif_context_switched
01-18 12:57:34.738 D/bt_btif ( 1465): bta_av_co_cp_set_flag
01-18 12:57:34.738 D/bt_btif ( 1465): bta_av_co_audio_codec_reset
01-18 12:57:34.738 D/bt_btif ( 1465): bta_av_co_audio_codec_resetuest service_id: 3
01-18 12:57:34.738 D/        ( 1465): void BtifAvrcpAudioTrackPause(void *) handle is null.
01-18 12:57:34.738 D/bt_btif ( 1465): Stopped BT track
01-18 12:57:34.739 D/bt_btif ( 1465): UIPC_Open : ch_id 0, p_cback e45c3d11
01-18 12:57:34.739 I/bt_btif ( 1465): SETUP CHANNEL SERVER 0
01-18 12:57:34.739 I/bt_btif ( 1465): create_server_socket /data/misc/bluedroid/.a2dp_ctrl
01-18 12:57:34.739 I/bt_btif ( 1465): created socket fd 132
01-18 12:57:34.739 I/bt_btif ( 1465): ADD SERVER FD TO ACTIVE SET 132
01-18 12:57:34.739 I/bt_btif ( 1465): UIPC SEND WAKE UP
01-18 12:57:34.739 I/bt_btif_storage( 1465): btif_storage_get_adapter_property service_mask:0x20000008
01-18 12:57:34.739 I/bt_btif ( 1465): BTA got event 0x122d
01-18 12:57:34.739 I/bt_btif ( 1465): AV nsm event=0x122dadapter_properties_cb
01-18 12:57:34.739 D/bt_btif ( 1465): AV nsm event=0x122d(API_ENABLE)
01-18 12:57:34.739 D/bt_btif ( 1465): btif_transfer_context event 0, len 20
01-18 12:57:34.739 I/bt_btif ( 1465): BTA got event 0x122e
01-18 12:57:34.739 D/bt_btif ( 1465): AV nsm event=0x122e(API_REG)
01-18 12:57:34.739 D/bt_btif ( 1465): btif task fetched event a001
01-18 12:57:34.739 D/bt_btif ( 1465): btif_context_switched
01-18 12:57:34.739 D/bt_btif ( 1465): btif_av_state_idle_handler event:BTA_AV_ENABLE_EVT flags 0
01-18 12:57:34.739 I/bt_l2cap( 1465): L2CAP - L2CA_Register() called for PSM: 0x0019
01-18 12:57:34.739 I/bt_btm  ( 1465): btm_sec_set_security_level : sec: 0x12
01-18 12:57:34.739 D/bt_btif ( 1465): btif_media_task_aa_handle_clear_track
01-18 12:57:34.739 I/bt_btm  ( 1465): BTM_SEC_REG[3]: id 37, is_orig 1, psm 0x0019, proto_id 7, chan_id 0
01-18 12:57:34.739 D/        ( 1465): void BtifAvrcpAudioTrackStop(void *) handle is null.
01-18 12:57:34.739 D/        ( 1465): void BtifAvrcpAudioTrackDelete(void *) handle is null.
01-18 12:57:34.739 I/bt_btm  ( 1465):                : sec: 0x2090, service name [] (up to 21 chars saved)
01-18 12:57:34.739 I/bt_btm  ( 1465): btm_sec_set_security_level : sec: 0x12
01-18 12:57:34.739 I/bt_btm  ( 1465): BTM_SEC_REG[3]: id 37, is_orig 0, psm 0x0019, proto_id 7, chan_id 0
01-18 12:57:34.740 I/bt_btm  ( 1465):                : sec: 0x3092, service name [] (up to 21 chars saved)
01-18 12:57:34.740 I/bt_btm  ( 1465): btm_sec_set_security_level : sec: 0x0
01-18 12:57:34.740 I/bt_btm  ( 1465): BTM_SEC_REG[4]: id 38, is_orig 1, psm 0x0019, proto_id 7, chan_id 1
01-18 12:57:34.740 I/bt_btm  ( 1465):                : sec: 0x80, service name [] (up to 21 chars saved)
01-18 12:57:34.740 I/bt_btm  ( 1465): btm_sec_set_security_level : sec: 0x0
01-18 12:57:34.740 I/bt_btm  ( 1465): BTM_SEC_REG[4]: id 38, is_orig 0, psm 0x0019, proto_id 7, chan_id 1
01-18 12:57:34.740 I/bt_btm  ( 1465):                : sec: 0x80, service name [] (up to 21 chars saved)
01-18 12:57:34.740 I/bt_btm  ( 1465): btm_sec_set_security_level : sec: 0x0
01-18 12:57:34.740 I/bt_btm  ( 1465): BTM_SEC_REG[4]: id 38, is_orig 1, psm 0x0019, proto_id 7, chan_id 2
01-18 12:57:34.740 I/bt_btm  ( 1465):                : sec: 0x80, service name [] (up to 21 chars saved)
01-18 12:57:34.740 I/bt_btm  ( 1465): btm_sec_set_security_level : sec: 0x0
01-18 12:57:34.740 I/bt_btm  ( 1465): BTM_SEC_REG[4]: id 38, is_orig 0, psm 0x0019, proto_id 7, chan_id 2
01-18 12:57:34.740 I/bt_btm  ( 1465):                : sec: 0x80, service name [] (up to 21 chars saved)
01-18 12:57:34.740 I/bt_l2cap( 1465): L2CAP - L2CA_Register() called for PSM: 0x0017
01-18 12:57:34.740 I/bt_btm  ( 1465): btm_sec_set_security_level : sec: 0x12
01-18 12:57:34.740 I/bt_btm  ( 1465): BTM_SEC_REG[5]: id 39, is_orig 1, psm 0x0017, proto_id 0, chan_id 0
01-18 12:57:34.740 I/bt_btm  ( 1465):                : sec: 0x2090, service name [] (up to 21 chars saved)
01-18 12:57:34.740 I/bt_btm  ( 1465): btm_sec_set_security_level : sec: 0x12
01-18 12:57:34.740 I/bt_btm  ( 1465): BTM_SEC_REG[5]: id 39, is_orig 0, psm 0x0017, proto_id 0, chan_id 0
01-18 12:57:34.740 I/bt_btm  ( 1465):                : sec: 0x3092, service name [] (up to 21 chars saved)
01-18 12:57:34.740 D/bt_sdp  ( 1465): SDP_CreateRecord ok, num_records:4
01-18 12:57:34.740 D/bt_sdp  ( 1465): SDP_AddAttribute: handle:10003, id:0000, type:1, len:4, p_val:0xd18f3370, *p_val:00010003
01-18 12:57:34.740 I/bt_avp  ( 1465): AVRC_AddRecord uuid: 110c
01-18 12:57:34.740 D/bt_sdp  ( 1465): SDP_AddAttribute: handle:10003, id:0001, type:6, len:3, p_val:0xe43ef008, *p_val:19110C
01-18 12:57:34.740 D/bt_sdp  ( 1465): SDP_AddAttribute: handle:10003, id:0004, type:6, len:16, p_val:0xe43ef008, *p_val:35061901000900173506190017090104
01-18 12:57:34.740 D/bt_sdp  ( 1465): SDP_AddAttribute: handle:10003, id:0009, type:6, len:8, p_val:0xd14041c8, *p_val:350619110E090103
01-18 12:57:34.740 D/bt_sdp  ( 1465): SDP_AddAttribute: handle:10003, id:0311, type:1, len:2, p_val:0xd18f3350, *p_val:0001
01-18 12:57:34.740 D/bt_sdp  ( 1465): SDP_AddAttribute: handle:10003, id:0100, type:4, len:25, p_val:0xe4660f7b, *p_val:AV Remote Control Target
01-18 12:57:34.740 D/bt_sdp  ( 1465): SDP_AddAttribute: handle:10003, id:0005, type:6, len:3, p_val:0xe43ef008, *p_val:191002
01-18 12:57:34.740 I/bt_btif ( 1465): Adding UUID=0x110C into EIR
01-18 12:57:34.741 D/bt_btif ( 1465): BTA is generating EIR
01-18 12:57:34.741 I/bt_btm  ( 1465): Write Extended Inquiry Response to controller
01-18 12:57:34.741 I/bt_btif ( 1465): bta_dm_eir_update_uuid UUID bit mask=0x00000080 00001000
01-18 12:57:34.741 D/bt_btif ( 1465): nsc_mask: 0x6
01-18 12:57:34.741 D/bt_btif ( 1465): bta_av_co_audio_init
01-18 12:57:34.741 D/bt_btif ( 1465): bta_av_co_audio_init: 0
01-18 12:57:34.741 D/bt_avp  ( 1465): avdt_scb_alloc hdl=1, psc_mask:0x2
01-18 12:57:34.741 D/bt_sdp  ( 1465): SDP_CreateRecord ok, num_records:5
01-18 12:57:34.741 D/bt_sdp  ( 1465): SDP_AddAttribute: handle:10004, id:0000, type:1, len:4, p_val:0xd18f33a8, *p_val:00010004
01-18 12:57:34.741 I/bt_a2d  ( 1465): A2D_AddRecord uuid: 110a
01-18 12:57:34.741 D/bt_sdp  ( 1465): SDP_AddAttribute: handle:10004, id:0001, type:6, len:3, p_val:0xe43ef008, *p_val:19110A
01-18 12:57:34.741 D/bt_sdp  ( 1465): SDP_AddAttribute: handle:10004, id:0004, type:6, len:16, p_val:0xe43ef008, *p_val:35061901000900193506190019090102
01-18 12:57:34.741 D/bt_sdp  ( 1465): SDP_AddAttribute: handle:10004, id:0009, type:6, len:8, p_val:0xd14041c8, *p_val:350619110D090102
01-18 12:57:34.741 D/bt_sdp  ( 1465): SDP_AddAttribute: handle:10004, id:0311, type:1, len:2, p_val:0xd18f3398, *p_val:0001
01-18 12:57:34.741 D/bt_sdp  ( 1465): SDP_AddAttribute: handle:10004, id:0100, type:4, len:15, p_val:0xe43a1290, *p_val:Advanced Audio
01-18 12:57:34.741 D/bt_sdp  ( 1465): SDP_AddAttribute: handle:10004, id:0005, type:6, len:3, p_val:0xe43ef008, *p_val:191002
01-18 12:57:34.741 I/bt_btif ( 1465): Adding UUID=0x110A into EIR
01-18 12:57:34.741 D/bt_btif ( 1465): BTA is generating EIR
01-18 12:57:34.741 I/bt_btm  ( 1465): Write Extended Inquiry Response to controller
01-18 12:57:34.741 I/bt_btif ( 1465): bta_dm_eir_update_uuid UUID bit mask=0x00000080 00001400
01-18 12:57:34.741 D/bt_avp  ( 1465): AVRC_Open role: 1, control:3 status:0, handle:0
01-18 12:57:34.741 D/bt_btif ( 1465): rc_acp_handle:0 idx:1
01-18 12:57:34.741 D/bt_btif ( 1465): create 0, role: 1, shdl:0, rc_handle:0, lidx:3, status:0x10
01-18 12:57:34.741 D/bt_sdp  ( 1465): SDP_CreateRecord ok, num_records:6
01-18 12:57:34.741 D/bt_sdp  ( 1465): SDP_AddAttribute: handle:10005, id:0000, type:1, len:4, p_val:0xd18f3370, *p_val:00010005
01-18 12:57:34.741 I/bt_avp  ( 1465): AVRC_AddRecord uuid: 110e
01-18 12:57:34.742 D/bt_sdp  ( 1465): SDP_AddAttribute: handle:10005, id:0001, type:6, len:3, p_val:0xe43ef008, *p_val:19110E
01-18 12:57:34.742 D/bt_sdp  ( 1465): SDP_AddAttribute: handle:10005, id:0004, type:6, len:16, p_val:0xe43ef008, *p_val:35061901000900173506190017090104
01-18 12:57:34.742 D/bt_sdp  ( 1465): SDP_AddAttribute: handle:10005, id:0009, type:6, len:8, p_val:0xd14041c8, *p_val:350619110E090103
01-18 12:57:34.742 D/bt_sdp  ( 1465): SDP_AddAttribute: handle:10005, id:0311, type:1, len:2, p_val:0xd18f3350, *p_val:0002
01-18 12:57:34.742 D/bt_sdp  ( 1465): SDP_AddAttribute: handle:10005, id:0005, type:6, len:3, p_val:0xe43ef008, *p_val:191002
01-18 12:57:34.742 I/bt_btif ( 1465): Adding UUID=0x110E into EIR
01-18 12:57:34.742 D/bt_btif ( 1465): BTA is generating EIR
01-18 12:57:34.742 I/bt_btm  ( 1465): Write Extended Inquiry Response to controller
01-18 12:57:34.742 I/bt_btif ( 1465): bta_dm_eir_update_uuid UUID bit mask=0x00000080 00003400
01-18 12:57:34.742 D/bt_btif ( 1465): reg_audio: 0x1
01-18 12:57:34.742 D/bt_btif ( 1465): btif_transfer_context event 1, len 20
01-18 12:57:34.742 D/bt_btif ( 1465): btif task fetched event a001
01-18 12:57:34.742 D/bt_btif ( 1465): btif_context_switched
01-18 12:57:34.742 D/bt_btif ( 1465): btif_av_state_idle_handler event:BTA_AV_REGISTER_EVT flags 0
01-18 12:57:34.763 D/BluetoothAdapterService( 1465): getAdapterService() - returning com.android.bluetooth.btservice.AdapterService@71a7252
01-18 12:57:34.764 D/A2dpStateMachine( 1465): Enter Disconnected: -2
01-18 12:57:34.771 I/BluetoothHidServiceJni( 1465): classInitNative: succeeds
01-18 12:57:34.774 D/BluetoothInputDevice(  685): Proxy object connected
01-18 12:57:34.774 D/BluetoothAdapterService( 1465): getAdapterService() - returning com.android.bluetooth.btservice.AdapterService@71a7252
01-18 12:57:34.775 D/HidService( 1465): Received start request. Starting profile...
01-18 12:57:34.775 D/HidProfile(  685): Bluetooth service connected
01-18 12:57:34.775 I/bt_btif ( 1465): get_profile_interface hidhost
01-18 12:57:34.775 I/bt_btif ( 1465): btif_hh_get_interface
01-18 12:57:34.775 I/bt_btif ( 1465): init
01-18 12:57:34.775 D/bt_btif ( 1465): btif_enable_service: current services:0x20100008
01-18 12:57:34.775 D/bt_btif ( 1465): btif_transfer_context event 257, len 1
01-18 12:57:34.775 D/BluetoothInputDevice(  705): Proxy object connected
01-18 12:57:34.775 D/HidService( 1465): setHidService(): set to: null
01-18 12:57:34.775 D/bt_btif ( 1465): btif task fetched event a001
01-18 12:57:34.775 D/BluetoothAdapterService( 1465): getAdapterService() - returning com.android.bluetooth.btservice.AdapterService@71a7252
01-18 12:57:34.775 D/bt_btif ( 1465): btif_context_switched
01-18 12:57:34.775 D/bt_btif ( 1465): btif_in_execute_service_request service_id: 20
01-18 12:57:34.775 I/bt_bta_hh( 1465): BTA_HhEnable sec_mask:0x36 p_cback:0xe45b87d5
01-18 12:57:34.775 I/bt_btif ( 1465): BTA got event 0x1716
01-18 12:57:34.776 I/bt_btm  ( 1465): btm_sec_set_security_level : sec: 0x36
01-18 12:57:34.776 I/bt_btm  ( 1465): BTM_SEC_REG[6]: id 32, is_orig 0, psm 0x0011, proto_id 6, chan_id 1
01-18 12:57:34.776 I/bt_btm  ( 1465):                : sec: 0x1086, service name [] (up to 21 chars saved)
01-18 12:57:34.776 I/bt_btm  ( 1465): btm_sec_set_security_level : sec: 0x36
01-18 12:57:34.776 I/bt_btm  ( 1465): BTM_SEC_REG[6]: id 32, is_orig 1, psm 0x0011, proto_id 6, chan_id 1
01-18 12:57:34.776 I/bt_btm  ( 1465):                : sec: 0x30b6, service name [] (up to 21 chars saved)
01-18 12:57:34.776 I/bt_btm  ( 1465): btm_sec_set_security_level : sec: 0x0
01-18 12:57:34.776 I/bt_btm  ( 1465): BTM_SEC_REG[7]: id 33, is_orig 0, psm 0x0011, proto_id 6, chan_id 2
01-18 12:57:34.776 I/bt_btm  ( 1465):                : sec: 0x80, service name [] (up to 21 chars saved)
01-18 12:57:34.776 I/bt_btm  ( 1465): btm_sec_set_security_level : sec: 0x0
01-18 12:57:34.776 I/bt_btm  ( 1465): BTM_SEC_REG[7]: id 33, is_orig 1, psm 0x0011, proto_id 6, chan_id 2
01-18 12:57:34.776 I/bt_btm  ( 1465):                : sec: 0x80, service name [] (up to 21 chars saved)
01-18 12:57:34.776 I/bt_btm  ( 1465): btm_sec_set_security_level : sec: 0x0
01-18 12:57:34.776 I/bt_btm  ( 1465): BTM_SEC_REG[8]: id 34, is_orig 1, psm 0x0013, proto_id 6, chan_id 0
01-18 12:57:34.776 I/bt_btm  ( 1465):                : sec: 0x80, service name [] (up to 21 chars saved)
01-18 12:57:34.776 I/bt_btm  ( 1465): btm_sec_set_security_level : sec: 0x0
01-18 12:57:34.776 I/bt_btm  ( 1465): BTM_SEC_REG[8]: id 34, is_orig 0, psm 0x0013, proto_id 6, chan_id 0
01-18 12:57:34.776 I/bt_btm  ( 1465):                : sec: 0x80, service name [] (up to 21 chars saved)
01-18 12:57:34.776 I/bt_l2cap( 1465): L2CAP - L2CA_Register() called for PSM: 0x0011
01-18 12:57:34.776 I/bt_l2cap( 1465): L2CAP - L2CA_Register() called for PSM: 0x0013
01-18 12:57:34.776 I/bt_btif ( 1465): BTA got event 0x1f13
01-18 12:57:34.776 D/HidProfile(  705): Bluetooth service connected
01-18 12:57:34.776 D/bt_btif ( 1465): bta_gattc_register state 2
01-18 12:57:34.776 I/bt_att  ( 1465): GATT_Register
01-18 12:57:34.776 D/bt_att  ( 1465): UUID=[0x0000454c205245564f20484820415442]
01-18 12:57:34.776 I/bt_att  ( 1465): GATT_Register: allocated gatt_if=4
01-18 12:57:34.776 D/bt_btif ( 1465): bta_hh_gattc_callback event = 0
01-18 12:57:34.776 D/bt_btif ( 1465): btif_transfer_context event 0, len 1
01-18 12:57:34.776 I/bt_btif ( 1465): BTA got event 0x1f12
01-18 12:57:34.776 I/bt_att  ( 1465): GATT_StartIf gatt_if=4
01-18 12:57:34.776 D/bt_att  ( 1465): gatt_find_the_connected_bda start_idx=0
01-18 12:57:34.777 D/bt_att  ( 1465): gatt_find_the_connected_bda found=0 found_idx=7
01-18 12:57:34.777 I/bt_btif_storage( 1465): btif_storage_get_adapter_property service_mask:0x20100008
01-18 12:57:34.777 I/bt_btif ( 1465): HAL bt_hal_cbacks->adapter_properties_cb
01-18 12:57:34.777 D/bt_btif ( 1465): btif task fetched event a001
01-18 12:57:34.777 D/bt_btif ( 1465): btif_context_switched
01-18 12:57:34.777 D/bt_btif ( 1465): btif_hh_upstreams_evt: event=BTA_HH_ENABLE_EVT
01-18 12:57:34.777 D/bt_btif ( 1465): btif_hh_upstreams_evt: BTA_HH_ENABLE_EVT: status =0
01-18 12:57:34.777 D/bt_btif ( 1465): btif_hh_upstreams_evt--Loading added devices
01-18 12:57:34.777 I/BluetoothPanServiceJni( 1465): classInitNative(L102): succeeds
01-18 12:57:34.782 D/BluetoothPan(  685): BluetoothPAN Proxy object connected
01-18 12:57:34.782 D/BluetoothAdapterService( 1465): getAdapterService() - returning com.android.bluetooth.btservice.AdapterService@71a7252
01-18 12:57:34.782 D/BluetoothPan(  705): BluetoothPAN Proxy object connected
01-18 12:57:34.782 D/PanProfile(  685): Bluetooth service connected
01-18 12:57:34.782 D/PanProfile(  705): Bluetooth service connected
01-18 12:57:34.782 D/PanService( 1465): Received start request. Starting profile...
01-18 12:57:34.783 D/BluetoothPanServiceJni( 1465): initializeNative(L107): pan
01-18 12:57:34.783 I/bt_btif ( 1465): get_profile_interface pan
01-18 12:57:34.783 D/bt_btif ( 1465): stack_initialized = 1, btpan_cb.enabled:0
01-18 12:57:34.783 D/bt_btif ( 1465): jni_initialized = 1, btpan_cb.enabled:0
01-18 12:57:34.783 D/bt_btif ( 1465): Enabling PAN....
01-18 12:57:34.783 D/bt_btif ( 1465): btpan_enable - local_role: 3
01-18 12:57:34.783 D/bt_btif ( 1465): btpan_role:0x3
01-18 12:57:34.783 I/bt_btif ( 1465): BTA got event 0xe0a
01-18 12:57:34.783 I/bt_btm  ( 1465): BTM_ReadConnectability
01-18 12:57:34.783 I/bt_btm  ( 1465): BTM_ReadDiscoverability
01-18 12:57:34.783 I/bt_btm  ( 1465): BTM_SetDiscoverability
01-18 12:57:34.783 I/bt_btm  ( 1465): btm_ble_set_discoverability mode=0x0 combined_mode=0x2
01-18 12:57:34.783 I/bt_btm  ( 1465): evt_type=0x3 p-cb->evt_type=0x3 
01-18 12:57:34.783 I/bt_btm  ( 1465): BTM_SetDiscoverability: mode 2 [NonDisc-0, Lim-1, Gen-2], window 0x0012, interval 0x0800
01-18 12:57:34.783 I/bt_btm  ( 1465): BTM_SetConnectability
01-18 12:57:34.783 I/bt_btm  ( 1465): btm_ble_set_connectability mode=0x0 combined_mode=0x1
01-18 12:57:34.783 I/bt_btm  ( 1465): BTM_SetConnectability: mode 1 [NonConn-0, Conn-1], window 0x0012, interval 0x0800
01-18 12:57:34.783 I/bt_l2cap( 1465): L2CAP - L2CA_Register() called for PSM: 0x000f
01-18 12:57:34.783 I/bt_btm  ( 1465): BTM_SetDiscoverability
01-18 12:57:34.783 I/bt_btm  ( 1465): btm_ble_set_discoverability mode=0x0 combined_mode=0x0
01-18 12:57:34.783 I/bt_btm  ( 1465): evt_type=0x3 p-cb->evt_type=0x3 
01-18 12:57:34.783 I/bt_btm  ( 1465): BTM_SetDiscoverability: mode 0 [NonDisc-0, Lim-1, Gen-2], window 0x0012, interval 0x1000
01-18 12:57:34.784 I/bt_btm  ( 1465): BTM_SetConnectability
01-18 12:57:34.784 I/bt_btm  ( 1465): btm_ble_set_connectability mode=0x0 combined_mode=0x0
01-18 12:57:34.784 D/BluetoothAdapterService( 1465): getAdapterService() - returning com.android.bluetooth.btservice.AdapterService@71a7252
01-18 12:57:34.784 I/bt_btm  ( 1465): BTM_SetConnectability: mode 0 [NonConn-0, Conn-1], window 0x0012, interval 0x0800
01-18 12:57:34.784 I/bt_btif ( 1465): bta_pan_co_init
01-18 12:57:34.784 D/bt_btif ( 1465): btif_transfer_context event 0, len 12
01-18 12:57:34.784 I/bt_btif ( 1465): BTA got event 0xe0c
01-18 12:57:34.784 I/bt_pan  ( 1465): PAN_SetRole() called with role 0x5
01-18 12:57:34.784 D/bt_sdp  ( 1465): SDP_CreateRecord ok, num_records:7
01-18 12:57:34.784 D/bt_sdp  ( 1465): SDP_AddAttribute: handle:10006, id:0000, type:1, len:4, p_val:0xd18f33f0, *p_val:00010006
01-18 12:57:34.784 D/bt_sdp  ( 1465): SDP_AddAttribute: handle:10006, id:0001, type:6, len:3, p_val:0xe43ef008, *p_val:191116
01-18 12:57:34.784 D/bt_sdp  ( 1465): SDP_AddAttribute: handle:10006, id:0004, type:6, len:24, p_val:0xe469ef1e, *p_val:350619010009000F350E19000F0901003506090800090806
01-18 12:57:34.784 D/bt_sdp  ( 1465): SDP_AddAttribute: handle:10006, id:0006, type:6, len:9, p_val:0xd14041c8, *p_val:09656E09006A090100
01-18 12:57:34.784 D/bt_sdp  ( 1465): SDP_AddAttribute: handle:10006, id:0009, type:6, len:8, p_val:0xd14041c8, *p_val:3506191116090100
01-18 12:57:34.784 D/bt_sdp  ( 1465): SDP_AddAttribute: handle:10006, id:0100, type:4, len:29, p_val:0xe1b1d3f8, *p_val:Android Network Access Point
01-18 12:57:34.784 D/bt_sdp  ( 1465): SDP_AddAttribute: handle:10006, id:0101, type:4, len:4, p_val:0xe46923b8, *p_val:NAP
01-18 12:57:34.784 D/bt_sdp  ( 1465): SDP_AddAttribute: handle:10006, id:030A, type:1, len:2, p_val:0xd18f3414, *p_val:0001
01-18 12:57:34.784 D/bt_sdp  ( 1465): SDP_AddAttribute: handle:10006, id:030B, type:1, len:2, p_val:0xd18f341a, *p_val:0005
01-18 12:57:34.784 D/bt_sdp  ( 1465): SDP_AddAttribute: handle:10006, id:030C, type:1, len:4, p_val:0xd18f341a, *p_val:001312D0
01-18 12:57:34.784 I/bt_btm  ( 1465): btm_sec_set_security_level : sec: 0x36
01-18 12:57:34.784 I/bt_btm  ( 1465): BTM_SEC_REG[9]: id 27, is_orig 1, psm 0x000f, proto_id 5, chan_id 4374
01-18 12:57:34.784 I/bt_btm  ( 1465):                : sec: 0x20b0, service name [Android Network Access Point] (up to 21 chars saved)
01-18 12:57:34.784 I/bt_btm  ( 1465): btm_sec_set_security_level : sec: 0x36
01-18 12:57:34.784 I/bt_btm  ( 1465): BTM_SEC_REG[10]: id 27, is_orig 0, psm 0x000f, proto_id 5, chan_id 4374
01-18 12:57:34.784 I/bt_btm  ( 1465):                : sec: 0x1086, service name [Android Network Access Point] (up to 21 chars saved)
01-18 12:57:34.784 D/bt_sdp  ( 1465): SDP_AddAttribute: handle:10006, id:0005, type:6, len:3, p_val:0xe43ef008, *p_val:191002
01-18 12:57:34.784 I/bt_btif ( 1465): Adding UUID=0x1116 into EIR
01-18 12:57:34.785 D/bt_btif ( 1465): BTA is generating EIR
01-18 12:57:34.785 I/bt_btm  ( 1465): Write Extended Inquiry Response to controller
01-18 12:57:34.785 I/bt_btif ( 1465): bta_dm_eir_update_uuid UUID bit mask=0x00000080 00043400
01-18 12:57:34.785 D/bt_sdp  ( 1465): SDP_CreateRecord ok, num_records:8
01-18 12:57:34.785 D/bt_sdp  ( 1465): SDP_AddAttribute: handle:10007, id:0000, type:1, len:4, p_val:0xd18f33f0, *p_val:00010007
01-18 12:57:34.785 D/bt_sdp  ( 1465): SDP_AddAttribute: handle:10007, id:0001, type:6, len:3, p_val:0xe43ef008, *p_val:191115
01-18 12:57:34.785 D/bt_sdp  ( 1465): SDP_AddAttribute: handle:10007, id:0004, type:6, len:24, p_val:0xe469ef1e, *p_val:350619010009000F350E19000F0901003506090800090806
01-18 12:57:34.785 D/bt_sdp  ( 1465): SDP_AddAttribute: handle:10007, id:0006, type:6, len:9, p_val:0xd14041c8, *p_val:09656E09006A090100
01-18 12:57:34.785 D/bt_sdp  ( 1465): SDP_AddAttribute: handle:10007, id:0009, type:6, len:8, p_val:0xd14041c8, *p_val:3506191115090100
01-18 12:57:34.785 D/bt_sdp  ( 1465): SDP_AddAttribute: handle:10007, id:0100, type:4, len:21, p_val:0xe1b1d3b0, *p_val:Android Network User
01-18 12:57:34.785 D/bt_sdp  ( 1465): SDP_AddAttribute: handle:10007, id:0101, type:4, len:5, p_val:0xe46923e6, *p_val:PANU
01-18 12:57:34.785 D/bt_sdp  ( 1465): SDP_AddAttribute: handle:10007, id:030A, type:1, len:2, p_val:0xd18f3414, *p_val:0001
01-18 12:57:34.785 I/bt_btm  ( 1465): btm_sec_set_security_level : sec: 0x36
01-18 12:57:34.785 I/bt_btm  ( 1465): BTM_SEC_REG[11]: id 25, is_orig 1, psm 0x000f, proto_id 5, chan_id 4373
01-18 12:57:34.785 I/bt_btm  ( 1465):                : sec: 0x20b0, service name [Android Network User] (up to 21 chars saved)
01-18 12:57:34.785 I/bt_btm  ( 1465): btm_sec_set_security_level : sec: 0x36
01-18 12:57:34.785 I/bt_btm  ( 1465): BTM_SEC_REG[11]: id 25, is_orig 0, psm 0x000f, proto_id 5, chan_id 4373
01-18 12:57:34.785 I/bt_btm  ( 1465):                : sec: 0x30b6, service name [Android Network User] (up to 21 chars saved)
01-18 12:57:34.785 D/bt_sdp  ( 1465): SDP_AddAttribute: handle:10007, id:0005, type:6, len:3, p_val:0xe43ef008, *p_val:191002
01-18 12:57:34.785 I/bt_btif ( 1465): Adding UUID=0x1115 into EIR
01-18 12:57:34.785 D/bt_btif ( 1465): BTA is generating EIR
01-18 12:57:34.785 I/bt_btm  ( 1465): Write Extended Inquiry Response to controller
01-18 12:57:34.785 I/bt_btif ( 1465): bta_dm_eir_update_uuid UUID bit mask=0x00000080 00063400
01-18 12:57:34.785 I/bt_pan  ( 1465): PAN role set to: 5
01-18 12:57:34.785 I/bt_btif ( 1465): Adding UUID=0x1116 into EIR
01-18 12:57:34.785 D/bt_btif ( 1465): BTA is generating EIR
01-18 12:57:34.785 I/bt_btm  ( 1465): Write Extended Inquiry Response to controller
01-18 12:57:34.785 I/bt_btif ( 1465): bta_dm_eir_update_uuid UUID bit mask=0x00000080 00063400
01-18 12:57:34.786 I/bt_btif ( 1465): Removing UUID=0x1117 from EIR
01-18 12:57:34.786 D/bt_btif ( 1465): BTA is generating EIR
01-18 12:57:34.786 I/bt_btm  ( 1465): Write Extended Inquiry Response to controller
01-18 12:57:34.786 I/bt_btif ( 1465): bta_dm_eir_update_uuid UUID bit mask=0x00000080 00063400
01-18 12:57:34.786 I/bt_btif ( 1465): Adding UUID=0x1115 into EIR
01-18 12:57:34.786 D/bt_btif ( 1465): BTA is generating EIR
01-18 12:57:34.786 I/bt_btm  ( 1465): Write Extended Inquiry Response to controller
01-18 12:57:34.786 I/bt_btif ( 1465): bta_dm_eir_update_uuid UUID bit mask=0x00000080 00063400
01-18 12:57:34.786 D/bt_btif ( 1465): btif_transfer_context event 1, len 12
01-18 12:57:34.786 D/bt_btif ( 1465): btif task fetched event a001
01-18 12:57:34.786 D/bt_btif ( 1465): btif_context_switched
01-18 12:57:34.786 D/bt_btif ( 1465): BTA_PAN_ENABLE_EVT
01-18 12:57:34.786 D/bt_btif ( 1465): btif task fetched event a001
01-18 12:57:34.786 D/bt_btif ( 1465): btif_context_switched
01-18 12:57:34.786 D/bt_btif ( 1465): bta_pan_role:0x5
01-18 12:57:34.786 D/BluetoothPanServiceJni( 1465): control_state_callback(L61): state:0, local_role:3, ifname:bt-pan
01-18 12:57:34.788 D/BluetoothAdapterService( 1465): handleMessage() - Message: 1
01-18 12:57:34.788 D/BluetoothAdapterService( 1465): handleMessage() - MESSAGE_PROFILE_SERVICE_STATE_CHANGED
01-18 12:57:34.789 D/BluetoothAdapterService( 1465): processProfileServiceStateChanged() serviceName=com.android.bluetooth.a2dp.A2dpService, state=12, doUpdate=true
01-18 12:57:34.789 V/BluetoothAdapterState( 1465): isTurningOff()=false
01-18 12:57:34.789 V/BluetoothAdapterState( 1465): isTurningOn()=true
01-18 12:57:34.789 V/BluetoothAdapterState( 1465): isBleTurningOn()=false
01-18 12:57:34.789 V/BluetoothAdapterState( 1465): isBleTurningOff()=false
01-18 12:57:34.789 D/BluetoothAdapterService( 1465): processProfileServiceStateChanged() - serviceName=com.android.bluetooth.a2dp.A2dpService isTurningOn=true isTurningOff=false isBleTurningOn=false isBleTurningOff=false
01-18 12:57:34.790 D/BluetoothAdapterService( 1465): Service: com.android.bluetooth.gatt.GattService
01-18 12:57:34.790 D/BluetoothAdapterService( 1465): Skip GATT service - already started before
