01-18 12:56:16.925 E/AudioFlinger(  317): no wake lock to update, but system ready!
01-18 12:56:17.075 D/AudioHardwareTiny(  317): adev_set_parameters: kvpairs = A2dpSuspended=false
01-18 12:56:17.603 D/RecoveryReceiver( 1067): RECOVERY_STATE_FILE_TF:/mnt/external_sd/Recovery_state
01-18 12:56:17.641 I/ActivityManager(  552): Start proc 1226:android.rockchip.update.service/1000 for broadcast android.rockchip.update.service/.RKUpdateReceiver
01-18 12:56:17.649 E/art     ( 1226): setrlimit(RLIMIT_CORE) failed for pid 1226: Operation not permitted
01-18 12:56:17.730 D/RKUpdateReceiver( 1226): action = android.intent.action.MEDIA_MOUNTED
01-18 12:56:17.737 I/LatinIME(  733): Timeout waiting for dictionary load
01-18 12:56:17.743 I/ActivityManager(  552): Start proc 1243:android.process.media/u0a7 for broadcast com.android.providers.downloads/.DownloadReceiver
01-18 12:56:17.748 E/art     ( 1243): setrlimit(RLIMIT_CORE) failed for pid 1243: Operation not permitted
01-18 12:56:17.809 W/System  ( 1243): ClassLoader referenced unknown path: /system/priv-app/DownloadProvider/lib/arm64
01-18 12:56:17.843 W/System  ( 1243): ClassLoader referenced unknown path: /system/priv-app/MediaProvider/lib/arm64
01-18 12:56:17.845 D/ApplicationLoaders( 1243): ignored Vulkan layer search path /system/priv-app/MediaProvider/lib/arm64:/system/priv-app/MediaProvider/MediaProvider.apk!/lib/arm64-v8a:/system/lib64:/vendor/lib64 for namespace 0x7a875f70f0
01-18 12:56:18.043 D/MediaScannerReceiver( 1243): action: android.intent.action.MEDIA_MOUNTED path: /storage/emulated/0
01-18 12:56:18.064 I/ActivityManager(  552): Start proc 1262:com.android.quicksearchbox/u0a50 for broadcast com.android.quicksearchbox/.SearchWidgetProvider
01-18 12:56:18.069 E/art     ( 1262): setrlimit(RLIMIT_CORE) failed for pid 1262: Operation not permitted
01-18 12:56:18.114 W/System  ( 1262): ClassLoader referenced unknown path: /system/app/QuickSearchBox/lib/arm64
01-18 12:56:18.239 I/RecoverySystem(  552): No recovery log file
01-18 12:56:18.246 I/BootReceiver(  552): Copying audit failures to DropBox
01-18 12:56:18.246 E/DisplayOutputManager(  705): Unable to connect to display device management service! - is it running yet?
01-18 12:56:18.246 I/BootReceiver(  552): Checking for fsck errors
01-18 12:56:18.247 D/HdmiReceiver(  705): hdmi receiver action=android.intent.action.BOOT_COMPLETED
01-18 12:56:18.247 D/HdmiReceiver(  705): BOOT_COMPLETED
01-18 12:56:18.249 I/BootReceiver(  552): Copying /data/tombstones/tombstone_06 to DropBox (SYSTEM_TOMBSTONE)
01-18 12:56:18.260 W/System.err(  705): java.io.FileNotFoundException: /sys/class/graphics/fb0/dual_mode: open failed: ENOENT (No such file or directory)
01-18 12:56:18.262 W/System.err(  705): 	at libcore.io.IoBridge.open(IoBridge.java:455)
01-18 12:56:18.262 W/System.err(  705): 	at java.io.RandomAccessFile.<init>(RandomAccessFile.java:247)
01-18 12:56:18.263 W/System.err(  705): 	at com.android.settings.HdmiReceiver$InitDualModeTask.doInBackground(HdmiReceiver.java:213)
01-18 12:56:18.263 W/System.err(  705): 	at com.android.settings.HdmiReceiver$InitDualModeTask.doInBackground(HdmiReceiver.java:208)
01-18 12:56:18.264 W/System.err(  705): 	at android.os.AsyncTask$2.call(AsyncTask.java:305)
01-18 12:56:18.264 W/System.err(  705): 	at java.util.concurrent.FutureTask.run(FutureTask.java:237)
01-18 12:56:18.265 W/System.err(  705): 	at android.os.AsyncTask$SerialExecutor$1.run(AsyncTask.java:243)
01-18 12:56:18.265 W/System.err(  705): 	at java.util.concurrent.ThreadPoolExecutor.runWorker(ThreadPoolExecutor.java:1133)
01-18 12:56:18.265 W/System.err(  705): 	at java.util.concurrent.ThreadPoolExecutor$Worker.run(ThreadPoolExecutor.java:607)
01-18 12:56:18.266 W/System.err(  705): 	at java.lang.Thread.run(Thread.java:761)
01-18 12:56:18.266 W/System.err(  705): Caused by: android.system.ErrnoException: open failed: ENOENT (No such file or directory)
01-18 12:56:18.267 W/System.err(  705): 	at libcore.io.Posix.open(Native Method)
01-18 12:56:18.267 W/System.err(  705): 	at libcore.io.BlockGuardOs.open(BlockGuardOs.java:187)
01-18 12:56:18.267 W/System.err(  705): 	at libcore.io.IoBridge.open(IoBridge.java:441)
01-18 12:56:18.267 W/System.err(  705): 	... 9 more
01-18 12:56:18.268 D/StressTest( 1067): =========onReceive===rebootFlag:0
01-18 12:56:18.279 D/CarrierConfigLoader(  677): mHandler: 13 phoneId: 0
01-18 12:56:18.284 D/RKUpdateReceiver( 1226): action = android.intent.action.BOOT_COMPLETED
01-18 12:56:18.284 D/RKUpdateReceiver( 1226): RKUpdateReceiver recv ACTION_BOOT_COMPLETED.
01-18 12:56:18.286 W/ContextImpl( 1226): Calling a method in the system process without a qualified user: android.app.ContextImpl.startService:1357 android.content.ContextWrapper.startService:613 android.content.ContextWrapper.startService:613 android.rockchip.update.service.RKUpdateReceiver.onReceive:59 android.app.ActivityThread.handleReceiver:3041 
01-18 12:56:18.290 W/ContextImpl( 1226): Calling a method in the system process without a qualified user: android.app.ContextImpl.startService:1357 android.content.ContextWrapper.startService:613 android.content.ContextWrapper.startService:613 android.rockchip.update.service.RKUpdateReceiver.onReceive:65 android.app.ActivityThread.handleReceiver:3041 
01-18 12:56:18.298 I/android_rockchip_update_UpdateService.cpp( 1226): JNI_OnLoad
01-18 12:56:18.306 I/ActivityManager(  552): Start proc 1295:com.android.calendar/u0a27 for broadcast com.android.calendar/.alerts.AlertReceiver
01-18 12:56:18.307 D/RKUpdateService( 1226): starting RKUpdateService, version is 1.8.0
01-18 12:56:18.309 E/art     ( 1295): setrlimit(RLIMIT_CORE) failed for pid 1295: Operation not permitted
01-18 12:56:18.309 D/RKUpdateService( 1226): remote uri is http://192.168.1.143:2300/OtaUpdater/android?product=rk3399-mid&version=1.0.0&sn=QBDTNOQMQM&country=US&language=en
01-18 12:56:18.309 D/RKUpdateService( 1226): remote uri backup is http://192.168.1.143:2300/OtaUpdater/android?product=rk3399-mid&version=1.0.0&sn=QBDTNOQMQM&country=US&language=en
01-18 12:56:18.317 D/RKUpdateService( 1226): first startup!!!
01-18 12:56:18.329 D/RKUpdateService( 1226): onStartCommand.......
01-18 12:56:18.330 D/RKUpdateService( 1226): command = 1 delaytime = 20000
01-18 12:56:18.330 D/RKUpdateService( 1226): onStartCommand.......
01-18 12:56:18.330 D/RKUpdateService( 1226): command = 2 delaytime = 25000
01-18 12:56:18.349 W/System  ( 1295): ClassLoader referenced unknown path: /system/app/Calendar/lib/arm64
01-18 12:56:18.389 D/xzj     (  552): ----keygurad drawn done,exit bootanim----
01-18 12:56:18.411 D/SensorsHal(  552): Couldn't open /dev/mma8452_daemon (No such file or directory)
01-18 12:56:18.411 E/SensorService(  552): Error activating sensor 0 (Operation not permitted)
01-18 12:56:18.414 D/ExtensionsFactory( 1295): No custom extensions.
01-18 12:56:18.415 D/PhoneStatusBar(  685): disable: < expand* icons alerts system_info back* home* recent* clock search* quick_settings >
01-18 12:56:18.428 D/AlertReceiver( 1295): onReceive: a=android.intent.action.BOOT_COMPLETED Intent { act=android.intent.action.BOOT_COMPLETED flg=0x9000010 cmp=com.android.calendar/.alerts.AlertReceiver (has extras) }
01-18 12:56:18.449 D/GRALLOC-ROCKCHIP(  225): enter, w : 1200, h : 84, format : 0x1, usage : 0xb00.
01-18 12:56:18.453 D/GRALLOC-ROCKCHIP(  685): enter, w : 1200, h : 84, format : 0x1, usage : 0xb00.
01-18 12:56:18.465 I/AlarmClock( 1046): AlarmInitReceiver android.intent.action.BOOT_COMPLETED
01-18 12:56:18.500 D/AlertService( 1295): 0 Action = android.intent.action.BOOT_COMPLETED
01-18 12:56:18.515 V/AlarmClock( 1046): AlarmInitReceiver finished
01-18 12:56:18.527 I/ActivityManager(  552): Start proc 1323:com.android.email/u0a34 for broadcast com.android.email/.service.EmailBroadcastReceiver
01-18 12:56:18.531 E/art     ( 1323): setrlimit(RLIMIT_CORE) failed for pid 1323: Operation not permitted
01-18 12:56:18.536 D/AlertService( 1295): Scheduling next alarm with AlarmScheduler. sEventReminderReceived: null
01-18 12:56:18.563 I/ActivityManager(  552): Start proc 1338:com.android.providers.calendar/u0a2 for content provider com.android.providers.calendar/.CalendarProvider2
01-18 12:56:18.567 E/art     ( 1338): setrlimit(RLIMIT_CORE) failed for pid 1338: Operation not permitted
01-18 12:56:18.574 V/MediaScanner( 1243): pruneDeadThumbnailFiles... android.content.ContentProviderClient$CursorWrapperInner@ab533d9
01-18 12:56:18.583 V/MediaScanner( 1243): /pruneDeadThumbnailFiles... android.content.ContentProviderClient$CursorWrapperInner@ab533d9
01-18 12:56:18.593 W/System  ( 1323): ClassLoader referenced unknown path: /system/app/Email/lib/arm64
01-18 12:56:18.632 W/System  ( 1338): ClassLoader referenced unknown path: /system/priv-app/CalendarProvider/lib/arm64
01-18 12:56:18.745 I/CalendarProvider2( 1338): Created com.android.providers.calendar.CalendarAlarmManager@4dda884(com.android.providers.calendar.CalendarProvider2@5d1286d)
01-18 12:56:18.799 W/ActivityManager(  552): Unable to start service Intent { act=com.android.email.EXCHANGE_INTENT pkg=com.android.exchange } U=0: not found
01-18 12:56:18.822 D/ActivityThread( 1323): Loading provider com.android.email.provider;com.android.email.notifier: com.android.email.provider.EmailProvider
01-18 12:56:18.850 W/ActivityManager(  552): Unable to start service Intent { act=com.android.email.EXCHANGE_INTENT pkg=com.android.exchange } U=0: not found
01-18 12:56:18.893 I/SystemBroadcastReceiver(  733): Boot has been completed
01-18 12:56:18.893 I/SystemBroadcastReceiver(  733): toggleAppIcon() : FLAG_SYSTEM = true
01-18 12:56:18.932 E/art     ( 1366): setrlimit(RLIMIT_CORE) failed for pid 1366: Operation not permitted
01-18 12:56:18.933 I/ActivityManager(  552): Start proc 1366:com.android.managedprovisioning/u0a10 for broadcast com.android.managedprovisioning/.BootReminder
01-18 12:56:18.972 W/System  ( 1366): ClassLoader referenced unknown path: /system/priv-app/ManagedProvisioning/lib/arm64
01-18 12:56:19.009 D/AlarmScheduler( 1295): No events found starting within 1 week.
01-18 12:56:19.040 I/ActivityManager(  552): Start proc 1381:com.android.onetimeinitializer/u0a12 for broadcast com.android.onetimeinitializer/.OneTimeInitializerReceiver
01-18 12:56:19.045 E/art     ( 1381): setrlimit(RLIMIT_CORE) failed for pid 1381: Operation not permitted
01-18 12:56:19.090 W/System  ( 1381): ClassLoader referenced unknown path: /system/priv-app/OneTimeInitializer/lib/arm64
01-18 12:56:19.116 V/OneTimeInitializerRece( 1381): OneTimeInitializerReceiver.onReceive
01-18 12:56:19.129 V/VvmBootCompletedRcvr(  677): processing subId list
01-18 12:56:19.255 W/ActivityManager(  552): Unable to start service Intent { cmp=com.android.email/.service.AttachmentService } U=0: not found
01-18 12:56:19.255 W/ActivityManager(  552): Unable to start service Intent { cmp=com.android.email/.service.AttachmentService } U=0: not found
01-18 12:56:19.267 W/ActivityManager(  552): Unable to start service Intent { act=com.android.email.EXCHANGE_INTENT pkg=com.android.exchange } U=0: not found
01-18 12:56:19.273 W/art     ( 1323): Long monitor contention with owner AsyncTask #2 (1358) at android.database.sqlite.SQLiteDatabase com.android.email.provider.EmailProvider.getDatabase(android.content.Context)(EmailProvider.java:488) waiters=0 in void com.android.email.provider.AccountReconciler.reconcileAccounts(android.content.Context) for 354ms
01-18 12:56:19.282 W/ActivityManager(  552): Unable to start service Intent { act=com.android.email.EXCHANGE_INTENT pkg=com.android.exchange } U=0: not found
01-18 12:56:19.285 W/ActivityManager(  552): Unable to start service Intent { act=com.android.email.EXCHANGE_INTENT pkg=com.android.exchange } U=0: not found
01-18 12:56:19.289 E/ActivityThread( 1323): Service com.android.email.service.EmailBroadcastProcessorService has leaked ServiceConnection com.android.emailcommon.service.ServiceProxy$ProxyConnection@ab533d9 that was originally bound here
01-18 12:56:19.289 E/ActivityThread( 1323): android.app.ServiceConnectionLeaked: Service com.android.email.service.EmailBroadcastProcessorService has leaked ServiceConnection com.android.emailcommon.service.ServiceProxy$ProxyConnection@ab533d9 that was originally bound here
01-18 12:56:19.289 E/ActivityThread( 1323): 	at android.app.LoadedApk$ServiceDispatcher.<init>(LoadedApk.java:1336)
01-18 12:56:19.289 E/ActivityThread( 1323): 	at android.app.LoadedApk.getServiceDispatcher(LoadedApk.java:1231)
01-18 12:56:19.289 E/ActivityThread( 1323): 	at android.app.ContextImpl.bindServiceCommon(ContextImpl.java:1450)
01-18 12:56:19.289 E/ActivityThread( 1323): 	at android.app.ContextImpl.bindService(ContextImpl.java:1422)
01-18 12:56:19.289 E/ActivityThread( 1323): 	at android.content.ContextWrapper.bindService(ContextWrapper.java:636)
01-18 12:56:19.289 E/ActivityThread( 1323): 	at com.android.emailcommon.service.ServiceProxy.setTask(ServiceProxy.java:181)
01-18 12:56:19.289 E/ActivityThread( 1323): 	at com.android.emailcommon.service.ServiceProxy.test(ServiceProxy.java:224)
01-18 12:56:19.289 E/ActivityThread( 1323): 	at com.android.email.service.EmailServiceUtils.isServiceAvailable(EmailServiceUtils.java:160)
01-18 12:56:19.289 E/ActivityThread( 1323): 	at com.android.email.provider.AccountReconciler.reconcileAccountsInternal(AccountReconciler.java:171)
01-18 12:56:19.289 E/ActivityThread( 1323): 	at com.android.email.provider.AccountReconciler.reconcileAccounts(AccountReconciler.java:115)
01-18 12:56:19.289 E/ActivityThread( 1323): 	at com.android.email.service.EmailBroadcastProcessorService.reconcileAndStartServices(EmailBroadcastProcessorService.java:305)
01-18 12:56:19.289 E/ActivityThread( 1323): 	at com.android.email.service.EmailBroadcastProcessorService.onBootCompleted(EmailBroadcastProcessorService.java:295)
01-18 12:56:19.289 E/ActivityThread( 1323): 	at com.android.email.service.EmailBroadcastProcessorService.onHandleIntent(EmailBroadcastProcessorService.java:130)
01-18 12:56:19.289 E/ActivityThread( 1323): 	at android.app.IntentService$ServiceHandler.handleMessage(IntentService.java:68)
01-18 12:56:19.289 E/ActivityThread( 1323): 	at android.os.Handler.dispatchMessage(Handler.java:102)
01-18 12:56:19.289 E/ActivityThread( 1323): 	at android.os.Looper.loop(Looper.java:154)
01-18 12:56:19.289 E/ActivityThread( 1323): 	at android.os.HandlerThread.run(HandlerThread.java:61)
01-18 12:56:19.290 W/ActivityManager(  552): Unbind failed: could not find connection for android.os.BinderProxy@4dda977
01-18 12:56:19.297 I/Email   ( 1323): Observing account changes for notifications
01-18 12:56:19.299 W/ActivityManager(  552): Unable to start service Intent { act=com.android.email.EXCHANGE_INTENT pkg=com.android.exchange } U=0: not found
01-18 12:56:19.797 D/alsa_route(  317): route_set_controls() set route 24
01-18 12:56:19.797 D/AudioHardwareTiny(  317): close device
01-18 12:56:19.864 I/CalendarProvider2( 1338): Sending notification intent: Intent { act=android.intent.action.PROVIDER_CHANGED dat=content://com.android.calendar flg=0x20000000 }
01-18 12:56:19.865 W/ContentResolver( 1338): Failed to get type for: content://com.android.calendar (Unknown URL content://com.android.calendar)
01-18 12:56:19.870 D/AlertReceiver( 1295): onReceive: a=android.intent.action.PROVIDER_CHANGED Intent { act=android.intent.action.PROVIDER_CHANGED dat=content://com.android.calendar flg=0x20000010 cmp=com.android.calendar/.alerts.AlertReceiver }
01-18 12:56:19.880 D/AlertService( 1295): 0 Action = android.intent.action.PROVIDER_CHANGED
01-18 12:56:20.790 W/MediaScanner( 1243): Error opening directory '/oem/media/', skipping: No such file or directory.
01-18 12:56:20.935 V/MediaScanner( 1243): pruneDeadThumbnailFiles... android.content.ContentProviderClient$CursorWrapperInner@c283b98
01-18 12:56:20.937 V/MediaScanner( 1243): /pruneDeadThumbnailFiles... android.content.ContentProviderClient$CursorWrapperInner@c283b98
01-18 12:56:21.988 D/GRALLOC-ROCKCHIP(  225): enter, w : 1200, h : 1920, format : 0x1, usage : 0x1a00.
01-18 12:56:23.902 I/ActivityManager(  552): START u0 {act=android.intent.action.MAIN cat=[android.intent.category.LAUNCHER] flg=0x10200000 cmp=com.android.settings/.Settings bnds=[405,812][600,1126] (has extras)} from uid 10040 on display 0
01-18 12:56:23.910 I/AudioOut_D(  317): type=1400 audit(0.0:12): avc: denied { read } for name="audioformat" dev="sysfs" ino=20496 scontext=u:r:audioserver:s0 tcontext=u:object_r:sysfs:s0 tclass=file permissive=1
01-18 12:56:23.910 I/AudioOut_D(  317): type=1400 audit(0.0:13): avc: denied { open } for path="/sys/devices/platform/display-subsystem/drm/card0/card0-HDMI-A-1/audioformat" dev="sysfs" ino=20496 scontext=u:r:audioserver:s0 tcontext=u:object_r:sysfs:s0 tclass=file permissive=1
01-18 12:56:23.910 I/AudioOut_D(  317): type=1400 audit(0.0:14): avc: denied { getattr } for path="/sys/devices/platform/display-subsystem/drm/card0/card0-HDMI-A-1/audioformat" dev="sysfs" ino=20496 scontext=u:r:audioserver:s0 tcontext=u:object_r:sysfs:s0 tclass=file permissive=1
01-18 12:56:23.907 W/AudioTrack(  552): AUDIO_OUTPUT_FLAG_FAST denied by client; transfer 4, track 48000 Hz, output 44100 Hz
01-18 12:56:23.910 D/AudioHardwareTiny(  317): out_set_parameters: kvpairs = routing=2
01-18 12:56:23.912 D/AudioHardwareTiny(  317): start_output_stream
01-18 12:56:23.913 D/alsa_route(  317): route_info->sound_card 0, route_info->devices 0  
01-18 12:56:23.914 D/alsa_route(  317): route_set_controls() set route 0
01-18 12:56:23.986 D/GRALLOC-ROCKCHIP(  225): enter, w : 1200, h : 1920, format : 0x1, usage : 0x933.
01-18 12:56:23.987 D/GRALLOC-ROCKCHIP(  225): [File] : hardware/rockchip/libgralloc/gralloc_drm_rockchip.c; [Line] : 1315; [Func] : drm_gem_rockchip_alloc;
01-18 12:56:23.987 D/GRALLOC-ROCKCHIP(  225): to ask for cachable buffer for CPU read, usage : 0x933
01-18 12:56:24.006 D/GRALLOC-ROCKCHIP(  552): enter, w : 1200, h : 1920, format : 0x1, usage : 0x933.
01-18 12:56:24.006 D/GRALLOC-ROCKCHIP(  552): [File] : hardware/rockchip/libgralloc/gralloc_drm_rockchip.c; [Line] : 1315; [Func] : drm_gem_rockchip_alloc;
01-18 12:56:24.006 D/GRALLOC-ROCKCHIP(  552): to ask for cachable buffer for CPU read, usage : 0x933
01-18 12:56:24.151 W/System  (  705): ClassLoader referenced unknown path: 
01-18 12:56:24.151 W/System  (  705): ClassLoader referenced unknown path: /system/priv-app/TeleService/lib/arm64
01-18 12:56:24.153 D/ApplicationLoaders(  705): ignored Vulkan layer search path /system/priv-app/TeleService/lib/arm64:/system/lib64:/vendor/lib64 for namespace 0x7a875f60f0
01-18 12:56:24.200 I/IndexDatabaseHelper(  705): Using schema version: 115
01-18 12:56:24.202 I/IndexDatabaseHelper(  705): Index is fine
01-18 12:56:24.205 D/Index   (  705): Locale 'en_US' is already indexed
01-18 12:56:24.236 D/Index   (  705): Indexing locale 'en_US' took 30 millis
01-18 12:56:24.242 D/LocalBluetoothProfileManager(  705): Adding local MAP profile
01-18 12:56:24.246 D/BluetoothMap(  705): Create BluetoothMap proxy object
01-18 12:56:24.247 E/BluetoothMap(  705): Could not bind to Bluetooth MAP Service with Intent { act=android.bluetooth.IBluetoothMap }
01-18 12:56:24.249 E/BluetoothPbap(  705): Could not bind to Bluetooth Pbap Service with Intent { act=android.bluetooth.IBluetoothPbap }
01-18 12:56:24.249 D/LocalBluetoothProfileManager(  705): LocalBluetoothProfileManager construction complete
01-18 12:56:24.253 D/Index   (  705): Indexing locale 'en_US' took 9 millis
01-18 12:56:24.265 D/GRALLOC-ROCKCHIP(  225): enter, w : 1200, h : 1920, format : 0x1, usage : 0x900.
01-18 12:56:24.265 E/BufferQueueProducer(  225): [com.android.settings/com.android.settings.Settings] connect: already connected (cur=1 req=1)
01-18 12:56:24.266 D/mali_winsys(  705): EGLint new_window_surface(egl_winsys_display*, void*, EGLSurface, EGLConfig, egl_winsys_surface**, egl_color_buffer_format*, EGLBoolean) returns 0x3000
01-18 12:56:24.277 V/NFC     (  705): this device does not have NFC support
01-18 12:56:24.285 D/GRALLOC-ROCKCHIP(  225): enter, w : 1200, h : 1920, format : 0x1, usage : 0x900.
01-18 12:56:24.303 D/GRALLOC-ROCKCHIP(  225): enter, w : 1200, h : 1920, format : 0x1, usage : 0x900.
01-18 12:56:24.318 D/GRALLOC-ROCKCHIP(  225): enter, w : 1200, h : 1920, format : 0x1, usage : 0x900.
01-18 12:56:24.330 I/ProcessStatsService(  552): Added stats: 2013-01-18-11-46-05, over +1h8m19s673ms
01-18 12:56:24.342 W/ProcStatsManager(  705): No process com.android.providers.calendar/10002 for service com.android.providers.calendar.EmptyService
01-18 12:56:24.342 W/ProcStatsManager(  705): No process com.android.providers.calendar/10002 for service com.android.providers.calendar.CalendarProviderIntentService
01-18 12:56:24.342 W/ProcStatsManager(  705): No process android.process.media/10007 for service com.android.providers.media.MediaScannerService
01-18 12:56:24.342 W/ProcStatsManager(  705): No process com.android.calendar/10027 for service com.android.calendar.alerts.InitAlarmsService
01-18 12:56:24.342 W/ProcStatsManager(  705): No process com.android.calendar/10027 for service com.android.calendar.alerts.AlertService
01-18 12:56:24.342 W/ProcStatsManager(  705): No process com.android.printspooler/10049 for service com.android.printspooler.model.PrintSpoolerService
01-18 12:56:24.342 W/ProcStatsManager(  705): No process com.android.onetimeinitializer/10012 for service com.android.onetimeinitializer.OneTimeInitializerService
01-18 12:56:24.342 W/ProcStatsManager(  705): No process com.android.keychain/1000 for service com.android.keychain.KeyChainService
01-18 12:56:24.342 W/ProcStatsManager(  705): No process android.ext.services/10008 for service android.ext.services.notification.Ranker
01-18 12:56:24.344 W/ProcStatsManager(  705): No process com.android.inputmethod.latin/10039 for service com.android.inputmethod.latin.LatinIME
01-18 12:56:24.344 W/ProcStatsManager(  705): No process com.android.smspush/10054 for service com.android.smspush.WapPushManager
01-18 12:56:24.344 W/ProcStatsManager(  705): No process com.android.email/10034 for service com.android.email.service.EmailBroadcastProcessorService
01-18 12:56:24.367 W/DataUsageController(  705): Failed to get data usage, no subscriber id
01-18 12:56:24.370 D/GRALLOC-ROCKCHIP(  225): enter, w : 1200, h : 1920, format : 0x1, usage : 0xb00.
01-18 12:56:24.382 D/GRALLOC-ROCKCHIP(  705): enter, w : 1200, h : 1920, format : 0x1, usage : 0xb00.
01-18 12:56:24.393 D/GRALLOC-ROCKCHIP(  225): enter, w : 1200, h : 1920, format : 0x1, usage : 0xb00.
01-18 12:56:24.406 D/GRALLOC-ROCKCHIP(  705): enter, w : 1200, h : 1920, format : 0x1, usage : 0xb00.
01-18 12:56:24.409 D/DashboardSummary(  705): onConditionsChanged
01-18 12:56:24.411 D/WifiNative-HAL(  552): Failing getSupportedFeatureset because HAL isn't started
01-18 12:56:24.413 I/ActivityManager(  552): Displayed com.android.settings/.Settings: +480ms
01-18 12:56:24.414 E/BatteryStatsService(  552): no controller energy info supplied
01-18 12:56:24.414 E/BatteryStatsService(  552): no controller energy info supplied
01-18 12:56:24.417 E/PhoneInterfaceManager(  677): [PhoneIntfMgr] queryModemActivityInfo: Empty response
01-18 12:56:24.421 E/BatteryStatsService(  552): modem info is invalid: ModemActivityInfo{ mTimestamp=0 mSleepTimeMs=0 mIdleTimeMs=0 mTxTimeMs[]=[0, 0, 0, 0, 0] mRxTimeMs=0 mEnergyUsed=0}
01-18 12:56:24.527 D/GRALLOC-ROCKCHIP(  225): enter, w : 1200, h : 1920, format : 0x1, usage : 0xb00.
01-18 12:56:24.542 D/GRALLOC-ROCKCHIP(  705): enter, w : 1200, h : 1920, format : 0x1, usage : 0xb00.
01-18 12:56:24.602 D/GRALLOC-ROCKCHIP(  225): enter, w : 1200, h : 1920, format : 0x1, usage : 0xb00.
01-18 12:56:24.615 D/GRALLOC-ROCKCHIP(  705): enter, w : 1200, h : 1920, format : 0x1, usage : 0xb00.
01-18 12:56:24.920 I/GlobalDismissManager( 1295): no sender configured
01-18 12:56:24.921 D/AlertService( 1295): Beginning updateAlertNotification
01-18 12:56:24.958 D/AlertService( 1295): No fired or scheduled alerts
01-18 12:56:24.969 D/AlertService( 1295): Scheduling next alarm with AlarmScheduler. sEventReminderReceived: null
01-18 12:56:24.983 D/AlarmScheduler( 1295): No events found starting within 1 week.
01-18 12:56:26.039 V/DeadZone(  685): consuming errant click: (362.69775,9.03894)
01-18 12:56:26.042 W/ViewRootImpl[Launcher]( 1165): Cancelling event due to no window focus: MotionEvent { action=ACTION_CANCEL, actionButton=0, id[0]=0, x[0]=505.5787, y[0]=945.5075, toolType[0]=TOOL_TYPE_FINGER, buttonState=0, metaState=0, flags=0x0, edgeFlags=0x0, pointerCount=1, historySize=0, eventTime=32866, downTime=30664, deviceId=2, source=0x1002 }
01-18 12:56:26.042 W/ViewRootImpl[Launcher]( 1165): Cancelling event due to no window focus: MotionEvent { action=ACTION_CANCEL, actionButton=0, id[0]=0, x[0]=505.5787, y[0]=945.5075, toolType[0]=TOOL_TYPE_FINGER, buttonState=0, metaState=0, flags=0x0, edgeFlags=0x0, pointerCount=1, historySize=0, eventTime=32866, downTime=30664, deviceId=2, source=0x1002 }
01-18 12:56:26.043 W/ViewRootImpl[Launcher]( 1165): Cancelling event due to no window focus: MotionEvent { action=ACTION_CANCEL, actionButton=0, id[0]=0, x[0]=505.5787, y[0]=945.5075, toolType[0]=TOOL_TYPE_FINGER, buttonState=0, metaState=0, flags=0x0, edgeFlags=0x0, pointerCount=1, historySize=0, eventTime=32866, downTime=30664, deviceId=2, source=0x1002 }
01-18 12:56:26.043 W/ViewRootImpl[Launcher]( 1165): Cancelling event due to no window focus: MotionEvent { action=ACTION_CANCEL, actionButton=0, id[0]=0, x[0]=505.5787, y[0]=945.5075, toolType[0]=TOOL_TYPE_FINGER, buttonState=0, metaState=0, flags=0x0, edgeFlags=0x0, pointerCount=1, historySize=0, eventTime=32866, downTime=30664, deviceId=2, source=0x1002 }
01-18 12:56:26.651 D/AudioHardwareTiny(  317): out_set_parameters: kvpairs = routing=2
01-18 12:56:26.739 D/PermissionCache(  225): checking android.permission.READ_FRAME_BUFFER for uid=1000 => granted (1061 us)
01-18 12:56:26.740 D/GRALLOC-ROCKCHIP(  225): enter, w : 720, h : 1076, format : 0x1, usage : 0x333.
01-18 12:56:26.740 D/GRALLOC-ROCKCHIP(  225): [File] : hardware/rockchip/libgralloc/gralloc_drm_rockchip.c; [Line] : 1315; [Func] : drm_gem_rockchip_alloc;
01-18 12:56:26.740 D/GRALLOC-ROCKCHIP(  225): to ask for cachable buffer for CPU read, usage : 0x333
01-18 12:56:26.746 D/GRALLOC-ROCKCHIP(  552): enter, w : 720, h : 1076, format : 0x1, usage : 0x333.
01-18 12:56:26.746 D/GRALLOC-ROCKCHIP(  552): [File] : hardware/rockchip/libgralloc/gralloc_drm_rockchip.c; [Line] : 1315; [Func] : drm_gem_rockchip_alloc;
01-18 12:56:26.746 D/GRALLOC-ROCKCHIP(  552): to ask for cachable buffer for CPU read, usage : 0x333
01-18 12:56:26.747 D/GRALLOC-ROCKCHIP(  225): enter, w : 720, h : 1076, format : 0x1, usage : 0x333.
01-18 12:56:26.747 D/GRALLOC-ROCKCHIP(  225): [File] : hardware/rockchip/libgralloc/gralloc_drm_rockchip.c; [Line] : 1315; [Func] : drm_gem_rockchip_alloc;
01-18 12:56:26.747 D/GRALLOC-ROCKCHIP(  225): to ask for cachable buffer for CPU read, usage : 0x333
01-18 12:56:26.799 D/GRALLOC-ROCKCHIP(  225): enter, w : 1200, h : 1920, format : 0x1, usage : 0x900.
01-18 12:56:26.815 D/GRALLOC-ROCKCHIP(  225): enter, w : 1200, h : 1920, format : 0x1, usage : 0x900.
01-18 12:56:26.820 D/NuPlayerDriver(  314): reset(0xe6607060) at state 6
01-18 12:56:26.820 D/NuPlayerDriver(  314): notifyListener_l(0xe6607060), (8, 0, 0), loop setting(0, 0)
01-18 12:56:26.828 D/GRALLOC-ROCKCHIP(  225): enter, w : 1200, h : 1920, format : 0x1, usage : 0x900.
01-18 12:56:26.831 W/AMessage(  314): failed to post message as target looper for handler 0 is gone.
01-18 12:56:26.832 D/NuPlayerDriver(  314): notifyResetComplete(0xe6607060)
01-18 12:56:26.844 D/GRALLOC-ROCKCHIP(  225): enter, w : 1200, h : 1920, format : 0x1, usage : 0x900.
01-18 12:56:26.856 E/BufferQueueProducer(  225): [com.android.launcher3/com.android.launcher3.Launcher] connect: already connected (cur=1 req=1)
01-18 12:56:26.856 D/mali_winsys( 1165): EGLint new_window_surface(egl_winsys_display*, void*, EGLSurface, EGLConfig, egl_winsys_surface**, egl_color_buffer_format*, EGLBoolean) returns 0x3000
01-18 12:56:26.901 D/GRALLOC-ROCKCHIP(  225): enter, w : 1200, h : 1920, format : 0x1, usage : 0xb00.
01-18 12:56:26.923 D/GRALLOC-ROCKCHIP( 1165): enter, w : 1200, h : 1920, format : 0x1, usage : 0xb00.
01-18 12:56:26.937 D/GRALLOC-ROCKCHIP(  225): enter, w : 1200, h : 1920, format : 0x1, usage : 0xb00.
01-18 12:56:26.951 D/GRALLOC-ROCKCHIP( 1165): enter, w : 1200, h : 1920, format : 0x1, usage : 0xb00.
01-18 12:56:27.390 W/OpenGLRenderer( 1165): Incorrectly called buildLayer on View: ShortcutAndWidgetContainer, destroying layer...
01-18 12:56:27.402 D/GRALLOC-ROCKCHIP(  225): enter, w : 1200, h : 1920, format : 0x1, usage : 0xb00.
01-18 12:56:27.416 D/GRALLOC-ROCKCHIP( 1165): enter, w : 1200, h : 1920, format : 0x1, usage : 0xb00.
01-18 12:56:28.147 D/AudioHardwareTiny(  317): out_set_parameters: kvpairs = routing=2
01-18 12:56:28.194 I/ActivityManager(  552): START u0 {act=android.intent.action.MAIN cat=[android.intent.category.HOME] flg=0x10200000 cmp=com.android.launcher3/.Launcher (has extras)} from uid 1000 on display 0
01-18 12:56:28.228 D/GRALLOC-ROCKCHIP(  225): enter, w : 1200, h : 1920, format : 0x1, usage : 0xb00.
01-18 12:56:28.242 D/GRALLOC-ROCKCHIP( 1165): enter, w : 1200, h : 1920, format : 0x1, usage : 0xb00.
01-18 12:56:28.270 W/OpenGLRenderer( 1165): Incorrectly called buildLayer on View: QsbContainerView, destroying layer...
01-18 12:56:31.249 D/alsa_route(  317): route_set_controls() set route 24
01-18 12:56:31.250 D/AudioHardwareTiny(  317): close device
01-18 12:56:33.289 I/ActivityManager(  552): Waited long enough for: ServiceRecord{ff498c6 u0 android.rockchip.update.service/.RKUpdateService}
01-18 12:56:33.532 I/ActivityManager(  552): Waited long enough for: ServiceRecord{c70ae23 u0 com.android.calendar/.alerts.InitAlarmsService}
01-18 12:56:34.275 I/ActivityManager(  552): START u0 {act=android.intent.action.MAIN cat=[android.intent.category.LAUNCHER] flg=0x10200000 cmp=com.android.settings/.Settings bnds=[405,812][600,1126] (has extras)} from uid 10040 on display 0
01-18 12:56:34.277 D/AudioHardwareTiny(  317): out_set_parameters: kvpairs = routing=2
01-18 12:56:34.279 D/AudioHardwareTiny(  317): start_output_stream
01-18 12:56:34.279 D/alsa_route(  317): route_info->sound_card 0, route_info->devices 0  
01-18 12:56:34.280 D/alsa_route(  317): route_set_controls() set route 0
01-18 12:56:34.389 D/GRALLOC-ROCKCHIP(  225): enter, w : 1200, h : 1920, format : 0x1, usage : 0x933.
01-18 12:56:34.389 D/GRALLOC-ROCKCHIP(  225): [File] : hardware/rockchip/libgralloc/gralloc_drm_rockchip.c; [Line] : 1315; [Func] : drm_gem_rockchip_alloc;
01-18 12:56:34.389 D/GRALLOC-ROCKCHIP(  225): to ask for cachable buffer for CPU read, usage : 0x933
01-18 12:56:34.403 D/GRALLOC-ROCKCHIP(  552): enter, w : 1200, h : 1920, format : 0x1, usage : 0x933.
01-18 12:56:34.403 D/GRALLOC-ROCKCHIP(  552): [File] : hardware/rockchip/libgralloc/gralloc_drm_rockchip.c; [Line] : 1315; [Func] : drm_gem_rockchip_alloc;
01-18 12:56:34.403 D/GRALLOC-ROCKCHIP(  552): to ask for cachable buffer for CPU read, usage : 0x933
01-18 12:56:34.433 D/GRALLOC-ROCKCHIP(  225): enter, w : 1200, h : 1920, format : 0x1, usage : 0x900.
01-18 12:56:34.434 D/Index   (  705): Locale 'en_US' is already indexed
01-18 12:56:34.443 D/Index   (  705): Indexing locale 'en_US' took 8 millis
01-18 12:56:34.446 D/GRALLOC-ROCKCHIP(  225): enter, w : 1200, h : 1920, format : 0x1, usage : 0x900.
01-18 12:56:34.460 D/GRALLOC-ROCKCHIP(  225): enter, w : 1200, h : 1920, format : 0x1, usage : 0x900.
01-18 12:56:34.475 I/ProcessStatsService(  552): Added stats: 2013-01-18-11-46-05, over +1h8m19s673ms
01-18 12:56:34.481 D/GRALLOC-ROCKCHIP(  225): enter, w : 1200, h : 1920, format : 0x1, usage : 0x900.
01-18 12:56:34.483 D/Index   (  705): Indexing locale 'en_US' took 14 millis
01-18 12:56:34.494 W/ProcStatsManager(  705): No process com.android.providers.calendar/10002 for service com.android.providers.calendar.EmptyService
01-18 12:56:34.494 W/ProcStatsManager(  705): No process com.android.providers.calendar/10002 for service com.android.providers.calendar.CalendarProviderIntentService
01-18 12:56:34.494 W/ProcStatsManager(  705): No process android.process.media/10007 for service com.android.providers.media.MediaScannerService
01-18 12:56:34.494 W/ProcStatsManager(  705): No process com.android.calendar/10027 for service com.android.calendar.alerts.InitAlarmsService
01-18 12:56:34.494 W/ProcStatsManager(  705): No process com.android.calendar/10027 for service com.android.calendar.alerts.AlertService
01-18 12:56:34.494 W/ProcStatsManager(  705): No process com.android.printspooler/10049 for service com.android.printspooler.model.PrintSpoolerService
01-18 12:56:34.494 W/ProcStatsManager(  705): No process com.android.onetimeinitializer/10012 for service com.android.onetimeinitializer.OneTimeInitializerService
01-18 12:56:34.494 W/ProcStatsManager(  705): No process com.android.keychain/1000 for service com.android.keychain.KeyChainService
01-18 12:56:34.494 W/ProcStatsManager(  705): No process android.ext.services/10008 for service android.ext.services.notification.Ranker
01-18 12:56:34.494 W/ProcStatsManager(  705): No process com.android.inputmethod.latin/10039 for service com.android.inputmethod.latin.LatinIME
01-18 12:56:34.494 W/ProcStatsManager(  705): No process com.android.smspush/10054 for service com.android.smspush.WapPushManager
01-18 12:56:34.494 W/ProcStatsManager(  705): No process com.android.email/10034 for service com.android.email.service.EmailBroadcastProcessorService
01-18 12:56:34.502 E/BufferQueueProducer(  225): [com.android.settings/com.android.settings.Settings] connect: already connected (cur=1 req=1)
01-18 12:56:34.503 D/mali_winsys(  705): EGLint new_window_surface(egl_winsys_display*, void*, EGLSurface, EGLConfig, egl_winsys_surface**, egl_color_buffer_format*, EGLBoolean) returns 0x3000
01-18 12:56:34.525 D/GRALLOC-ROCKCHIP(  225): enter, w : 1200, h : 1920, format : 0x1, usage : 0xb00.
01-18 12:56:34.541 W/DataUsageController(  705): Failed to get data usage, no subscriber id
01-18 12:56:34.544 D/GRALLOC-ROCKCHIP(  705): enter, w : 1200, h : 1920, format : 0x1, usage : 0xb00.
01-18 12:56:34.559 D/GRALLOC-ROCKCHIP(  225): enter, w : 1200, h : 1920, format : 0x1, usage : 0xb00.
01-18 12:56:34.575 D/GRALLOC-ROCKCHIP(  705): enter, w : 1200, h : 1920, format : 0x1, usage : 0xb00.
01-18 12:56:34.579 D/DashboardSummary(  705): onConditionsChanged
01-18 12:56:34.591 I/ActivityManager(  552): Displayed com.android.settings/.Settings: +287ms
01-18 12:56:34.604 D/WifiNative-HAL(  552): Failing getSupportedFeatureset because HAL isn't started
01-18 12:56:34.605 E/BatteryStatsService(  552): no controller energy info supplied
01-18 12:56:34.605 E/BatteryStatsService(  552): no controller energy info supplied
01-18 12:56:34.607 E/PhoneInterfaceManager(  677): [PhoneIntfMgr] queryModemActivityInfo: Empty response
01-18 12:56:34.612 E/BatteryStatsService(  552): modem info is invalid: ModemActivityInfo{ mTimestamp=0 mSleepTimeMs=0 mIdleTimeMs=0 mTxTimeMs[]=[0, 0, 0, 0, 0] mRxTimeMs=0 mEnergyUsed=0}
01-18 12:56:34.681 D/GRALLOC-ROCKCHIP(  225): enter, w : 1200, h : 1920, format : 0x1, usage : 0xb00.
01-18 12:56:34.695 D/GRALLOC-ROCKCHIP(  705): enter, w : 1200, h : 1920, format : 0x1, usage : 0xb00.
01-18 12:56:34.796 D/GRALLOC-ROCKCHIP(  225): enter, w : 1200, h : 1920, format : 0x1, usage : 0xb00.
01-18 12:56:34.809 D/GRALLOC-ROCKCHIP(  705): enter, w : 1200, h : 1920, format : 0x1, usage : 0xb00.
01-18 12:56:37.486 D/alsa_route(  317): route_set_controls() set route 24
01-18 12:56:37.486 D/AudioHardwareTiny(  317): close device
01-18 12:56:38.370 D/RKUpdateService( 1226): WorkHandler::handleMessage() : To perform 'COMMAND_CHECK_LOCAL_UPDATING'.
01-18 12:56:38.371 D/RKUpdateService( 1226): getValidFirmwareImageFile() : Target image file path : /data/media/0/update.zip
01-18 12:56:38.371 D/RKUpdateService( 1226): getValidFirmwareImageFile() : Target image file path : /storage/emulated/0/update.zip
01-18 12:56:43.387 D/NetworkSecurityConfig( 1226): No Network Security Config specified, using platform default
01-18 12:56:43.415 D/RKUpdateService( 1226): request remote server error...
01-18 12:56:48.462 D/RKUpdateService( 1226): request remote server error...
01-18 12:56:48.582 D/InitAlarmsService( 1295): Clearing and rescheduling alarms.
01-18 12:57:21.389 W/art     ( 1028): Receiving file descriptor from ADB failed (socket 28): Connection reset by peer
01-18 12:57:21.389 W/art     ( 1111): Receiving file descriptor from ADB failed (socket 28): Connection reset by peer
01-18 12:57:21.389 W/art     (  705): Receiving file descriptor from ADB failed (socket 32): Connection reset by peer
01-18 12:57:21.390 W/art     ( 1067): Receiving file descriptor from ADB failed (socket 32): Connection reset by peer
01-18 12:57:21.391 W/art     ( 1381): Receiving file descriptor from ADB failed (socket 28): Connection reset by peer
01-18 12:57:21.670 D/RKUpdateReceiver( 1226): action = android.hardware.usb.action.USB_STATE
01-18 12:57:21.804 D/RKUpdateReceiver( 1226): action = android.hardware.usb.action.USB_STATE
01-18 12:57:31.839 W/ViewRootImpl[Launcher]( 1165): Cancelling event due to no window focus: MotionEvent { action=ACTION_CANCEL, actionButton=0, id[0]=1, x[0]=503.58035, y[0]=947.5065, toolType[0]=TOOL_TYPE_FINGER, buttonState=0, metaState=0, flags=0x0, edgeFlags=0x0, pointerCount=1, historySize=0, eventTime=98664, downTime=41081, deviceId=2, source=0x1002 }
01-18 12:57:31.839 W/ViewRootImpl[Launcher]( 1165): Cancelling event due to no window focus: MotionEvent { action=ACTION_CANCEL, actionButton=0, id[0]=1, x[0]=503.58035, y[0]=947.5065, toolType[0]=TOOL_TYPE_FINGER, buttonState=0, metaState=0, flags=0x0, edgeFlags=0x0, pointerCount=1, historySize=0, eventTime=98664, downTime=41081, deviceId=2, source=0x1002 }
01-18 12:57:31.839 W/ViewRootImpl[Launcher]( 1165): Cancelling event due to no window focus: MotionEvent { action=ACTION_CANCEL, actionButton=0, id[0]=1, x[0]=503.58035, y[0]=947.5065, toolType[0]=TOOL_TYPE_FINGER, buttonState=0, metaState=0, flags=0x0, edgeFlags=0x0, pointerCount=1, historySize=0, eventTime=98664, downTime=41081, deviceId=2, source=0x1002 }
01-18 12:57:31.839 W/ViewRootImpl[Launcher]( 1165): Cancelling event due to no window focus: MotionEvent { action=ACTION_CANCEL, actionButton=0, id[0]=1, x[0]=503.58035, y[0]=947.5065, toolType[0]=TOOL_TYPE_FINGER, buttonState=0, metaState=0, flags=0x0, edgeFlags=0x0, pointerCount=1, historySize=0, eventTime=98664, downTime=41081, deviceId=2, source=0x1002 }
01-18 12:57:31.897 D/AudioHardwareTiny(  317): out_set_parameters: kvpairs = routing=2
01-18 12:57:31.896 I/AudioOut_D(  317): type=1400 audit(0.0:15): avc: denied { read } for name="audioformat" dev="sysfs" ino=20496 scontext=u:r:audioserver:s0 tcontext=u:object_r:sysfs:s0 tclass=file permissive=1
01-18 12:57:31.896 I/AudioOut_D(  317): type=1400 audit(0.0:16): avc: denied { open } for path="/sys/devices/platform/display-subsystem/drm/card0/card0-HDMI-A-1/audioformat" dev="sysfs" ino=20496 scontext=u:r:audioserver:s0 tcontext=u:object_r:sysfs:s0 tclass=file permissive=1
01-18 12:57:31.896 I/AudioOut_D(  317): type=1400 audit(0.0:17): avc: denied { getattr } for path="/sys/devices/platform/display-subsystem/drm/card0/card0-HDMI-A-1/audioformat" dev="sysfs" ino=20496 scontext=u:r:audioserver:s0 tcontext=u:object_r:sysfs:s0 tclass=file permissive=1
01-18 12:57:31.898 D/AudioHardwareTiny(  317): start_output_stream
01-18 12:57:31.901 D/alsa_route(  317): route_info->sound_card 0, route_info->devices 0  
01-18 12:57:31.902 D/alsa_route(  317): route_set_controls() set route 0
01-18 12:57:31.905 I/ActivityManager(  552): START u0 {flg=0x8000 cmp=com.android.settings/.Settings$BluetoothSettingsActivity (has extras)} from uid 1000 on display 0
01-18 12:57:32.085 D/Index   (  705): Indexing locale 'en_US' took 7 millis
01-18 12:57:32.089 D/LocalBluetoothManager(  705): setting foreground activity to non-null context
01-18 12:57:32.099 D/Index   (  705): Indexing locale 'en_US' took 7 millis
01-18 12:57:32.146 D/GRALLOC-ROCKCHIP(  225): enter, w : 1200, h : 1920, format : 0x1, usage : 0x900.
01-18 12:57:32.158 D/GRALLOC-ROCKCHIP(  225): enter, w : 1200, h : 1920, format : 0x1, usage : 0x900.
01-18 12:57:32.170 D/GRALLOC-ROCKCHIP(  225): enter, w : 1200, h : 1920, format : 0x1, usage : 0x900.
01-18 12:57:32.182 D/GRALLOC-ROCKCHIP(  225): enter, w : 1200, h : 1920, format : 0x1, usage : 0x900.
01-18 12:57:32.193 E/BufferQueueProducer(  225): [com.android.settings/com.android.settings.Settings$BluetoothSettingsActivity] connect: already connected (cur=1 req=1)
01-18 12:57:32.193 D/mali_winsys(  705): EGLint new_window_surface(egl_winsys_display*, void*, EGLSurface, EGLConfig, egl_winsys_surface**, egl_color_buffer_format*, EGLBoolean) returns 0x3000
01-18 12:57:32.214 D/Index   (  705): Deleting data for locale 'en_US' took 3 millis
01-18 12:57:32.217 D/Index   (  705): Indexing locale 'en_US' took 3 millis
01-18 12:57:32.234 D/GRALLOC-ROCKCHIP(  225): enter, w : 1200, h : 1920, format : 0x1, usage : 0xb00.
01-18 12:57:32.245 D/GRALLOC-ROCKCHIP(  705): enter, w : 1200, h : 1920, format : 0x1, usage : 0xb00.
01-18 12:57:32.266 D/GRALLOC-ROCKCHIP(  225): enter, w : 1200, h : 1920, format : 0x1, usage : 0xb00.
01-18 12:57:32.277 D/GRALLOC-ROCKCHIP(  705): enter, w : 1200, h : 1920, format : 0x1, usage : 0xb00.
01-18 12:57:32.292 I/ActivityManager(  552): Displayed com.android.settings/.Settings$BluetoothSettingsActivity: +371ms
01-18 12:57:32.396 D/GRALLOC-ROCKCHIP(  225): enter, w : 1200, h : 1920, format : 0x1, usage : 0xb00.
01-18 12:57:32.422 D/GRALLOC-ROCKCHIP(  705): enter, w : 1200, h : 1920, format : 0x1, usage : 0xb00.
01-18 12:57:32.476 D/OpenGLRenderer(  705): endAllActiveAnimators on 0x7a69cd6800 (RippleDrawable) with handle 0x7a69eedfa0
01-18 12:57:33.678 W/ViewRootImpl[Settings](  705): Cancelling event due to no window focus: MotionEvent { action=ACTION_CANCEL, actionButton=0, id[0]=0, x[0]=203.83014, y[0]=777.595, toolType[0]=TOOL_TYPE_FINGER, buttonState=0, metaState=0, flags=0x0, edgeFlags=0x0, pointerCount=1, historySize=0, eventTime=100504, downTime=98664, deviceId=2, source=0x1002 }
01-18 12:57:33.678 W/ViewRootImpl[Settings](  705): Cancelling event due to no window focus: MotionEvent { action=ACTION_CANCEL, actionButton=0, id[0]=0, x[0]=203.83014, y[0]=777.595, toolType[0]=TOOL_TYPE_FINGER, buttonState=0, metaState=0, flags=0x0, edgeFlags=0x0, pointerCount=1, historySize=0, eventTime=100504, downTime=98664, deviceId=2, source=0x1002 }
01-18 12:57:33.678 W/ViewRootImpl[Settings](  705): Cancelling event due to no window focus: MotionEvent { action=ACTION_CANCEL, actionButton=0, id[0]=0, x[0]=203.83014, y[0]=777.595, toolType[0]=TOOL_TYPE_FINGER, buttonState=0, metaState=0, flags=0x0, edgeFlags=0x0, pointerCount=1, historySize=0, eventTime=100504, downTime=98664, deviceId=2, source=0x1002 }
01-18 12:57:33.678 W/ViewRootImpl[Settings](  705): Cancelling event due to no window focus: MotionEvent { action=ACTION_CANCEL, actionButton=0, id[0]=0, x[0]=203.83014, y[0]=777.595, toolType[0]=TOOL_TYPE_FINGER, buttonState=0, metaState=0, flags=0x0, edgeFlags=0x0, pointerCount=1, historySize=0, eventTime=100504, downTime=98664, deviceId=2, source=0x1002 }
01-18 12:57:33.724 D/GRALLOC-ROCKCHIP(  225): enter, w : 1200, h : 1920, format : 0x1, usage : 0xb00.
01-18 12:57:33.740 D/GRALLOC-ROCKCHIP(  705): enter, w : 1200, h : 1920, format : 0x1, usage : 0xb00.
01-18 12:57:33.745 D/BluetoothManagerService(  552): enable(com.android.settings):  mBluetooth =null mBinding = false mState = OFF
01-18 12:57:33.746 D/BluetoothManagerService(  552): enable returning
01-18 12:57:33.746 D/BluetoothManagerService(  552): MESSAGE_ENABLE(0): mBluetooth = null
01-18 12:57:33.765 D/AudioHardwareTiny(  317): out_set_parameters: kvpairs = routing=2
01-18 12:57:33.770 I/ActivityManager(  552): Start proc 1465:com.android.bluetooth/1002 for service com.android.bluetooth/.btservice.AdapterService
01-18 12:57:33.774 E/art     ( 1465): setrlimit(RLIMIT_CORE) failed for pid 1465: Operation not permitted
01-18 12:57:33.913 E/RTKBT   ( 1465): jniRegisterNativeMethods
01-18 12:57:33.962 D/AdapterServiceConfig( 1465): Adding A2dpService
01-18 12:57:33.963 D/AdapterServiceConfig( 1465): Adding HidService
01-18 12:57:33.963 D/AdapterServiceConfig( 1465): Adding PanService
01-18 12:57:33.963 D/AdapterServiceConfig( 1465): Adding GattService
01-18 12:57:33.973 D/WifiHW  ( 1465): uevent path:/sys/bus/sdio/devices/./uevent
01-18 12:57:33.973 D/WifiHW  ( 1465): uevent path:/sys/bus/sdio/devices/../uevent
01-18 12:57:33.973 D/WifiHW  ( 1465): wifi detectd return ret:-1
01-18 12:57:33.973 D/WifiHW  ( 1465): uevent path:/sys/bus/usb/devices/./uevent
01-18 12:57:33.973 D/WifiHW  ( 1465): uevent path:/sys/bus/usb/devices/../uevent
01-18 12:57:33.973 D/WifiHW  ( 1465): uevent path:/sys/bus/usb/devices/2-1/uevent
01-18 12:57:33.974 D/WifiHW  ( 1465): uevent path:/sys/bus/usb/devices/5-1/uevent
01-18 12:57:33.974 D/WifiHW  ( 1465): uevent path:/sys/bus/usb/devices/6-1/uevent
01-18 12:57:33.974 D/WifiHW  ( 1465): uevent path:/sys/bus/usb/devices/usb1/uevent
01-18 12:57:33.974 D/WifiHW  ( 1465): uevent path:/sys/bus/usb/devices/usb2/uevent
01-18 12:57:33.974 D/WifiHW  ( 1465): uevent path:/sys/bus/usb/devices/usb3/uevent
01-18 12:57:33.974 D/WifiHW  ( 1465): uevent path:/sys/bus/usb/devices/usb4/uevent
01-18 12:57:33.974 D/WifiHW  ( 1465): uevent path:/sys/bus/usb/devices/usb5/uevent
01-18 12:57:33.975 D/WifiHW  ( 1465): uevent path:/sys/bus/usb/devices/usb6/uevent
01-18 12:57:33.975 D/WifiHW  ( 1465): uevent path:/sys/bus/usb/devices/2-1.1/uevent
01-18 12:57:33.975 D/WifiHW  ( 1465): uevent path:/sys/bus/usb/devices/2-1.4/uevent
01-18 12:57:33.976 D/WifiHW  ( 1465): uevent path:/sys/bus/usb/devices/3-0:1.0/uevent
01-18 12:57:33.976 D/WifiHW  ( 1465): uevent path:/sys/bus/usb/devices/4-0:1.0/uevent
01-18 12:57:33.976 D/WifiHW  ( 1465): uevent path:/sys/bus/usb/devices/5-0:1.0/uevent
01-18 12:57:33.976 D/WifiHW  ( 1465): uevent path:/sys/bus/usb/devices/5-1:1.0/uevent
01-18 12:57:33.976 D/WifiHW  ( 1465): uevent path:/sys/bus/usb/devices/6-0:1.0/uevent
01-18 12:57:33.976 D/WifiHW  ( 1465): uevent path:/sys/bus/usb/devices/6-1:1.0/uevent
01-18 12:57:33.976 D/WifiHW  ( 1465): uevent path:/sys/bus/usb/devices/2-1.1:1.0/uevent
01-18 12:57:33.976 D/WifiHW  ( 1465): uevent path:/sys/bus/usb/devices/2-1.1:1.1/uevent
01-18 12:57:33.976 D/WifiHW  ( 1465): uevent path:/sys/bus/usb/devices/2-1.4:1.0/uevent
01-18 12:57:33.977 D/WifiHW  ( 1465): uevent path:/sys/bus/usb/devices/1-0:1.0/uevent
01-18 12:57:33.977 D/WifiHW  ( 1465): uevent path:/sys/bus/usb/devices/2-0:1.0/uevent
01-18 12:57:33.977 D/WifiHW  ( 1465): uevent path:/sys/bus/usb/devices/2-1:1.0/uevent
01-18 12:57:33.977 D/WifiHW  ( 1465): wifi detectd return ret:-1
01-18 12:57:33.977 D/WifiHW  ( 1465): uevent path:/sys/bus/pci/devices/./uevent
01-18 12:57:33.977 D/WifiHW  ( 1465): uevent path:/sys/bus/pci/devices/../uevent
01-18 12:57:33.977 D/WifiHW  ( 1465): uevent path:/sys/bus/pci/devices/0000:00:00.0/uevent
01-18 12:57:33.977 D/WifiHW  ( 1465): uevent path:/sys/bus/pci/devices/0000:01:00.0/uevent
01-18 12:57:33.977 D/WifiHW  ( 1465): found device pid:vid : 10ec:b822
01-18 12:57:33.977 D/WifiHW  ( 1465): wifi detectd return ret:0
01-18 12:57:33.978 D/WifiHW  ( 1465): PCIE WIFI identify sucess
01-18 12:57:33.978 D/WifiHW  ( 1465): check_wifi_chip_type_string: RTL8822BE
01-18 12:57:33.978 D/BluetoothServiceJni( 1465): void android::classInitNative(JNIEnv *, jclass), load bluetooth_rtk.default.so
01-18 12:57:34.046 D/BluetoothAdapterService( 1465): onCreate()
01-18 12:57:34.051 D/BluetoothAdapterState( 1465): make() - Creating AdapterState
01-18 12:57:34.058 I/bt_btif ( 1465): init
01-18 12:57:34.059 I/BluetoothAdapterState( 1465): Entering OffState
01-18 12:57:34.059 W/bt_osi_thread( 1465): run_thread: thread id 1482, thread name stack_manager started
01-18 12:57:34.059 I/bt_stack_manager( 1465): event_init_stack is initializing the stack
01-18 12:57:34.060 I/bt_core_module( 1465): module_init Initializing module "osi_module"
01-18 12:57:34.060 I/bt_core_module( 1465): module_init Initialized module "osi_module"
01-18 12:57:34.060 I/bt_core_module( 1465): module_init Initializing module "bt_utils_module"
01-18 12:57:34.060 I/bt_core_module( 1465): module_init Initialized module "bt_utils_module"
01-18 12:57:34.060 I/bt_core_module( 1465): module_init Initializing module "btif_config_module"
01-18 12:57:34.061 W/bt_osi_thread( 1465): run_thread: thread id 1485, thread name alarm_default_ca started
01-18 12:57:34.062 W/bt_osi_thread( 1465): run_thread: thread id 1486, thread name alarm_dispatcher started
01-18 12:57:34.062 I/bt_core_module( 1465): module_init Initialized module "btif_config_module"
01-18 12:57:34.062 D/bt_btif_core( 1465): btif_init_bluetooth
01-18 12:57:34.062 I/bt_core_module( 1465): module_init Initializing module "interop_module"
01-18 12:57:34.062 I/bt_core_module( 1465): module_init Initialized module "interop_module"
01-18 12:57:34.062 I/bt_bte_conf( 1465): bte_load_rtkbt_conf attempt to load rtkbt conf from /etc/bluetooth/rtkbt.conf
01-18 12:57:34.064 D/WifiHW  ( 1465): check_wifi_chip_type_string: RTL8822BE
01-18 12:57:34.064 I/bt_bte_conf( 1465): bte_load_rtkbt_conf bluetooth_rtk_h5_flag :0
01-18 12:57:34.064 I/bt_core_module( 1465): module_init Initializing module "stack_config_module"
01-18 12:57:34.064 I/bt_stack_config( 1465): init attempt to load stack conf from /etc/bluetooth/bt_stack.conf
01-18 12:57:34.065 I/bt_core_module( 1465): module_init Initialized module "stack_config_module"
01-18 12:57:34.066 E/bt_btif ( 1465): vendor storage read success
01-18 12:57:34.066 E/bt_btif ( 1465): Got local bdaddr for vendor storage 22:22:A1:A3:3F:8C
