01-18 12:57:43.286 W/bt_btm_ble( 1465): btm_ble_process_adv_pkt_cont device is no longer discoverable so discarding advertising packet pkt
01-18 12:57:43.396 I/bt_hci  ( 1465): BLE HCI(id=62) event = 0x02)
01-18 12:57:43.396 I/bt_hci  ( 1465): btu_ble_process_adv_pkt
01-18 12:57:43.396 I/bt_btm  ( 1465): btm_identity_addr_to_random_pseudo
01-18 12:57:43.396 D/bt_btm  ( 1465): btm_ble_process_adv_pkt:bda= 26:30:16:b2:1c:f8
01-18 12:57:43.396 D/bt_btm  ( 1465): LE device already in database
01-18 12:57:43.396 I/bt_btm  ( 1465): BTM_CheckAdvData: type=0x01
01-18 12:57:43.396 I/bt_btm  ( 1465): BTM_CheckAdvData: type=0x19
01-18 12:57:43.396 I/bt_btm  ( 1465): BTM_CheckAdvData: type=0x03
01-18 12:57:43.396 D/bt_btm  ( 1465): Random address, treating device as LE only
01-18 12:57:43.396 I/bt_btm  ( 1465): BTM_CheckAdvData: type=0x01
01-18 12:57:43.397 W/bt_btm_ble( 1465): btm_ble_process_adv_pkt_cont device is no longer discoverable so discarding advertising packet pkt
01-18 12:57:43.502 I/bt_hci  ( 1465): BLE HCI(id=62) event = 0x02)
01-18 12:57:43.502 I/bt_hci  ( 1465): btu_ble_process_adv_pkt
01-18 12:57:43.502 I/bt_btm  ( 1465): btm_identity_addr_to_random_pseudo
01-18 12:57:43.502 D/bt_btm  ( 1465): btm_ble_process_adv_pkt:bda= 26:30:16:b2:1c:f8
01-18 12:57:43.503 D/bt_btm  ( 1465): LE device already in database
01-18 12:57:43.503 I/bt_btm  ( 1465): BTM_CheckAdvData: type=0x01
01-18 12:57:43.503 I/bt_btm  ( 1465): BTM_CheckAdvData: type=0x19
01-18 12:57:43.503 I/bt_btm  ( 1465): BTM_CheckAdvData: type=0x03
01-18 12:57:43.503 D/bt_btm  ( 1465): Random address, treating device as LE only
01-18 12:57:43.503 I/bt_btm  ( 1465): BTM_CheckAdvData: type=0x01
01-18 12:57:43.503 W/bt_btm_ble( 1465): btm_ble_process_adv_pkt_cont device is no longer discoverable so discarding advertising packet pkt
01-18 12:57:43.606 I/bt_hci  ( 1465): BLE HCI(id=62) event = 0x02)
01-18 12:57:43.607 I/bt_hci  ( 1465): btu_ble_process_adv_pkt
01-18 12:57:43.607 I/bt_btm  ( 1465): btm_identity_addr_to_random_pseudo
01-18 12:57:43.607 D/bt_btm  ( 1465): btm_ble_process_adv_pkt:bda= 26:30:16:b2:1c:f8
01-18 12:57:43.607 D/bt_btm  ( 1465): LE device already in database
01-18 12:57:43.607 I/bt_btm  ( 1465): BTM_CheckAdvData: type=0x01
01-18 12:57:43.607 I/bt_btm  ( 1465): BTM_CheckAdvData: type=0x19
01-18 12:57:43.607 I/bt_btm  ( 1465): BTM_CheckAdvData: type=0x03
01-18 12:57:43.607 D/bt_btm  ( 1465): Random address, treating device as LE only
01-18 12:57:43.607 I/bt_btm  ( 1465): BTM_CheckAdvData: type=0x01
01-18 12:57:43.607 W/bt_btm_ble( 1465): btm_ble_process_adv_pkt_cont device is no longer discoverable so discarding advertising packet pkt
01-18 12:57:43.636 D/bt_btm  ( 1465): update RSSI new:-80, old:-74
01-18 12:57:43.636 I/bt_btm  ( 1465): BTM_CheckEirData type=0x03
01-18 12:57:43.636 I/bt_btm  ( 1465): btm_set_eir_uuid eir_complete_list=0x01
01-18 12:57:43.636 I/bt_btm  ( 1465): BTM_CheckEirData type=0x05
01-18 12:57:43.636 I/bt_btm  ( 1465): BTM_CheckEirData type=0x04
01-18 12:57:43.636 I/bt_btm  ( 1465): BTM_CheckEirData type=0x07
01-18 12:57:43.636 I/bt_btm  ( 1465): BTM_CheckEirData type=0x06
01-18 12:57:43.636 I/bt_btm  ( 1465): BTM_InqDbRead: bd addr [28e347a87804]
01-18 12:57:43.636 D/bt_btif ( 1465): bte_search_devices_evt event=BTA_DM_INQ_RES_EVT param_len=524
01-18 12:57:43.637 I/bt_btm  ( 1465): BTM_CheckEirData type=0x09
01-18 12:57:43.637 D/bt_btif ( 1465): btif_transfer_context event 0, len 524
01-18 12:57:43.637 D/bt_btif ( 1465): search_devices_copy_cb: event=BTA_DM_INQ_RES_EVT
01-18 12:57:43.637 D/bt_btif ( 1465): btif task fetched event a001
01-18 12:57:43.637 D/bt_btif ( 1465): btif_context_switched
01-18 12:57:43.637 I/bt_btif ( 1465): btif_dm_search_devices_evt event=BTA_DM_INQ_RES_EVT
01-18 12:57:43.637 D/bt_btif ( 1465): btif_dm_search_devices_evt() 28:e3:47:a8:78:04 device_type = 0x1
01-18 12:57:43.637 I/bt_btm  ( 1465): BTM_CheckEirData type=0x09
01-18 12:57:43.638 I/bt_btm  ( 1465): BTM_CheckEirData type=0x03
01-18 12:57:43.638 D/bt_btm  ( 1465): BTM_GetEirUuidList type = 03, number of uuid = 8
01-18 12:57:43.638 D/bt_btm  ( 1465):                      0x112D
01-18 12:57:43.638 D/bt_btm  ( 1465):                      0x1112
01-18 12:57:43.640 D/bt_btm  ( 1465):                      0x111F
01-18 12:57:43.640 D/bt_btm  ( 1465):                      0x111E
01-18 12:57:43.640 D/bt_btm  ( 1465):                      0x110C
01-18 12:57:43.640 D/bt_btm  ( 1465):                      0x110E
01-18 12:57:43.640 D/bt_btm  ( 1465):                      0x110A
01-18 12:57:43.640 D/bt_btm  ( 1465):                      0x110B
01-18 12:57:43.640 D/bt_btif ( 1465): btif_dm_search_devices_evt()EIR BTA services = 018E0048
01-18 12:57:43.640 D/bt_btif_config( 1465): btif_get_device_type: Device [28:e3:47:a8:78:04] type 1
01-18 12:57:43.641 D/bt_btif ( 1465): in, bd addr:28:e3:47:a8:78:04, prop type:255, len:6
01-18 12:57:43.641 D/bt_btif ( 1465): Remote device:28:e3:47:a8:78:04, no link key or ble key found
01-18 12:57:43.641 D/bt_btif ( 1465): in, bd addr:28:e3:47:a8:78:04, prop type:1, len:8
01-18 12:57:43.641 D/bt_btif ( 1465): Remote device:28:e3:47:a8:78:04, no link key or ble key found
01-18 12:57:43.641 D/bt_btif ( 1465): in, bd addr:28:e3:47:a8:78:04, prop type:4, len:4
01-18 12:57:43.641 D/bt_btif ( 1465): Remote device:28:e3:47:a8:78:04, no link key or ble key found
01-18 12:57:43.641 D/bt_btif ( 1465): in, bd addr:28:e3:47:a8:78:04, prop type:5, len:4
01-18 12:57:43.641 D/bt_btif ( 1465): Remote device:28:e3:47:a8:78:04, no link key or ble key found
01-18 12:57:43.642 D/bt_btif ( 1465): in, bd addr:28:e3:47:a8:78:04, prop type:12, len:12
01-18 12:57:43.642 D/bt_btif ( 1465): Remote device:28:e3:47:a8:78:04, no link key or ble key found
01-18 12:57:43.642 I/bt_btif ( 1465): HAL bt_hal_cbacks->device_found_cb
01-18 12:57:43.662 E/ActivityManager(  552): Sending non-protected broadcast rk.bluetooth.device.action.FOUND from system 1465:com.android.bluetooth/1002 pkg com.android.bluetooth
01-18 12:57:43.662 E/ActivityManager(  552): java.lang.Throwable
01-18 12:57:43.662 E/ActivityManager(  552): 	at com.android.server.am.ActivityManagerService.checkBroadcastFromSystem(ActivityManagerService.java:18132)
01-18 12:57:43.662 E/ActivityManager(  552): 	at com.android.server.am.ActivityManagerService.broadcastIntentLocked(ActivityManagerService.java:18704)
01-18 12:57:43.662 E/ActivityManager(  552): 	at com.android.server.am.ActivityManagerService.broadcastIntent(ActivityManagerService.java:18795)
01-18 12:57:43.662 E/ActivityManager(  552): 	at android.app.ActivityManagerNative.onTransact(ActivityManagerNative.java:499)
01-18 12:57:43.662 E/ActivityManager(  552): 	at com.android.server.am.ActivityManagerService.onTransact(ActivityManagerService.java:2909)
01-18 12:57:43.662 E/ActivityManager(  552): 	at android.os.Binder.execTransact(Binder.java:565)
01-18 12:57:43.686 I/bt_hci  ( 1465): BLE HCI(id=62) event = 0x02)
01-18 12:57:43.686 I/bt_hci  ( 1465): btu_ble_process_adv_pkt
01-18 12:57:43.686 I/bt_btm  ( 1465): btm_identity_addr_to_random_pseudo
01-18 12:57:43.686 D/bt_btm  ( 1465): btm_ble_process_adv_pkt:bda= 7c:b1:5d:5:33:76
01-18 12:57:43.686 I/bt_btm  ( 1465): btm_ble_resolve_random_addr
01-18 12:57:43.686 I/bt_btm  ( 1465): btm_ble_resolve_random_addr:  not resolved
01-18 12:57:43.686 I/bt_btm  ( 1465): btm_ble_resolve_random_addr_on_adv 
01-18 12:57:43.686 D/bt_btm  ( 1465): LE device already in database
01-18 12:57:43.686 I/bt_btm  ( 1465): BTM_CheckAdvData: type=0x01
01-18 12:57:43.686 I/bt_btm  ( 1465): BTM_CheckAdvData: type=0x19
01-18 12:57:43.686 I/bt_btm  ( 1465): BTM_CheckAdvData: type=0x03
01-18 12:57:43.686 D/bt_btm  ( 1465): BR/EDR NOT SUPPORT bit set, LE only device
01-18 12:57:43.686 I/bt_btm  ( 1465): BTM_CheckAdvData: type=0x01
01-18 12:57:43.686 D/bt_btm  ( 1465): Find Generable Discoverable device
01-18 12:57:43.686 I/bt_btm  ( 1465): BTM_InqDbRead: bd addr [7cb15d053376]
01-18 12:57:43.686 D/bt_btif ( 1465): bte_search_devices_evt event=BTA_DM_INQ_RES_EVT param_len=524
01-18 12:57:43.686 I/bt_btm  ( 1465): BTM_CheckEirData type=0x09
01-18 12:57:43.686 I/bt_btm  ( 1465): BTM_CheckEirData type=0x08
01-18 12:57:43.686 D/bt_btif ( 1465): btif_transfer_context event 0, len 524
01-18 12:57:43.686 D/bt_btif ( 1465): search_devices_copy_cb: event=BTA_DM_INQ_RES_EVT
01-18 12:57:43.687 D/bt_btif ( 1465): btif task fetched event a001
01-18 12:57:43.687 D/bt_btif ( 1465): btif_context_switched
01-18 12:57:43.687 I/bt_btif ( 1465): btif_dm_search_devices_evt event=BTA_DM_INQ_RES_EVT
01-18 12:57:43.687 D/bt_btif ( 1465): btif_dm_search_devices_evt() 7c:b1:5d:05:33:76 device_type = 0x2
01-18 12:57:43.687 D/bt_btif_dm( 1465): btif_dm_search_devices_evt cod is 0, set as unclassified
01-18 12:57:43.687 I/bt_btm  ( 1465): BTM_CheckEirData type=0x09
01-18 12:57:43.687 I/bt_btm  ( 1465): BTM_CheckEirData type=0x08
01-18 12:57:43.687 D/bt_btif ( 1465): in, bd addr:7c:b1:5d:05:33:76, prop type:1, len:249
01-18 12:57:43.687 I/bt_btm  ( 1465): BTM_CheckEirData type=0x03
01-18 12:57:43.687 D/bt_btm  ( 1465): BTM_GetEirUuidList type = 03, number of uuid = 1
01-18 12:57:43.688 D/bt_btm  ( 1465):                      0xFEE7
01-18 12:57:43.688 D/bt_btif ( 1465): btif_dm_search_devices_evt()EIR BTA services = 00000000
01-18 12:57:43.688 I/bt_btm  ( 1465): BTM_CheckEirData type=0xFF
01-18 12:57:43.688 D/bt_btif ( 1465): btif_dm_search_devices_evt manufacturer = 0x027d
01-18 12:57:43.688 D/bt_btif_config( 1465): btif_get_device_type: Device [7c:b1:5d:05:33:76] type 2
01-18 12:57:43.688 D/bt_btif ( 1465): in, bd addr:7c:b1:5d:05:33:76, prop type:255, len:6
01-18 12:57:43.688 D/bt_btif ( 1465): btif_in_fetch_bonded_ble_device Found a LE device: 7c:b1:5d:05:33:76
01-18 12:57:43.689 D/bt_btif ( 1465): Remote device:7c:b1:5d:05:33:76, no link key or ble key found
01-18 12:57:43.689 D/bt_btif ( 1465): in, bd addr:7c:b1:5d:05:33:76, prop type:1, len:14
01-18 12:57:43.689 D/bt_btif ( 1465): btif_in_fetch_bonded_ble_device Found a LE device: 7c:b1:5d:05:33:76
01-18 12:57:43.689 D/bt_btif ( 1465): Remote device:7c:b1:5d:05:33:76, no link key or ble key found
01-18 12:57:43.689 D/bt_btif ( 1465): in, bd addr:7c:b1:5d:05:33:76, prop type:4, len:4
01-18 12:57:43.689 D/bt_btif ( 1465): btif_in_fetch_bonded_ble_device Found a LE device: 7c:b1:5d:05:33:76
01-18 12:57:43.689 D/bt_btif ( 1465): Remote device:7c:b1:5d:05:33:76, no link key or ble key found
01-18 12:57:43.689 D/bt_btif ( 1465): in, bd addr:7c:b1:5d:05:33:76, prop type:5, len:4
01-18 12:57:43.689 D/bt_btif ( 1465): btif_in_fetch_bonded_ble_device Found a LE device: 7c:b1:5d:05:33:76
01-18 12:57:43.689 D/bt_btif ( 1465): Remote device:7c:b1:5d:05:33:76, no link key or ble key found
01-18 12:57:43.689 D/bt_btif ( 1465): in, bd addr:7c:b1:5d:05:33:76, prop type:12, len:12
01-18 12:57:43.689 D/bt_btif ( 1465): btif_in_fetch_bonded_ble_device Found a LE device: 7c:b1:5d:05:33:76
01-18 12:57:43.689 D/bt_btif ( 1465): Remote device:7c:b1:5d:05:33:76, no link key or ble key found
01-18 12:57:43.689 I/bt_btif ( 1465): HAL bt_hal_cbacks->device_found_cb
01-18 12:57:43.691 I/bt_hci  ( 1465): BLE HCI(id=62) event = 0x02)
01-18 12:57:43.691 I/bt_hci  ( 1465): btu_ble_process_adv_pkt
01-18 12:57:43.691 I/bt_btm  ( 1465): btm_identity_addr_to_random_pseudo
01-18 12:57:43.691 D/bt_btm  ( 1465): btm_ble_process_adv_pkt:bda= 7c:b1:5d:5:33:76
01-18 12:57:43.691 I/bt_btm  ( 1465): btm_ble_resolve_random_addr
01-18 12:57:43.691 I/bt_btm  ( 1465): btm_ble_resolve_random_addr:  not resolved
01-18 12:57:43.691 I/bt_btm  ( 1465): btm_ble_resolve_random_addr_on_adv 
01-18 12:57:43.691 D/bt_btm  ( 1465): LE device already in database
01-18 12:57:43.691 I/bt_btm  ( 1465): BTM_CheckAdvData: type=0x01
01-18 12:57:43.691 I/bt_btm  ( 1465): BTM_CheckAdvData: type=0x19
01-18 12:57:43.691 I/bt_btm  ( 1465): BTM_CheckAdvData: type=0x03
01-18 12:57:43.691 D/bt_btm  ( 1465): BR/EDR NOT SUPPORT bit set, LE only device
01-18 12:57:43.691 I/bt_btm  ( 1465): BTM_CheckAdvData: type=0x01
01-18 12:57:43.691 D/bt_btm  ( 1465): Find Generable Discoverable device
01-18 12:57:43.691 I/bt_btm  ( 1465): BTM_InqDbRead: bd addr [7cb15d053376]
01-18 12:57:43.691 D/bt_btif ( 1465): bte_search_devices_evt event=BTA_DM_INQ_RES_EVT param_len=524
01-18 12:57:43.691 I/bt_btm  ( 1465): BTM_CheckEirData type=0x09
01-18 12:57:43.692 D/bt_btif ( 1465): btif_transfer_context event 0, len 524
01-18 12:57:43.692 D/bt_btif ( 1465): search_devices_copy_cb: event=BTA_DM_INQ_RES_EVT
01-18 12:57:43.698 E/ActivityManager(  552): Sending non-protected broadcast rk.bluetooth.device.action.FOUND from system 1465:com.android.bluetooth/1002 pkg com.android.bluetooth
01-18 12:57:43.698 E/ActivityManager(  552): java.lang.Throwable
01-18 12:57:43.698 E/ActivityManager(  552): 	at com.android.server.am.ActivityManagerService.checkBroadcastFromSystem(ActivityManagerService.java:18132)
01-18 12:57:43.698 E/ActivityManager(  552): 	at com.android.server.am.ActivityManagerService.broadcastIntentLocked(ActivityManagerService.java:18704)
01-18 12:57:43.698 E/ActivityManager(  552): 	at com.android.server.am.ActivityManagerService.broadcastIntent(ActivityManagerService.java:18795)
01-18 12:57:43.698 E/ActivityManager(  552): 	at android.app.ActivityManagerNative.onTransact(ActivityManagerNative.java:499)
01-18 12:57:43.698 E/ActivityManager(  552): 	at com.android.server.am.ActivityManagerService.onTransact(ActivityManagerService.java:2909)
01-18 12:57:43.698 E/ActivityManager(  552): 	at android.os.Binder.execTransact(Binder.java:565)
01-18 12:57:43.700 D/bt_btif ( 1465): btif task fetched event a001
01-18 12:57:43.700 D/bt_btif ( 1465): btif_context_switched
01-18 12:57:43.700 I/bt_btif ( 1465): btif_dm_search_devices_evt event=BTA_DM_INQ_RES_EVT
01-18 12:57:43.700 D/bt_btif ( 1465): btif_dm_search_devices_evt() 7c:b1:5d:05:33:76 device_type = 0x2
01-18 12:57:43.700 D/bt_btif_dm( 1465): btif_dm_search_devices_evt cod is 0, set as unclassified
01-18 12:57:43.700 I/bt_btm  ( 1465): BTM_CheckEirData type=0x09
01-18 12:57:43.700 I/bt_btm  ( 1465): BTM_CheckEirData type=0x03
01-18 12:57:43.700 D/bt_btm  ( 1465): BTM_GetEirUuidList type = 03, number of uuid = 1
01-18 12:57:43.700 D/bt_btm  ( 1465):                      0xFEE7
01-18 12:57:43.700 D/bt_btif ( 1465): btif_dm_search_devices_evt()EIR BTA services = 00000000
01-18 12:57:43.700 I/bt_btm  ( 1465): BTM_CheckEirData type=0xFF
01-18 12:57:43.700 D/bt_btif ( 1465): btif_dm_search_devices_evt manufacturer = 0x027d
01-18 12:57:43.700 D/bt_btif_config( 1465): btif_get_device_type: Device [7c:b1:5d:05:33:76] type 2
01-18 12:57:43.700 D/bt_btif ( 1465): in, bd addr:7c:b1:5d:05:33:76, prop type:255, len:6
01-18 12:57:43.700 D/bt_btif ( 1465): btif_in_fetch_bonded_ble_device Found a LE device: 7c:b1:5d:05:33:76
01-18 12:57:43.701 D/bt_btif ( 1465): Remote device:7c:b1:5d:05:33:76, no link key or ble key found
01-18 12:57:43.701 D/bt_btif ( 1465): in, bd addr:7c:b1:5d:05:33:76, prop type:1, len:14
01-18 12:57:43.701 D/bt_btif ( 1465): btif_in_fetch_bonded_ble_device Found a LE device: 7c:b1:5d:05:33:76
01-18 12:57:43.701 D/bt_btif ( 1465): Remote device:7c:b1:5d:05:33:76, no link key or ble key found
01-18 12:57:43.701 D/bt_btif ( 1465): in, bd addr:7c:b1:5d:05:33:76, prop type:4, len:4
01-18 12:57:43.701 D/bt_btif ( 1465): btif_in_fetch_bonded_ble_device Found a LE device: 7c:b1:5d:05:33:76
01-18 12:57:43.701 D/bt_btif ( 1465): Remote device:7c:b1:5d:05:33:76, no link key or ble key found
01-18 12:57:43.701 D/bt_btif ( 1465): in, bd addr:7c:b1:5d:05:33:76, prop type:5, len:4
01-18 12:57:43.701 D/bt_btif ( 1465): btif_in_fetch_bonded_ble_device Found a LE device: 7c:b1:5d:05:33:76
01-18 12:57:43.701 D/bt_btif ( 1465): Remote device:7c:b1:5d:05:33:76, no link key or ble key found
01-18 12:57:43.701 D/bt_btif ( 1465): in, bd addr:7c:b1:5d:05:33:76, prop type:12, len:12
01-18 12:57:43.701 D/bt_btif ( 1465): btif_in_fetch_bonded_ble_device Found a LE device: 7c:b1:5d:05:33:76
01-18 12:57:43.701 D/bt_btif ( 1465): Remote device:7c:b1:5d:05:33:76, no link key or ble key found
01-18 12:57:43.701 I/bt_btif ( 1465): HAL bt_hal_cbacks->device_found_cb
01-18 12:57:43.714 E/ActivityManager(  552): Sending non-protected broadcast rk.bluetooth.device.action.FOUND from system 1465:com.android.bluetooth/1002 pkg com.android.bluetooth
01-18 12:57:43.714 E/ActivityManager(  552): java.lang.Throwable
01-18 12:57:43.714 E/ActivityManager(  552): 	at com.android.server.am.ActivityManagerService.checkBroadcastFromSystem(ActivityManagerService.java:18132)
01-18 12:57:43.714 E/ActivityManager(  552): 	at com.android.server.am.ActivityManagerService.broadcastIntentLocked(ActivityManagerService.java:18704)
01-18 12:57:43.714 E/ActivityManager(  552): 	at com.android.server.am.ActivityManagerService.broadcastIntent(ActivityManagerService.java:18795)
01-18 12:57:43.714 E/ActivityManager(  552): 	at android.app.ActivityManagerNative.onTransact(ActivityManagerNative.java:499)
01-18 12:57:43.714 E/ActivityManager(  552): 	at com.android.server.am.ActivityManagerService.onTransact(ActivityManagerService.java:2909)
01-18 12:57:43.714 E/ActivityManager(  552): 	at android.os.Binder.execTransact(Binder.java:565)
01-18 12:57:44.133 I/bt_btm  ( 1465): BTM_CheckEirData type=0x03
01-18 12:57:44.133 I/bt_btm  ( 1465): BTM_CheckEirData type=0x02
01-18 12:57:44.133 I/bt_btm  ( 1465): btm_set_eir_uuid eir_complete_list=0x00
01-18 12:57:44.133 I/bt_btm  ( 1465): BTM_CheckEirData type=0x05
01-18 12:57:44.133 I/bt_btm  ( 1465): BTM_CheckEirData type=0x04
01-18 12:57:44.133 I/bt_btm  ( 1465): BTM_CheckEirData type=0x07
01-18 12:57:44.133 I/bt_btm  ( 1465): BTM_CheckEirData type=0x06
01-18 12:57:44.133 I/bt_btm  ( 1465): BTM_InqDbRead: bd addr [28faa08a539b]
01-18 12:57:44.133 D/bt_btif ( 1465): bte_search_devices_evt event=BTA_DM_INQ_RES_EVT param_len=524
01-18 12:57:44.133 I/bt_btm  ( 1465): BTM_CheckEirData type=0x09
01-18 12:57:44.134 I/bt_btm  ( 1465): BTM_CheckEirData type=0x08
01-18 12:57:44.134 D/bt_btif ( 1465): btif_transfer_context event 0, len 524
01-18 12:57:44.134 D/bt_btif ( 1465): search_devices_copy_cb: event=BTA_DM_INQ_RES_EVT
01-18 12:57:44.134 D/bt_btif ( 1465): btif task fetched event a001
01-18 12:57:44.134 D/bt_btif ( 1465): btif_context_switched
01-18 12:57:44.134 I/bt_btif ( 1465): btif_dm_search_devices_evt event=BTA_DM_INQ_RES_EVT
01-18 12:57:44.134 D/bt_btif ( 1465): btif_dm_search_devices_evt() 28:fa:a0:8a:53:9b device_type = 0x1
01-18 12:57:44.134 I/bt_btm  ( 1465): BTM_CheckEirData type=0x09
01-18 12:57:44.134 I/bt_btm  ( 1465): BTM_CheckEirData type=0x08
01-18 12:57:44.135 D/bt_btif ( 1465): in, bd addr:28:fa:a0:8a:53:9b, prop type:1, len:249
01-18 12:57:44.135 I/bt_btm  ( 1465): BTM_CheckEirData type=0x03
01-18 12:57:44.135 I/bt_btm  ( 1465): BTM_CheckEirData type=0x02
01-18 12:57:44.135 D/bt_btif ( 1465): btif_dm_search_devices_evt()EIR BTA services = 00000000
01-18 12:57:44.135 D/bt_btif ( 1465): in, bd addr:28:fa:a0:8a:53:9b, prop type:255, len:6
01-18 12:57:44.135 D/bt_btif ( 1465): Remote device:28:fa:a0:8a:53:9b, no link key or ble key found
01-18 12:57:44.135 D/bt_btif ( 1465): in, bd addr:28:fa:a0:8a:53:9b, prop type:4, len:4
01-18 12:57:44.135 D/bt_btif ( 1465): Remote device:28:fa:a0:8a:53:9b, no link key or ble key found
01-18 12:57:44.136 D/bt_btif ( 1465): in, bd addr:28:fa:a0:8a:53:9b, prop type:5, len:4
01-18 12:57:44.136 D/bt_btif ( 1465): Remote device:28:fa:a0:8a:53:9b, no link key or ble key found
01-18 12:57:44.136 D/bt_btif ( 1465): in, bd addr:28:fa:a0:8a:53:9b, prop type:12, len:12
01-18 12:57:44.136 D/bt_btif ( 1465): Remote device:28:fa:a0:8a:53:9b, no link key or ble key found
01-18 12:57:44.136 I/bt_btif ( 1465): HAL bt_hal_cbacks->device_found_cb
01-18 12:57:44.152 D/bt_btm  ( 1465): update RSSI new:-78, old:-80
01-18 12:57:44.152 I/bt_btm  ( 1465): BTM_CheckEirData type=0x03
01-18 12:57:44.153 I/bt_btm  ( 1465): btm_set_eir_uuid eir_complete_list=0x01
01-18 12:57:44.153 I/bt_btm  ( 1465): BTM_CheckEirData type=0x05
01-18 12:57:44.153 I/bt_btm  ( 1465): BTM_CheckEirData type=0x04
01-18 12:57:44.153 I/bt_btm  ( 1465): BTM_CheckEirData type=0x07
01-18 12:57:44.153 I/bt_btm  ( 1465): BTM_CheckEirData type=0x06
01-18 12:57:44.153 I/bt_btm  ( 1465): BTM_InqDbRead: bd addr [28e347a87804]
01-18 12:57:44.153 D/bt_btif ( 1465): bte_search_devices_evt event=BTA_DM_INQ_RES_EVT param_len=524
01-18 12:57:44.153 I/bt_btm  ( 1465): BTM_CheckEirData type=0x09
01-18 12:57:44.153 D/bt_btif ( 1465): btif_transfer_context event 0, len 524
01-18 12:57:44.153 D/bt_btif ( 1465): search_devices_copy_cb: event=BTA_DM_INQ_RES_EVT
01-18 12:57:44.157 E/ActivityManager(  552): Sending non-protected broadcast rk.bluetooth.device.action.FOUND from system 1465:com.android.bluetooth/1002 pkg com.android.bluetooth
01-18 12:57:44.157 E/ActivityManager(  552): java.lang.Throwable
01-18 12:57:44.157 E/ActivityManager(  552): 	at com.android.server.am.ActivityManagerService.checkBroadcastFromSystem(ActivityManagerService.java:18132)
01-18 12:57:44.157 E/ActivityManager(  552): 	at com.android.server.am.ActivityManagerService.broadcastIntentLocked(ActivityManagerService.java:18704)
01-18 12:57:44.157 E/ActivityManager(  552): 	at com.android.server.am.ActivityManagerService.broadcastIntent(ActivityManagerService.java:18795)
01-18 12:57:44.157 E/ActivityManager(  552): 	at android.app.ActivityManagerNative.onTransact(ActivityManagerNative.java:499)
01-18 12:57:44.157 E/ActivityManager(  552): 	at com.android.server.am.ActivityManagerService.onTransact(ActivityManagerService.java:2909)
01-18 12:57:44.157 E/ActivityManager(  552): 	at android.os.Binder.execTransact(Binder.java:565)
01-18 12:57:44.191 D/BluetoothEventManager(  685): DeviceFoundHandler created new CachedBluetoothDevice: 28:FA:A0:8A:53:9B
01-18 12:57:44.194 D/BluetoothEventManager(  705): DeviceFoundHandler created new CachedBluetoothDevice: 28:FA:A0:8A:53:9B
01-18 12:57:44.203 D/bt_btif ( 1465): btif task fetched event a001
01-18 12:57:44.203 D/bt_btif ( 1465): btif_context_switched
01-18 12:57:44.203 I/bt_btif ( 1465): btif_dm_search_devices_evt event=BTA_DM_INQ_RES_EVT
01-18 12:57:44.203 D/bt_btif ( 1465): btif_dm_search_devices_evt() 28:e3:47:a8:78:04 device_type = 0x1
01-18 12:57:44.203 I/bt_btm  ( 1465): BTM_CheckEirData type=0x09
01-18 12:57:44.203 I/bt_btm  ( 1465): BTM_CheckEirData type=0x03
01-18 12:57:44.203 D/bt_btm  ( 1465): BTM_GetEirUuidList type = 03, number of uuid = 8
01-18 12:57:44.203 D/bt_btm  ( 1465):                      0x112D
01-18 12:57:44.203 D/bt_btm  ( 1465):                      0x1112
01-18 12:57:44.203 D/bt_btm  ( 1465):                      0x111F
01-18 12:57:44.203 D/bt_btm  ( 1465):                      0x111E
01-18 12:57:44.203 D/bt_btm  ( 1465):                      0x110C
01-18 12:57:44.203 D/bt_btm  ( 1465):                      0x110E
01-18 12:57:44.204 D/bt_btm  ( 1465):                      0x110A
01-18 12:57:44.204 D/bt_btm  ( 1465):                      0x110B
01-18 12:57:44.204 D/bt_btif ( 1465): btif_dm_search_devices_evt()EIR BTA services = 018E0048
01-18 12:57:44.204 D/bt_btif_config( 1465): btif_get_device_type: Device [28:e3:47:a8:78:04] type 1
01-18 12:57:44.204 D/bt_btif ( 1465): in, bd addr:28:e3:47:a8:78:04, prop type:255, len:6
01-18 12:57:44.204 D/bt_btif ( 1465): Remote device:28:e3:47:a8:78:04, no link key or ble key found
01-18 12:57:44.204 D/bt_btif ( 1465): in, bd addr:28:e3:47:a8:78:04, prop type:1, len:8
01-18 12:57:44.204 D/bt_btif ( 1465): Remote device:28:e3:47:a8:78:04, no link key or ble key found
01-18 12:57:44.204 D/bt_btif ( 1465): in, bd addr:28:e3:47:a8:78:04, prop type:4, len:4
01-18 12:57:44.204 D/bt_btif ( 1465): Remote device:28:e3:47:a8:78:04, no link key or ble key found
01-18 12:57:44.204 D/bt_btif ( 1465): in, bd addr:28:e3:47:a8:78:04, prop type:5, len:4
01-18 12:57:44.204 D/bt_btif ( 1465): Remote device:28:e3:47:a8:78:04, no link key or ble key found
01-18 12:57:44.204 D/bt_btif ( 1465): in, bd addr:28:e3:47:a8:78:04, prop type:12, len:12
01-18 12:57:44.204 D/bt_btif ( 1465): Remote device:28:e3:47:a8:78:04, no link key or ble key found
01-18 12:57:44.204 I/bt_btif ( 1465): HAL bt_hal_cbacks->device_found_cb
01-18 12:57:44.239 I/bt_hci  ( 1465): BLE HCI(id=62) event = 0x02)
01-18 12:57:44.239 I/bt_hci  ( 1465): btu_ble_process_adv_pkt
01-18 12:57:44.239 I/bt_btm  ( 1465): btm_identity_addr_to_random_pseudo
01-18 12:57:44.239 D/bt_btm  ( 1465): btm_ble_process_adv_pkt:bda= 7c:b1:5d:5:33:76
01-18 12:57:44.239 I/bt_btm  ( 1465): btm_ble_resolve_random_addr
01-18 12:57:44.239 I/bt_btm  ( 1465): btm_ble_resolve_random_addr:  not resolved
01-18 12:57:44.239 I/bt_btm  ( 1465): btm_ble_resolve_random_addr_on_adv 
01-18 12:57:44.239 D/bt_btm  ( 1465): LE device already in database
01-18 12:57:44.239 I/bt_btm  ( 1465): BTM_CheckAdvData: type=0x01
01-18 12:57:44.239 I/bt_btm  ( 1465): BTM_CheckAdvData: type=0x19
01-18 12:57:44.239 I/bt_btm  ( 1465): BTM_CheckAdvData: type=0x03
01-18 12:57:44.239 D/bt_btm  ( 1465): BR/EDR NOT SUPPORT bit set, LE only device
01-18 12:57:44.239 I/bt_btm  ( 1465): BTM_CheckAdvData: type=0x01
01-18 12:57:44.239 D/bt_btm  ( 1465): Find Generable Discoverable device
01-18 12:57:44.239 I/bt_btm  ( 1465): BTM_InqDbRead: bd addr [7cb15d053376]
01-18 12:57:44.239 D/bt_btif ( 1465): bte_search_devices_evt event=BTA_DM_INQ_RES_EVT param_len=524
01-18 12:57:44.239 I/bt_btm  ( 1465): BTM_CheckEirData type=0x09
01-18 12:57:44.239 I/bt_btm  ( 1465): BTM_CheckEirData type=0x08
01-18 12:57:44.239 D/bt_btif ( 1465): btif_transfer_context event 0, len 524
01-18 12:57:44.239 D/bt_btif ( 1465): search_devices_copy_cb: event=BTA_DM_INQ_RES_EVT
01-18 12:57:44.240 I/bt_hci  ( 1465): BLE HCI(id=62) event = 0x02)
01-18 12:57:44.240 I/bt_hci  ( 1465): btu_ble_process_adv_pkt
01-18 12:57:44.240 I/bt_btm  ( 1465): btm_identity_addr_to_random_pseudo
01-18 12:57:44.240 D/bt_btm  ( 1465): btm_ble_process_adv_pkt:bda= 7c:b1:5d:5:33:76
01-18 12:57:44.240 I/bt_btm  ( 1465): btm_ble_resolve_random_addr
01-18 12:57:44.240 I/bt_btm  ( 1465): btm_ble_resolve_random_addr:  not resolved
01-18 12:57:44.240 I/bt_btm  ( 1465): btm_ble_resolve_random_addr_on_adv 
01-18 12:57:44.240 D/bt_btm  ( 1465): LE device already in database
01-18 12:57:44.240 I/bt_btm  ( 1465): BTM_CheckAdvData: type=0x01
01-18 12:57:44.240 I/bt_btm  ( 1465): BTM_CheckAdvData: type=0x19
01-18 12:57:44.240 I/bt_btm  ( 1465): BTM_CheckAdvData: type=0x03
01-18 12:57:44.240 D/bt_btm  ( 1465): BR/EDR NOT SUPPORT bit set, LE only device
01-18 12:57:44.240 I/bt_btm  ( 1465): BTM_CheckAdvData: type=0x01
01-18 12:57:44.240 D/bt_btm  ( 1465): Find Generable Discoverable device
01-18 12:57:44.241 I/bt_btm  ( 1465): BTM_InqDbRead: bd addr [7cb15d053376]
01-18 12:57:44.241 D/bt_btif ( 1465): bte_search_devices_evt event=BTA_DM_INQ_RES_EVT param_len=524
01-18 12:57:44.241 I/bt_btm  ( 1465): BTM_CheckEirData type=0x09
01-18 12:57:44.241 D/bt_btif ( 1465): btif_transfer_context event 0, len 524
01-18 12:57:44.241 D/bt_btif ( 1465): search_devices_copy_cb: event=BTA_DM_INQ_RES_EVT
01-18 12:57:44.274 E/ActivityManager(  552): Sending non-protected broadcast rk.bluetooth.device.action.FOUND from system 1465:com.android.bluetooth/1002 pkg com.android.bluetooth
01-18 12:57:44.274 E/ActivityManager(  552): java.lang.Throwable
01-18 12:57:44.274 E/ActivityManager(  552): 	at com.android.server.am.ActivityManagerService.checkBroadcastFromSystem(ActivityManagerService.java:18132)
01-18 12:57:44.274 E/ActivityManager(  552): 	at com.android.server.am.ActivityManagerService.broadcastIntentLocked(ActivityManagerService.java:18704)
01-18 12:57:44.274 E/ActivityManager(  552): 	at com.android.server.am.ActivityManagerService.broadcastIntent(ActivityManagerService.java:18795)
01-18 12:57:44.274 E/ActivityManager(  552): 	at android.app.ActivityManagerNative.onTransact(ActivityManagerNative.java:499)
01-18 12:57:44.274 E/ActivityManager(  552): 	at com.android.server.am.ActivityManagerService.onTransact(ActivityManagerService.java:2909)
01-18 12:57:44.274 E/ActivityManager(  552): 	at android.os.Binder.execTransact(Binder.java:565)
01-18 12:57:44.275 D/bt_btif ( 1465): btif task fetched event a001
01-18 12:57:44.275 D/bt_btif ( 1465): btif_context_switched
01-18 12:57:44.275 I/bt_btif ( 1465): btif_dm_search_devices_evt event=BTA_DM_INQ_RES_EVT
01-18 12:57:44.276 D/bt_btif ( 1465): btif_dm_search_devices_evt() 7c:b1:5d:05:33:76 device_type = 0x2
01-18 12:57:44.276 D/bt_btif_dm( 1465): btif_dm_search_devices_evt cod is 0, set as unclassified
01-18 12:57:44.276 I/bt_btm  ( 1465): BTM_CheckEirData type=0x09
01-18 12:57:44.276 I/bt_btm  ( 1465): BTM_CheckEirData type=0x08
01-18 12:57:44.276 D/bt_btif ( 1465): in, bd addr:7c:b1:5d:05:33:76, prop type:1, len:249
01-18 12:57:44.276 I/bt_btm  ( 1465): BTM_CheckEirData type=0x03
01-18 12:57:44.276 D/bt_btm  ( 1465): BTM_GetEirUuidList type = 03, number of uuid = 1
01-18 12:57:44.276 D/bt_btm  ( 1465):                      0xFEE7
01-18 12:57:44.276 D/bt_btif ( 1465): btif_dm_search_devices_evt()EIR BTA services = 00000000
01-18 12:57:44.276 I/bt_btm  ( 1465): BTM_CheckEirData type=0xFF
01-18 12:57:44.276 D/bt_btif ( 1465): btif_dm_search_devices_evt manufacturer = 0x027d
01-18 12:57:44.276 D/bt_btif_config( 1465): btif_get_device_type: Device [7c:b1:5d:05:33:76] type 2
01-18 12:57:44.276 D/bt_btif ( 1465): in, bd addr:7c:b1:5d:05:33:76, prop type:255, len:6
01-18 12:57:44.276 D/bt_btif ( 1465): btif_in_fetch_bonded_ble_device Found a LE device: 7c:b1:5d:05:33:76
01-18 12:57:44.276 D/bt_btif ( 1465): Remote device:7c:b1:5d:05:33:76, no link key or ble key found
01-18 12:57:44.276 D/bt_btif ( 1465): in, bd addr:7c:b1:5d:05:33:76, prop type:1, len:14
01-18 12:57:44.276 D/bt_btif ( 1465): btif_in_fetch_bonded_ble_device Found a LE device: 7c:b1:5d:05:33:76
01-18 12:57:44.276 D/bt_btif ( 1465): Remote device:7c:b1:5d:05:33:76, no link key or ble key found
01-18 12:57:44.276 D/bt_btif ( 1465): in, bd addr:7c:b1:5d:05:33:76, prop type:4, len:4
01-18 12:57:44.276 D/bt_btif ( 1465): btif_in_fetch_bonded_ble_device Found a LE device: 7c:b1:5d:05:33:76
01-18 12:57:44.277 D/bt_btif ( 1465): Remote device:7c:b1:5d:05:33:76, no link key or ble key found
01-18 12:57:44.277 D/bt_btif ( 1465): in, bd addr:7c:b1:5d:05:33:76, prop type:5, len:4
01-18 12:57:44.277 D/bt_btif ( 1465): btif_in_fetch_bonded_ble_device Found a LE device: 7c:b1:5d:05:33:76
01-18 12:57:44.277 D/bt_btif ( 1465): Remote device:7c:b1:5d:05:33:76, no link key or ble key found
01-18 12:57:44.277 D/bt_btif ( 1465): in, bd addr:7c:b1:5d:05:33:76, prop type:12, len:12
01-18 12:57:44.277 D/bt_btif ( 1465): btif_in_fetch_bonded_ble_device Found a LE device: 7c:b1:5d:05:33:76
01-18 12:57:44.277 D/bt_btif ( 1465): Remote device:7c:b1:5d:05:33:76, no link key or ble key found
01-18 12:57:44.277 I/bt_btif ( 1465): HAL bt_hal_cbacks->device_found_cb
01-18 12:57:44.284 E/ActivityManager(  552): Sending non-protected broadcast rk.bluetooth.device.action.FOUND from system 1465:com.android.bluetooth/1002 pkg com.android.bluetooth
01-18 12:57:44.284 E/ActivityManager(  552): java.lang.Throwable
01-18 12:57:44.284 E/ActivityManager(  552): 	at com.android.server.am.ActivityManagerService.checkBroadcastFromSystem(ActivityManagerService.java:18132)
01-18 12:57:44.284 E/ActivityManager(  552): 	at com.android.server.am.ActivityManagerService.broadcastIntentLocked(ActivityManagerService.java:18704)
01-18 12:57:44.284 E/ActivityManager(  552): 	at com.android.server.am.ActivityManagerService.broadcastIntent(ActivityManagerService.java:18795)
01-18 12:57:44.284 E/ActivityManager(  552): 	at android.app.ActivityManagerNative.onTransact(ActivityManagerNative.java:499)
01-18 12:57:44.284 E/ActivityManager(  552): 	at com.android.server.am.ActivityManagerService.onTransact(ActivityManagerService.java:2909)
01-18 12:57:44.284 E/ActivityManager(  552): 	at android.os.Binder.execTransact(Binder.java:565)
01-18 12:57:44.286 D/bt_btif ( 1465): btif task fetched event a001
01-18 12:57:44.286 D/bt_btif ( 1465): btif_context_switched
01-18 12:57:44.286 I/bt_btif ( 1465): btif_dm_search_devices_evt event=BTA_DM_INQ_RES_EVT
01-18 12:57:44.286 D/bt_btif ( 1465): btif_dm_search_devices_evt() 7c:b1:5d:05:33:76 device_type = 0x2
01-18 12:57:44.286 D/bt_btif_dm( 1465): btif_dm_search_devices_evt cod is 0, set as unclassified
01-18 12:57:44.286 I/bt_btm  ( 1465): BTM_CheckEirData type=0x09
01-18 12:57:44.286 I/bt_btm  ( 1465): BTM_CheckEirData type=0x03
01-18 12:57:44.286 D/bt_btm  ( 1465): BTM_GetEirUuidList type = 03, number of uuid = 1
01-18 12:57:44.286 D/bt_btm  ( 1465):                      0xFEE7
01-18 12:57:44.286 D/bt_btif ( 1465): btif_dm_search_devices_evt()EIR BTA services = 00000000
01-18 12:57:44.286 I/bt_btm  ( 1465): BTM_CheckEirData type=0xFF
01-18 12:57:44.286 D/bt_btif ( 1465): btif_dm_search_devices_evt manufacturer = 0x027d
01-18 12:57:44.286 D/bt_btif_config( 1465): btif_get_device_type: Device [7c:b1:5d:05:33:76] type 2
01-18 12:57:44.286 D/bt_btif ( 1465): in, bd addr:7c:b1:5d:05:33:76, prop type:255, len:6
01-18 12:57:44.286 D/bt_btif ( 1465): btif_in_fetch_bonded_ble_device Found a LE device: 7c:b1:5d:05:33:76
01-18 12:57:44.287 D/bt_btif ( 1465): Remote device:7c:b1:5d:05:33:76, no link key or ble key found
01-18 12:57:44.287 D/bt_btif ( 1465): in, bd addr:7c:b1:5d:05:33:76, prop type:1, len:14
01-18 12:57:44.287 D/bt_btif ( 1465): btif_in_fetch_bonded_ble_device Found a LE device: 7c:b1:5d:05:33:76
01-18 12:57:44.287 D/bt_btif ( 1465): Remote device:7c:b1:5d:05:33:76, no link key or ble key found
01-18 12:57:44.287 D/bt_btif ( 1465): in, bd addr:7c:b1:5d:05:33:76, prop type:4, len:4
01-18 12:57:44.287 D/bt_btif ( 1465): btif_in_fetch_bonded_ble_device Found a LE device: 7c:b1:5d:05:33:76
01-18 12:57:44.287 D/bt_btif ( 1465): Remote device:7c:b1:5d:05:33:76, no link key or ble key found
01-18 12:57:44.287 D/bt_btif ( 1465): in, bd addr:7c:b1:5d:05:33:76, prop type:5, len:4
01-18 12:57:44.287 D/bt_btif ( 1465): btif_in_fetch_bonded_ble_device Found a LE device: 7c:b1:5d:05:33:76
01-18 12:57:44.287 D/bt_btif ( 1465): Remote device:7c:b1:5d:05:33:76, no link key or ble key found
01-18 12:57:44.287 D/bt_btif ( 1465): in, bd addr:7c:b1:5d:05:33:76, prop type:12, len:12
01-18 12:57:44.287 D/bt_btif ( 1465): btif_in_fetch_bonded_ble_device Found a LE device: 7c:b1:5d:05:33:76
01-18 12:57:44.287 D/bt_btif ( 1465): Remote device:7c:b1:5d:05:33:76, no link key or ble key found
01-18 12:57:44.287 I/bt_btif ( 1465): HAL bt_hal_cbacks->device_found_cb
01-18 12:57:44.298 E/ActivityManager(  552): Sending non-protected broadcast rk.bluetooth.device.action.FOUND from system 1465:com.android.bluetooth/1002 pkg com.android.bluetooth
01-18 12:57:44.298 E/ActivityManager(  552): java.lang.Throwable
01-18 12:57:44.298 E/ActivityManager(  552): 	at com.android.server.am.ActivityManagerService.checkBroadcastFromSystem(ActivityManagerService.java:18132)
01-18 12:57:44.298 E/ActivityManager(  552): 	at com.android.server.am.ActivityManagerService.broadcastIntentLocked(ActivityManagerService.java:18704)
01-18 12:57:44.298 E/ActivityManager(  552): 	at com.android.server.am.ActivityManagerService.broadcastIntent(ActivityManagerService.java:18795)
01-18 12:57:44.298 E/ActivityManager(  552): 	at android.app.ActivityManagerNative.onTransact(ActivityManagerNative.java:499)
01-18 12:57:44.298 E/ActivityManager(  552): 	at com.android.server.am.ActivityManagerService.onTransact(ActivityManagerService.java:2909)
01-18 12:57:44.298 E/ActivityManager(  552): 	at android.os.Binder.execTransact(Binder.java:565)
01-18 12:57:44.786 I/bt_hci  ( 1465): BLE HCI(id=62) event = 0x02)
01-18 12:57:44.786 I/bt_hci  ( 1465): btu_ble_process_adv_pkt
01-18 12:57:44.786 I/bt_btm  ( 1465): btm_identity_addr_to_random_pseudo
01-18 12:57:44.786 D/bt_btm  ( 1465): btm_ble_process_adv_pkt:bda= 7c:b1:5d:5:33:76
01-18 12:57:44.787 I/bt_btm  ( 1465): btm_ble_resolve_random_addr
01-18 12:57:44.787 I/bt_btm  ( 1465): btm_ble_resolve_random_addr:  not resolved
01-18 12:57:44.787 I/bt_btm  ( 1465): btm_ble_resolve_random_addr_on_adv 
01-18 12:57:44.787 D/bt_btm  ( 1465): LE device already in database
01-18 12:57:44.787 I/bt_btm  ( 1465): BTM_CheckAdvData: type=0x01
01-18 12:57:44.787 I/bt_btm  ( 1465): BTM_CheckAdvData: type=0x19
01-18 12:57:44.787 I/bt_btm  ( 1465): BTM_CheckAdvData: type=0x03
01-18 12:57:44.787 D/bt_btm  ( 1465): BR/EDR NOT SUPPORT bit set, LE only device
01-18 12:57:44.787 I/bt_btm  ( 1465): BTM_CheckAdvData: type=0x01
01-18 12:57:44.787 D/bt_btm  ( 1465): Find Generable Discoverable device
01-18 12:57:44.787 I/bt_btm  ( 1465): BTM_InqDbRead: bd addr [7cb15d053376]
01-18 12:57:44.787 D/bt_btif ( 1465): bte_search_devices_evt event=BTA_DM_INQ_RES_EVT param_len=524
01-18 12:57:44.787 I/bt_btm  ( 1465): BTM_CheckEirData type=0x09
01-18 12:57:44.788 I/bt_btm  ( 1465): BTM_CheckEirData type=0x08
01-18 12:57:44.788 D/bt_btif ( 1465): btif_transfer_context event 0, len 524
01-18 12:57:44.788 D/bt_btif ( 1465): search_devices_copy_cb: event=BTA_DM_INQ_RES_EVT
01-18 12:57:44.788 D/bt_btif ( 1465): btif task fetched event a001
01-18 12:57:44.788 D/bt_btif ( 1465): btif_context_switched
01-18 12:57:44.788 I/bt_btif ( 1465): btif_dm_search_devices_evt event=BTA_DM_INQ_RES_EVT
01-18 12:57:44.788 D/bt_btif ( 1465): btif_dm_search_devices_evt() 7c:b1:5d:05:33:76 device_type = 0x2
01-18 12:57:44.788 D/bt_btif_dm( 1465): btif_dm_search_devices_evt cod is 0, set as unclassified
01-18 12:57:44.789 I/bt_btm  ( 1465): BTM_CheckEirData type=0x09
01-18 12:57:44.789 I/bt_btm  ( 1465): BTM_CheckEirData type=0x08
01-18 12:57:44.789 D/bt_btif ( 1465): in, bd addr:7c:b1:5d:05:33:76, prop type:1, len:249
01-18 12:57:44.789 I/bt_btm  ( 1465): BTM_CheckEirData type=0x03
01-18 12:57:44.789 D/bt_btm  ( 1465): BTM_GetEirUuidList type = 03, number of uuid = 1
01-18 12:57:44.789 D/bt_btm  ( 1465):                      0xFEE7
01-18 12:57:44.789 D/bt_btif ( 1465): btif_dm_search_devices_evt()EIR BTA services = 00000000
01-18 12:57:44.789 I/bt_btm  ( 1465): BTM_CheckEirData type=0xFF
01-18 12:57:44.789 D/bt_btif ( 1465): btif_dm_search_devices_evt manufacturer = 0x027d
01-18 12:57:44.789 D/bt_btif_config( 1465): btif_get_device_type: Device [7c:b1:5d:05:33:76] type 2
01-18 12:57:44.789 D/bt_btif ( 1465): in, bd addr:7c:b1:5d:05:33:76, prop type:255, len:6
01-18 12:57:44.790 D/bt_btif ( 1465): btif_in_fetch_bonded_ble_device Found a LE device: 7c:b1:5d:05:33:76
01-18 12:57:44.790 D/bt_btif ( 1465): Remote device:7c:b1:5d:05:33:76, no link key or ble key found
01-18 12:57:44.790 D/bt_btif ( 1465): in, bd addr:7c:b1:5d:05:33:76, prop type:1, len:14
01-18 12:57:44.790 D/bt_btif ( 1465): btif_in_fetch_bonded_ble_device Found a LE device: 7c:b1:5d:05:33:76
01-18 12:57:44.790 D/bt_btif ( 1465): Remote device:7c:b1:5d:05:33:76, no link key or ble key found
01-18 12:57:44.790 I/bt_hci  ( 1465): BLE HCI(id=62) event = 0x02)
01-18 12:57:44.791 I/bt_hci  ( 1465): btu_ble_process_adv_pkt
01-18 12:57:44.791 I/bt_btm  ( 1465): btm_identity_addr_to_random_pseudo
01-18 12:57:44.791 D/bt_btm  ( 1465): btm_ble_process_adv_pkt:bda= 7c:b1:5d:5:33:76
01-18 12:57:44.791 I/bt_btm  ( 1465): btm_ble_resolve_random_addr
01-18 12:57:44.791 I/bt_btm  ( 1465): btm_ble_resolve_random_addr:  not resolved
01-18 12:57:44.791 I/bt_btm  ( 1465): btm_ble_resolve_random_addr_on_adv 
01-18 12:57:44.791 D/bt_btm  ( 1465): LE device already in database
01-18 12:57:44.791 D/bt_btif ( 1465): BTM_CheckAdvData1:5d:05:33:76, prop type:4, len:4
01-18 12:57:44.791 I/bt_btm  ( 1465): BTM_CheckAdvData: type=0x01
01-18 12:57:44.791 I/bt_btm  ( 1465): BTM_CheckAdvData: type=0x19
01-18 12:57:44.791 D/bt_btif ( 1465): btif_in_fetch_bonded_ble_device Found a LE device: 7c:b1:5d:05:33:76
01-18 12:57:44.791 I/bt_btm  ( 1465): BTM_CheckAdvData: type=0x03
01-18 12:57:44.791 D/bt_btm  ( 1465): BR/EDR NOT SUPPORT bit set, LE only device
01-18 12:57:44.791 I/bt_btm  ( 1465): BTM_CheckAdvData: type=0x01
01-18 12:57:44.791 D/bt_btm  ( 1465): Find Generable Discoverable device
01-18 12:57:44.791 D/bt_btif ( 1465): Find Generable Discoverable dev, no link key or ble key found
01-18 12:57:44.792 I/bt_btm  ( 1465): BTM_InqDbRead: bd addr [7cb15d053376]
01-18 12:57:44.792 D/bt_btif ( 1465): in, bd addr:7c:b1:5d:05:33:76, prop type:5, len:4
01-18 12:57:44.792 D/bt_btif ( 1465): bte_search_devices_evt event=BTA_DM_INQ_RES_EVT param_len=524
01-18 12:57:44.792 D/bt_btif ( 1465): BTM_CheckEirData type=0x09
01-18 12:57:44.792 I/bt_btm  ( 1465): BTM_CheckEirData type=0x09
01-18 12:57:44.792 D/bt_btif ( 1465): btif_transfer_context event 0, len 524
01-18 12:57:44.792 D/bt_btif ( 1465): search_devices_copy_cb: event=BTA_DM_INQ_RES_EVT
01-18 12:57:44.792 D/bt_btif ( 1465): Remote device:7c:b1:5d:05:33:76, no link key or ble key found
01-18 12:57:44.792 D/bt_btif ( 1465): in, bd addr:7c:b1:5d:05:33:76, prop type:12, len:12
01-18 12:57:44.792 D/bt_btif ( 1465): btif_in_fetch_bonded_ble_device Found a LE device: 7c:b1:5d:05:33:76
01-18 12:57:44.793 D/bt_btif ( 1465): Remote device:7c:b1:5d:05:33:76, no link key or ble key found
01-18 12:57:44.793 I/bt_btif ( 1465): HAL bt_hal_cbacks->device_found_cb
01-18 12:57:44.817 E/ActivityManager(  552): Sending non-protected broadcast rk.bluetooth.device.action.FOUND from system 1465:com.android.bluetooth/1002 pkg com.android.bluetooth
01-18 12:57:44.817 E/ActivityManager(  552): java.lang.Throwable
01-18 12:57:44.817 E/ActivityManager(  552): 	at com.android.server.am.ActivityManagerService.checkBroadcastFromSystem(ActivityManagerService.java:18132)
01-18 12:57:44.817 E/ActivityManager(  552): 	at com.android.server.am.ActivityManagerService.broadcastIntentLocked(ActivityManagerService.java:18704)
01-18 12:57:44.817 E/ActivityManager(  552): 	at com.android.server.am.ActivityManagerService.broadcastIntent(ActivityManagerService.java:18795)
01-18 12:57:44.817 E/ActivityManager(  552): 	at android.app.ActivityManagerNative.onTransact(ActivityManagerNative.java:499)
01-18 12:57:44.817 E/ActivityManager(  552): 	at com.android.server.am.ActivityManagerService.onTransact(ActivityManagerService.java:2909)
01-18 12:57:44.817 E/ActivityManager(  552): 	at android.os.Binder.execTransact(Binder.java:565)
01-18 12:57:44.819 D/bt_btif ( 1465): btif task fetched event a001
01-18 12:57:44.819 D/bt_btif ( 1465): btif_context_switched
01-18 12:57:44.819 I/bt_btif ( 1465): btif_dm_search_devices_evt event=BTA_DM_INQ_RES_EVT
01-18 12:57:44.819 D/bt_btif ( 1465): btif_dm_search_devices_evt() 7c:b1:5d:05:33:76 device_type = 0x2
01-18 12:57:44.819 D/bt_btif_dm( 1465): btif_dm_search_devices_evt cod is 0, set as unclassified
01-18 12:57:44.819 I/bt_btm  ( 1465): BTM_CheckEirData type=0x09
01-18 12:57:44.819 I/bt_btm  ( 1465): BTM_CheckEirData type=0x03
01-18 12:57:44.820 D/bt_btm  ( 1465): BTM_GetEirUuidList type = 03, number of uuid = 1
01-18 12:57:44.820 D/bt_btm  ( 1465):                      0xFEE7
01-18 12:57:44.820 D/bt_btif ( 1465): btif_dm_search_devices_evt()EIR BTA services = 00000000
01-18 12:57:44.820 I/bt_btm  ( 1465): BTM_CheckEirData type=0xFF
01-18 12:57:44.820 D/bt_btif ( 1465): btif_dm_search_devices_evt manufacturer = 0x027d
01-18 12:57:44.820 D/bt_btif_config( 1465): btif_get_device_type: Device [7c:b1:5d:05:33:76] type 2
01-18 12:57:44.820 D/bt_btif ( 1465): in, bd addr:7c:b1:5d:05:33:76, prop type:255, len:6
01-18 12:57:44.820 D/bt_btif ( 1465): btif_in_fetch_bonded_ble_device Found a LE device: 7c:b1:5d:05:33:76
01-18 12:57:44.820 D/bt_btif ( 1465): Remote device:7c:b1:5d:05:33:76, no link key or ble key found
01-18 12:57:44.820 D/bt_btif ( 1465): in, bd addr:7c:b1:5d:05:33:76, prop type:1, len:14
01-18 12:57:44.820 D/bt_btif ( 1465): btif_in_fetch_bonded_ble_device Found a LE device: 7c:b1:5d:05:33:76
01-18 12:57:44.821 D/bt_btif ( 1465): Remote device:7c:b1:5d:05:33:76, no link key or ble key found
01-18 12:57:44.821 D/bt_btif ( 1465): in, bd addr:7c:b1:5d:05:33:76, prop type:4, len:4
01-18 12:57:44.821 D/bt_btif ( 1465): btif_in_fetch_bonded_ble_device Found a LE device: 7c:b1:5d:05:33:76
01-18 12:57:44.821 D/bt_btif ( 1465): Remote device:7c:b1:5d:05:33:76, no link key or ble key found
01-18 12:57:44.821 D/bt_btif ( 1465): in, bd addr:7c:b1:5d:05:33:76, prop type:5, len:4
01-18 12:57:44.821 D/bt_btif ( 1465): btif_in_fetch_bonded_ble_device Found a LE device: 7c:b1:5d:05:33:76
01-18 12:57:44.821 D/bt_btif ( 1465): Remote device:7c:b1:5d:05:33:76, no link key or ble key found
01-18 12:57:44.821 D/bt_btif ( 1465): in, bd addr:7c:b1:5d:05:33:76, prop type:12, len:12
01-18 12:57:44.821 D/bt_btif ( 1465): btif_in_fetch_bonded_ble_device Found a LE device: 7c:b1:5d:05:33:76
01-18 12:57:44.821 D/bt_btif ( 1465): Remote device:7c:b1:5d:05:33:76, no link key or ble key found
01-18 12:57:44.822 I/bt_btif ( 1465): HAL bt_hal_cbacks->device_found_cb
01-18 12:57:44.834 E/ActivityManager(  552): Sending non-protected broadcast rk.bluetooth.device.action.FOUND from system 1465:com.android.bluetooth/1002 pkg com.android.bluetooth
01-18 12:57:44.834 E/ActivityManager(  552): java.lang.Throwable
01-18 12:57:44.834 E/ActivityManager(  552): 	at com.android.server.am.ActivityManagerService.checkBroadcastFromSystem(ActivityManagerService.java:18132)
01-18 12:57:44.834 E/ActivityManager(  552): 	at com.android.server.am.ActivityManagerService.broadcastIntentLocked(ActivityManagerService.java:18704)
01-18 12:57:44.834 E/ActivityManager(  552): 	at com.android.server.am.ActivityManagerService.broadcastIntent(ActivityManagerService.java:18795)
01-18 12:57:44.834 E/ActivityManager(  552): 	at android.app.ActivityManagerNative.onTransact(ActivityManagerNative.java:499)
01-18 12:57:44.834 E/ActivityManager(  552): 	at com.android.server.am.ActivityManagerService.onTransact(ActivityManagerService.java:2909)
01-18 12:57:44.834 E/ActivityManager(  552): 	at android.os.Binder.execTransact(Binder.java:565)
01-18 12:57:44.841 D/bt_btm  ( 1465): update RSSI new:-60, old:-50
01-18 12:57:44.841 I/bt_btm  ( 1465): BTM_CheckEirData type=0x03
01-18 12:57:44.842 I/bt_btm  ( 1465): BTM_CheckEirData type=0x02
01-18 12:57:44.842 I/bt_btm  ( 1465): btm_set_eir_uuid eir_complete_list=0x00
01-18 12:57:44.842 I/bt_btm  ( 1465): BTM_CheckEirData type=0x05
01-18 12:57:44.842 I/bt_btm  ( 1465): BTM_CheckEirData type=0x04
01-18 12:57:44.842 I/bt_btm  ( 1465): BTM_CheckEirData type=0x07
01-18 12:57:44.842 I/bt_btm  ( 1465): BTM_CheckEirData type=0x06
01-18 12:57:44.842 I/bt_btm  ( 1465): BTM_InqDbRead: bd addr [28faa08a539b]
01-18 12:57:44.842 D/bt_btif ( 1465): bte_search_devices_evt event=BTA_DM_INQ_RES_EVT param_len=524
01-18 12:57:44.842 I/bt_btm  ( 1465): BTM_CheckEirData type=0x09
01-18 12:57:44.842 I/bt_btm  ( 1465): BTM_CheckEirData type=0x08
01-18 12:57:44.842 D/bt_btif ( 1465): btif_transfer_context event 0, len 524
01-18 12:57:44.842 D/bt_btif ( 1465): search_devices_copy_cb: event=BTA_DM_INQ_RES_EVT
01-18 12:57:44.842 D/bt_btif ( 1465): btif task fetched event a001
01-18 12:57:44.842 D/bt_btif ( 1465): btif_context_switched
01-18 12:57:44.842 I/bt_btif ( 1465): btif_dm_search_devices_evt event=BTA_DM_INQ_RES_EVT
01-18 12:57:44.842 D/bt_btif ( 1465): btif_dm_search_devices_evt() 28:fa:a0:8a:53:9b device_type = 0x1
01-18 12:57:44.842 I/bt_btm  ( 1465): BTM_CheckEirData type=0x09
01-18 12:57:44.843 I/bt_btm  ( 1465): BTM_CheckEirData type=0x08
01-18 12:57:44.843 D/bt_btif ( 1465): in, bd addr:28:fa:a0:8a:53:9b, prop type:1, len:249
01-18 12:57:44.843 I/bt_btm  ( 1465): BTM_CheckEirData type=0x03
01-18 12:57:44.843 I/bt_btm  ( 1465): BTM_CheckEirData type=0x02
01-18 12:57:44.843 D/bt_btif ( 1465): btif_dm_search_devices_evt()EIR BTA services = 00000000
01-18 12:57:44.843 D/bt_btif_config( 1465): btif_get_device_type: Device [28:fa:a0:8a:53:9b] type 1
01-18 12:57:44.843 D/bt_btif ( 1465): in, bd addr:28:fa:a0:8a:53:9b, prop type:255, len:6
01-18 12:57:44.843 D/bt_btif ( 1465): Remote device:28:fa:a0:8a:53:9b, no link key or ble key found
01-18 12:57:44.843 D/bt_btif ( 1465): in, bd addr:28:fa:a0:8a:53:9b, prop type:4, len:4
01-18 12:57:44.844 D/bt_btif ( 1465): Remote device:28:fa:a0:8a:53:9b, no link key or ble key found
01-18 12:57:44.844 D/bt_btif ( 1465): in, bd addr:28:fa:a0:8a:53:9b, prop type:5, len:4
01-18 12:57:44.844 D/bt_btif ( 1465): Remote device:28:fa:a0:8a:53:9b, no link key or ble key found
01-18 12:57:44.844 D/bt_btif ( 1465): in, bd addr:28:fa:a0:8a:53:9b, prop type:12, len:12
01-18 12:57:44.844 D/bt_btif ( 1465): Remote device:28:fa:a0:8a:53:9b, no link key or ble key found
01-18 12:57:44.844 I/bt_btif ( 1465): HAL bt_hal_cbacks->device_found_cb
01-18 12:57:44.846 I/bt_btm  ( 1465): btm_ble_stop_scan 
01-18 12:57:44.846 I/bt_btm  ( 1465): btm_update_scanner_filter_policy
01-18 12:57:44.846 D/bt_btm  ( 1465): BTM Inq Compl Callback: status 0x00, num results 26
01-18 12:57:44.846 D/bt_btm  ( 1465): btm_acl_update_busy_level
01-18 12:57:44.846 D/bt_btm  ( 1465): BTM_BLI_INQ_DONE_EVT
01-18 12:57:44.846 I/bt_btif ( 1465): BTA got event 0x104
01-18 12:57:44.846 I/bt_btif ( 1465): bta_dm_sm_execute event:0x4
01-18 12:57:44.847 D/bt_btif ( 1465): btif_transfer_context event 8, len 280
01-18 12:57:44.852 E/ActivityManager(  552): Sending non-protected broadcast rk.bluetooth.device.action.FOUND from system 1465:com.android.bluetooth/1002 pkg com.android.bluetooth
01-18 12:57:44.852 E/ActivityManager(  552): java.lang.Throwable
01-18 12:57:44.852 E/ActivityManager(  552): 	at com.android.server.am.ActivityManagerService.checkBroadcastFromSystem(ActivityManagerService.java:18132)
01-18 12:57:44.852 E/ActivityManager(  552): 	at com.android.server.am.ActivityManagerService.broadcastIntentLocked(ActivityManagerService.java:18704)
01-18 12:57:44.852 E/ActivityManager(  552): 	at com.android.server.am.ActivityManagerService.broadcastIntent(ActivityManagerService.java:18795)
01-18 12:57:44.852 E/ActivityManager(  552): 	at android.app.ActivityManagerNative.onTransact(ActivityManagerNative.java:499)
